Component: ARM Compiler 5.06 update 6 (build 750) Tool: armlink [4d35ed]

==============================================================================

Section Cross References

    startup_stm32f334x8.o(STACK) refers (Special) to heapauxi.o(.text) for __use_two_region_memory
    startup_stm32f334x8.o(HEAP) refers (Special) to heapauxi.o(.text) for __use_two_region_memory
    startup_stm32f334x8.o(RESET) refers (Special) to heapauxi.o(.text) for __use_two_region_memory
    startup_stm32f334x8.o(RESET) refers to startup_stm32f334x8.o(STACK) for __initial_sp
    startup_stm32f334x8.o(RESET) refers to startup_stm32f334x8.o(.text) for Reset_Handler
    startup_stm32f334x8.o(RESET) refers to stm32f3xx_it.o(i.NMI_Handler) for NMI_Handler
    startup_stm32f334x8.o(RESET) refers to stm32f3xx_it.o(i.HardFault_Handler) for HardFault_Handler
    startup_stm32f334x8.o(RESET) refers to stm32f3xx_it.o(i.MemManage_Handler) for MemManage_Handler
    startup_stm32f334x8.o(RESET) refers to stm32f3xx_it.o(i.BusFault_Handler) for BusFault_Handler
    startup_stm32f334x8.o(RESET) refers to stm32f3xx_it.o(i.UsageFault_Handler) for UsageFault_Handler
    startup_stm32f334x8.o(RESET) refers to stm32f3xx_it.o(i.SVC_Handler) for SVC_Handler
    startup_stm32f334x8.o(RESET) refers to stm32f3xx_it.o(i.DebugMon_Handler) for DebugMon_Handler
    startup_stm32f334x8.o(RESET) refers to stm32f3xx_it.o(i.PendSV_Handler) for PendSV_Handler
    startup_stm32f334x8.o(RESET) refers to stm32f3xx_it.o(i.SysTick_Handler) for SysTick_Handler
    startup_stm32f334x8.o(RESET) refers to stm32f3xx_it.o(i.TIM1_UP_TIM16_IRQHandler) for TIM1_UP_TIM16_IRQHandler
    startup_stm32f334x8.o(RESET) refers to stm32f3xx_it.o(i.EXTI15_10_IRQHandler) for EXTI15_10_IRQHandler
    startup_stm32f334x8.o(.text) refers (Special) to heapauxi.o(.text) for __use_two_region_memory
    startup_stm32f334x8.o(.text) refers to system_stm32f3xx.o(i.SystemInit) for SystemInit
    startup_stm32f334x8.o(.text) refers to __main.o(!!!main) for __main
    startup_stm32f334x8.o(.text) refers to startup_stm32f334x8.o(HEAP) for Heap_Mem
    startup_stm32f334x8.o(.text) refers to startup_stm32f334x8.o(STACK) for Stack_Mem
    nrf24.o(i.DelayMicro) refers to system_stm32f3xx.o(.data) for SystemCoreClock
    nrf24.o(i.HAL_GPIO_EXTI_Callback) refers to nrf24.o(i.TIM_ResetCounter) for TIM_ResetCounter
    nrf24.o(i.HAL_GPIO_EXTI_Callback) refers to nrf24.o(i.DelayMicro) for DelayMicro
    nrf24.o(i.HAL_GPIO_EXTI_Callback) refers to stm32f3xx_hal_gpio.o(i.HAL_GPIO_ReadPin) for HAL_GPIO_ReadPin
    nrf24.o(i.HAL_GPIO_EXTI_Callback) refers to nrf24.o(i.NRF24L01_Receive) for NRF24L01_Receive
    nrf24.o(i.HAL_GPIO_EXTI_Callback) refers to stm32f3xx_hal_gpio.o(i.HAL_GPIO_WritePin) for HAL_GPIO_WritePin
    nrf24.o(i.HAL_GPIO_EXTI_Callback) refers to main.o(.data) for receive
    nrf24.o(i.NRF24L01_RX_Mode) refers to nrf24.o(i.NRF24_ReadReg) for NRF24_ReadReg
    nrf24.o(i.NRF24L01_RX_Mode) refers to nrf24.o(i.NRF24_WriteReg) for NRF24_WriteReg
    nrf24.o(i.NRF24L01_RX_Mode) refers to stm32f3xx_hal_gpio.o(i.HAL_GPIO_WritePin) for HAL_GPIO_WritePin
    nrf24.o(i.NRF24L01_RX_Mode) refers to nrf24.o(i.DelayMicro) for DelayMicro
    nrf24.o(i.NRF24L01_RX_Mode) refers to nrf24.o(i.NRF24_FlushRX) for NRF24_FlushRX
    nrf24.o(i.NRF24L01_RX_Mode) refers to nrf24.o(i.NRF24_FlushTX) for NRF24_FlushTX
    nrf24.o(i.NRF24L01_Receive) refers to nrf24.o(i.NRF24_ReadReg) for NRF24_ReadReg
    nrf24.o(i.NRF24L01_Receive) refers to nrf24.o(i.DelayMicro) for DelayMicro
    nrf24.o(i.NRF24L01_Receive) refers to nrf24.o(i.NRF24_Read_Buf) for NRF24_Read_Buf
    nrf24.o(i.NRF24L01_Receive) refers to nrf24.o(i.NRF24_WriteReg) for NRF24_WriteReg
    nrf24.o(i.NRF24L01_Receive) refers to nrf24.o(.data) for RX_BUF
    nrf24.o(i.NRF24L01_Send) refers to nrf24.o(i.NRF24L01_TX_Mode) for NRF24L01_TX_Mode
    nrf24.o(i.NRF24L01_Send) refers to nrf24.o(i.NRF24_ReadReg) for NRF24_ReadReg
    nrf24.o(i.NRF24L01_Send) refers to nrf24.o(i.NRF24_WriteReg) for NRF24_WriteReg
    nrf24.o(i.NRF24L01_Send) refers to nrf24.o(i.DelayMicro) for DelayMicro
    nrf24.o(i.NRF24L01_Send) refers to nrf24.o(i.NRF24_Transmit) for NRF24_Transmit
    nrf24.o(i.NRF24L01_Send) refers to stm32f3xx_hal_gpio.o(i.HAL_GPIO_WritePin) for HAL_GPIO_WritePin
    nrf24.o(i.NRF24L01_Send) refers to nrf24.o(i.NRF24_FlushTX) for NRF24_FlushTX
    nrf24.o(i.NRF24L01_Send) refers to nrf24.o(i.NRF24L01_RX_Mode) for NRF24L01_RX_Mode
    nrf24.o(i.NRF24L01_TX_Mode) refers to nrf24.o(i.NRF24_Write_Buf) for NRF24_Write_Buf
    nrf24.o(i.NRF24L01_TX_Mode) refers to stm32f3xx_hal_gpio.o(i.HAL_GPIO_WritePin) for HAL_GPIO_WritePin
    nrf24.o(i.NRF24L01_TX_Mode) refers to nrf24.o(i.NRF24_FlushRX) for NRF24_FlushRX
    nrf24.o(i.NRF24L01_TX_Mode) refers to nrf24.o(i.NRF24_FlushTX) for NRF24_FlushTX
    nrf24.o(i.NRF24L01_TX_Mode) refers to nrf24.o(.data) for TX_ADDRESS
    nrf24.o(i.NRF24_FlushRX) refers to stm32f3xx_hal_gpio.o(i.HAL_GPIO_WritePin) for HAL_GPIO_WritePin
[...]
    Removing stm32f3xx_hal_tim.o(i.HAL_TIM_OnePulse_DeInit), (96 bytes).
    Removing stm32f3xx_hal_tim.o(i.HAL_TIM_OnePulse_GetState), (8 bytes).
    Removing stm32f3xx_hal_tim.o(i.HAL_TIM_OnePulse_Init), (102 bytes).
    Removing stm32f3xx_hal_tim.o(i.HAL_TIM_OnePulse_MspDeInit), (2 bytes).
    Removing stm32f3xx_hal_tim.o(i.HAL_TIM_OnePulse_MspInit), (2 bytes).
    Removing stm32f3xx_hal_tim.o(i.HAL_TIM_OnePulse_Start), (164 bytes).
    Removing stm32f3xx_hal_tim.o(i.HAL_TIM_OnePulse_Start_IT), (188 bytes).
    Removing stm32f3xx_hal_tim.o(i.HAL_TIM_OnePulse_Stop), (184 bytes).
    Removing stm32f3xx_hal_tim.o(i.HAL_TIM_OnePulse_Stop_IT), (208 bytes).
    Removing stm32f3xx_hal_tim.o(i.HAL_TIM_PWM_ConfigChannel), (360 bytes).
    Removing stm32f3xx_hal_tim.o(i.HAL_TIM_PWM_DeInit), (128 bytes).
    Removing stm32f3xx_hal_tim.o(i.HAL_TIM_PWM_GetState), (8 bytes).
    Removing stm32f3xx_hal_tim.o(i.HAL_TIM_PWM_Init), (110 bytes).
    Removing stm32f3xx_hal_tim.o(i.HAL_TIM_PWM_MspDeInit), (2 bytes).
    Removing stm32f3xx_hal_tim.o(i.HAL_TIM_PWM_MspInit), (2 bytes).
    Removing stm32f3xx_hal_tim.o(i.HAL_TIM_PWM_PulseFinishedHalfCpltCallback), (2 bytes).
    Removing stm32f3xx_hal_tim.o(i.HAL_TIM_PWM_Start), (300 bytes).
    Removing stm32f3xx_hal_tim.o(i.HAL_TIM_PWM_Start_DMA), (624 bytes).
    Removing stm32f3xx_hal_tim.o(i.HAL_TIM_PWM_Start_IT), (376 bytes).
    Removing stm32f3xx_hal_tim.o(i.HAL_TIM_PWM_Stop), (216 bytes).
    Removing stm32f3xx_hal_tim.o(i.HAL_TIM_PWM_Stop_DMA), (316 bytes).
    Removing stm32f3xx_hal_tim.o(i.HAL_TIM_PWM_Stop_IT), (292 bytes).
    Removing stm32f3xx_hal_tim.o(i.HAL_TIM_PeriodElapsedHalfCpltCallback), (2 bytes).
    Removing stm32f3xx_hal_tim.o(i.HAL_TIM_ReadCapturedValue), (50 bytes).
    Removing stm32f3xx_hal_tim.o(i.HAL_TIM_SlaveConfigSynchro), (108 bytes).
    Removing stm32f3xx_hal_tim.o(i.HAL_TIM_SlaveConfigSynchro_IT), (108 bytes).
    Removing stm32f3xx_hal_tim.o(i.HAL_TIM_TriggerHalfCpltCallback), (2 bytes).
    Removing stm32f3xx_hal_tim.o(i.TIM_CCxChannelCmd), (34 bytes).
    Removing stm32f3xx_hal_tim.o(i.TIM_DMACaptureCplt), (122 bytes).
    Removing stm32f3xx_hal_tim.o(i.TIM_DMACaptureHalfCplt), (64 bytes).
    Removing stm32f3xx_hal_tim.o(i.TIM_DMADelayPulseCplt), (104 bytes).
    Removing stm32f3xx_hal_tim.o(i.TIM_DMADelayPulseHalfCplt), (64 bytes).
    Removing stm32f3xx_hal_tim.o(i.TIM_DMAError), (94 bytes).
    Removing stm32f3xx_hal_tim.o(i.TIM_DMAPeriodElapsedCplt), (26 bytes).
    Removing stm32f3xx_hal_tim.o(i.TIM_DMAPeriodElapsedHalfCplt), (14 bytes).
    Removing stm32f3xx_hal_tim.o(i.TIM_DMATriggerCplt), (26 bytes).
    Removing stm32f3xx_hal_tim.o(i.TIM_DMATriggerHalfCplt), (14 bytes).
    Removing stm32f3xx_hal_tim.o(i.TIM_OC1_SetConfig), (152 bytes).
    Removing stm32f3xx_hal_tim.o(i.TIM_OC2_SetConfig), (164 bytes).
    Removing stm32f3xx_hal_tim.o(i.TIM_OC3_SetConfig), (160 bytes).
    Removing stm32f3xx_hal_tim.o(i.TIM_OC4_SetConfig), (108 bytes).
    Removing stm32f3xx_hal_tim.o(i.TIM_OC5_SetConfig), (100 bytes).
    Removing stm32f3xx_hal_tim.o(i.TIM_OC6_SetConfig), (104 bytes).
    Removing stm32f3xx_hal_tim.o(i.TIM_SlaveTimer_SetConfig), (176 bytes).
    Removing stm32f3xx_hal_tim.o(i.TIM_TI1_SetConfig), (104 bytes).
    Removing stm32f3xx_hal_tim.o(i.TIM_TI2_SetConfig), (58 bytes).
    Removing stm32f3xx_hal_tim.o(i.TIM_TI3_SetConfig), (56 bytes).
    Removing stm32f3xx_hal_tim.o(i.TIM_TI4_SetConfig), (60 bytes).
    Removing stm32f3xx_hal_tim_ex.o(.rev16_text), (4 bytes).
    Removing stm32f3xx_hal_tim_ex.o(.revsh_text), (4 bytes).
    Removing stm32f3xx_hal_tim_ex.o(.rrx_text), (6 bytes).
    Removing stm32f3xx_hal_tim_ex.o(i.HAL_TIMEx_CommutHalfCpltCallback), (2 bytes).
    Removing stm32f3xx_hal_tim_ex.o(i.HAL_TIMEx_ConfigBreakDeadTime), (168 bytes).
    Removing stm32f3xx_hal_tim_ex.o(i.HAL_TIMEx_ConfigCommutEvent), (134 bytes).
    Removing stm32f3xx_hal_tim_ex.o(i.HAL_TIMEx_ConfigCommutEvent_DMA), (164 bytes).
    Removing stm32f3xx_hal_tim_ex.o(i.HAL_TIMEx_ConfigCommutEvent_IT), (134 bytes).
    Removing stm32f3xx_hal_tim_ex.o(i.HAL_TIMEx_GetChannelNState), (38 bytes).
    Removing stm32f3xx_hal_tim_ex.o(i.HAL_TIMEx_GroupChannel5), (72 bytes).
    Removing stm32f3xx_hal_tim_ex.o(i.HAL_TIMEx_HallSensor_DeInit), (96 bytes).
    Removing stm32f3xx_hal_tim_ex.o(i.HAL_TIMEx_HallSensor_GetState), (8 bytes).
    Removing stm32f3xx_hal_tim_ex.o(i.HAL_TIMEx_HallSensor_Init), (240 bytes).
    Removing stm32f3xx_hal_tim_ex.o(i.HAL_TIMEx_HallSensor_MspDeInit), (2 bytes).
    Removing stm32f3xx_hal_tim_ex.o(i.HAL_TIMEx_HallSensor_MspInit), (2 bytes).
    Removing stm32f3xx_hal_tim_ex.o(i.HAL_TIMEx_HallSensor_Start), (180 bytes).
    Removing stm32f3xx_hal_tim_ex.o(i.HAL_TIMEx_HallSensor_Start_DMA), (244 bytes).
    Removing stm32f3xx_hal_tim_ex.o(i.HAL_TIMEx_HallSensor_Start_IT), (192 bytes).
    Removing stm32f3xx_hal_tim_ex.o(i.HAL_TIMEx_HallSensor_Stop), (78 bytes).
    Removing stm32f3xx_hal_tim_ex.o(i.HAL_TIMEx_HallSensor_Stop_DMA), (84 bytes).
    Removing stm32f3xx_hal_tim_ex.o(i.HAL_TIMEx_HallSensor_Stop_IT), (90 bytes).
    Removing stm32f3xx_hal_tim_ex.o(i.HAL_TIMEx_OCN_Start), (208 bytes).
    Removing stm32f3xx_hal_tim_ex.o(i.HAL_TIMEx_OCN_Start_DMA), (456 bytes).
    Removing stm32f3xx_hal_tim_ex.o(i.HAL_TIMEx_OCN_Start_IT), (276 bytes).
    Removing stm32f3xx_hal_tim_ex.o(i.HAL_TIMEx_OCN_Stop), (136 bytes).
    Removing stm32f3xx_hal_tim_ex.o(i.HAL_TIMEx_OCN_Stop_DMA), (212 bytes).
    Removing stm32f3xx_hal_tim_ex.o(i.HAL_TIMEx_OCN_Stop_IT), (218 bytes).
    Removing stm32f3xx_hal_tim_ex.o(i.HAL_TIMEx_OnePulseN_Start), (262 bytes).
    Removing stm32f3xx_hal_tim_ex.o(i.HAL_TIMEx_OnePulseN_Start_IT), (286 bytes).
    Removing stm32f3xx_hal_tim_ex.o(i.HAL_TIMEx_OnePulseN_Stop), (220 bytes).
    Removing stm32f3xx_hal_tim_ex.o(i.HAL_TIMEx_OnePulseN_Stop_IT), (244 bytes).
    Removing stm32f3xx_hal_tim_ex.o(i.HAL_TIMEx_PWMN_Start), (208 bytes).
    Removing stm32f3xx_hal_tim_ex.o(i.HAL_TIMEx_PWMN_Start_DMA), (456 bytes).
    Removing stm32f3xx_hal_tim_ex.o(i.HAL_TIMEx_PWMN_Start_IT), (276 bytes).
    Removing stm32f3xx_hal_tim_ex.o(i.HAL_TIMEx_PWMN_Stop), (136 bytes).
    Removing stm32f3xx_hal_tim_ex.o(i.HAL_TIMEx_PWMN_Stop_DMA), (212 bytes).
    Removing stm32f3xx_hal_tim_ex.o(i.HAL_TIMEx_PWMN_Stop_IT), (218 bytes).
    Removing stm32f3xx_hal_tim_ex.o(i.HAL_TIMEx_RemapConfig), (42 bytes).
    Removing stm32f3xx_hal_tim_ex.o(i.TIMEx_DMACommutationCplt), (20 bytes).
    Removing stm32f3xx_hal_tim_ex.o(i.TIMEx_DMACommutationHalfCplt), (20 bytes).
    Removing stm32f3xx_hal_tim_ex.o(i.TIM_CCxNChannelCmd), (34 bytes).
    Removing stm32f3xx_hal_tim_ex.o(i.TIM_DMADelayPulseNCplt), (104 bytes).
    Removing stm32f3xx_hal_tim_ex.o(i.TIM_DMAErrorCCxN), (68 bytes).
    Removing system_stm32f3xx.o(.rev16_text), (4 bytes).
    Removing system_stm32f3xx.o(.revsh_text), (4 bytes).
    Removing system_stm32f3xx.o(.rrx_text), (6 bytes).
    Removing system_stm32f3xx.o(i.SystemCoreClockUpdate), (160 bytes).

473 unused section(s) (total 49992 bytes) removed from the image.

==============================================================================

Image Symbol Table

    Local Symbols

    Symbol Name                              Value     Ov Type        Size  Object(Section)

    ../Core/Src/main.c                       0x00000000   Number         0  main.o ABSOLUTE
    ../Core/Src/stm32f3xx_hal_msp.c          0x00000000   Number         0  stm32f3xx_hal_msp.o ABSOLUTE
    ../Core/Src/stm32f3xx_it.c               0x00000000   Number         0  stm32f3xx_it.o ABSOLUTE
    ../Core/Src/system_stm32f3xx.c           0x00000000   Number         0  system_stm32f3xx.o ABSOLUTE
    ../Drivers/STM32F3xx_HAL_Driver/Src/stm32f3xx_hal.c 0x00000000   Number         0  stm32f3xx_hal.o ABSOLUTE
    ../Drivers/STM32F3xx_HAL_Driver/Src/stm32f3xx_hal_cortex.c 0x00000000   Number         0  stm32f3xx_hal_cortex.o ABSOLUTE
    ../Drivers/STM32F3xx_HAL_Driver/Src/stm32f3xx_hal_dma.c 0x00000000   Number         0  stm32f3xx_hal_dma.o ABSOLUTE
    ../Drivers/STM32F3xx_HAL_Driver/Src/stm32f3xx_hal_exti.c 0x00000000   Number         0  stm32f3xx_hal_exti.o ABSOLUTE
    ../Drivers/STM32F3xx_HAL_Driver/Src/stm32f3xx_hal_flash.c 0x00000000   Number         0  stm32f3xx_hal_flash.o ABSOLUTE
    ../Drivers/STM32F3xx_HAL_Driver/Src/stm32f3xx_hal_flash_ex.c 0x00000000   Number         0  stm32f3xx_hal_flash_ex.o ABSOLUTE
    ../Drivers/STM32F3xx_HAL_Driver/Src/stm32f3xx_hal_gpio.c 0x00000000   Number         0  stm32f3xx_hal_gpio.o ABSOLUTE
    ../Drivers/STM32F3xx_HAL_Driver/Src/stm32f3xx_hal_i2c.c 0x00000000   Number         0  stm32f3xx_hal_i2c.o ABSOLUTE
    ../Drivers/STM32F3xx_HAL_Driver/Src/stm32f3xx_hal_i2c_ex.c 0x00000000   Number         0  stm32f3xx_hal_i2c_ex.o ABSOLUTE
    ../Drivers/STM32F3xx_HAL_Driver/Src/stm32f3xx_hal_pwr.c 0x00000000   Number         0  stm32f3xx_hal_pwr.o ABSOLUTE
    ../Drivers/STM32F3xx_HAL_Driver/Src/stm32f3xx_hal_pwr_ex.c 0x00000000   Number         0  stm32f3xx_hal_pwr_ex.o ABSOLUTE
    ../Drivers/STM32F3xx_HAL_Driver/Src/stm32f3xx_hal_rcc.c 0x00000000   Number         0  stm32f3xx_hal_rcc.o ABSOLUTE
    ../Drivers/STM32F3xx_HAL_Driver/Src/stm32f3xx_hal_rcc_ex.c 0x00000000   Number         0  stm32f3xx_hal_rcc_ex.o ABSOLUTE
    ../Drivers/STM32F3xx_HAL_Driver/Src/stm32f3xx_hal_spi.c 0x00000000   Number         0  stm32f3xx_hal_spi.o ABSOLUTE
    ../Drivers/STM32F3xx_HAL_Driver/Src/stm32f3xx_hal_spi_ex.c 0x00000000   Number         0  stm32f3xx_hal_spi_ex.o ABSOLUTE
    ../Drivers/STM32F3xx_HAL_Driver/Src/stm32f3xx_hal_tim.c 0x00000000   Number         0  stm32f3xx_hal_tim.o ABSOLUTE
    ../Drivers/STM32F3xx_HAL_Driver/Src/stm32f3xx_hal_tim_ex.c 0x00000000   Number         0  stm32f3xx_hal_tim_ex.o ABSOLUTE
    ../clib/angel/boardlib.s                 0x00000000   Number         0  boardinit1.o ABSOLUTE
    ../clib/angel/boardlib.s                 0x00000000   Number         0  boardinit2.o ABSOLUTE
    ../clib/angel/boardlib.s                 0x00000000   Number         0  boardshut.o ABSOLUTE
    ../clib/angel/boardlib.s                 0x00000000   Number         0  boardinit3.o ABSOLUTE
    ../clib/angel/handlers.s                 0x00000000   Number         0  __scatter_zi.o ABSOLUTE
    ../clib/angel/handlers.s                 0x00000000   Number         0  __scatter_copy.o ABSOLUTE
    ../clib/angel/kernel.s                   0x00000000   Number         0  __rtentry4.o ABSOLUTE
    ../clib/angel/kernel.s                   0x00000000   Number         0  __rtentry.o ABSOLUTE
    ../clib/angel/kernel.s                   0x00000000   Number         0  rtexit2.o ABSOLUTE
    ../clib/angel/kernel.s                   0x00000000   Number         0  rtexit.o ABSOLUTE
    ../clib/angel/kernel.s                   0x00000000   Number         0  __rtentry2.o ABSOLUTE
    ../clib/angel/rt.s                       0x00000000   Number         0  aeabi_ldiv0_sigfpe.o ABSOLUTE
    ../clib/angel/rt.s                       0x00000000   Number         0  rt_div0.o ABSOLUTE
    ../clib/angel/rt.s                       0x00000000   Number         0  rt_raise.o ABSOLUTE
    ../clib/angel/rt.s                       0x00000000   Number         0  aeabi_ldiv0.o ABSOLUTE
    ../clib/angel/scatter.s                  0x00000000   Number         0  __scatter.o ABSOLUTE
    ../clib/angel/startup.s                  0x00000000   Number         0  __main.o ABSOLUTE
    ../clib/angel/sys.s                      0x00000000   Number         0  sys_stackheap_outer.o ABSOLUTE
    ../clib/angel/sys.s                      0x00000000   Number         0  indicate_semi.o ABSOLUTE
    ../clib/angel/sys.s                      0x00000000   Number         0  use_no_semi.o ABSOLUTE
    ../clib/angel/sys.s                      0x00000000   Number         0  libspace.o ABSOLUTE
    ../clib/angel/sysapp.c                   0x00000000   Number         0  sys_command.o ABSOLUTE
    ../clib/angel/sysapp.c                   0x00000000   Number         0  sys_wrch.o ABSOLUTE
    ../clib/angel/sysapp.c                   0x00000000   Number         0  sys_exit.o ABSOLUTE
    ../clib/armsys.c                         0x00000000   Number         0  argv_veneer.o ABSOLUTE
    ../clib/armsys.c                         0x00000000   Number         0  no_argv.o ABSOLUTE
    ../clib/armsys.c                         0x00000000   Number         0  _get_argv_nomalloc.o ABSOLUTE
    ../clib/armsys.c                         0x00000000   Number         0  argv_veneer.o ABSOLUTE
    ../clib/heapalloc.c                      0x00000000   Number         0  hrguard.o ABSOLUTE
    ../clib/heapaux.c                        0x00000000   Number         0  heapauxi.o ABSOLUTE
    ../clib/libinit.s                        0x00000000   Number         0  libshutdown.o ABSOLUTE
    ../clib/libinit.s                        0x00000000   Number         0  libshutdown2.o ABSOLUTE
    ../clib/libinit.s                        0x00000000   Number         0  libinit2.o ABSOLUTE
    ../clib/libinit.s                        0x00000000   Number         0  libinit.o ABSOLUTE
    ../clib/longlong.s                       0x00000000   Number         0  lludivv7m.o ABSOLUTE
    ../clib/longlong.s                       0x00000000   Number         0  llushr.o ABSOLUTE
    ../clib/memcpset.s                       0x00000000   Number         0  rt_memclr_w.o ABSOLUTE
    ../clib/memcpset.s                       0x00000000   Number         0  rt_memcpy_w.o ABSOLUTE
    ../clib/misc.s                           0x00000000   Number         0  printf_stubs.o ABSOLUTE
    ../clib/printf.c                         0x00000000   Number         0  _printf_hex_ptr.o ABSOLUTE
    ../clib/printf.c                         0x00000000   Number         0  _printf_hex_int_ll.o ABSOLUTE
    ../clib/printf.c                         0x00000000   Number         0  _printf_hex_ll_ptr.o ABSOLUTE
    ../clib/printf.c                         0x00000000   Number         0  __printf_flags_ss.o ABSOLUTE
    ../clib/printf.c                         0x00000000   Number         0  _printf_hex_int.o ABSOLUTE
    ../clib/printf.c                         0x00000000   Number         0  _printf_hex_ll.o ABSOLUTE
    ../clib/printf.c                         0x00000000   Number         0  _printf_pad.o ABSOLUTE
    ../clib/printf.c                         0x00000000   Number         0  _printf_hex_int_ll_ptr.o ABSOLUTE
    ../clib/printf.c                         0x00000000   Number         0  __printf_flags_ss_wp.o ABSOLUTE
    ../clib/printf.c                         0x00000000   Number         0  __printf_flags.o ABSOLUTE
    ../clib/printf.c                         0x00000000   Number         0  __printf_ss.o ABSOLUTE
    ../clib/printf.c                         0x00000000   Number         0  __printf_wp.o ABSOLUTE
    ../clib/printf.c                         0x00000000   Number         0  _printf_hex_int_ptr.o ABSOLUTE
    ../clib/printf.c                         0x00000000   Number         0  __printf_nopercent.o ABSOLUTE
    ../clib/printf.c                         0x00000000   Number         0  __printf_flags_wp.o ABSOLUTE
    ../clib/printf.c                         0x00000000   Number         0  __2sprintf.o ABSOLUTE
    ../clib/printf.c                         0x00000000   Number         0  __printf_ss_wp.o ABSOLUTE
    ../clib/printf.c                         0x00000000   Number         0  __printf.o ABSOLUTE
    ../clib/printf.c                         0x00000000   Number         0  noretval__2sprintf.o ABSOLUTE
    ../clib/printf.c                         0x00000000   Number         0  _sputc.o ABSOLUTE
    ../clib/printf.c                         0x00000000   Number         0  _printf_intcommon.o ABSOLUTE
    ../clib/printf.c                         0x00000000   Number         0  _printf_char_common.o ABSOLUTE
    ../clib/printf_percent.s                 0x00000000   Number         0  _printf_percent.o ABSOLUTE
    ../clib/printf_percent.s                 0x00000000   Number         0  _printf_percent_end.o ABSOLUTE
    ../clib/printf_percent.s                 0x00000000   Number         0  _printf_x.o ABSOLUTE
    ../clib/signal.c                         0x00000000   Number         0  defsig_general.o ABSOLUTE
    ../clib/signal.c                         0x00000000   Number         0  __raise.o ABSOLUTE
    ../clib/signal.c                         0x00000000   Number         0  defsig_fpe_inner.o ABSOLUTE
    ../clib/signal.c                         0x00000000   Number         0  defsig_exit.o ABSOLUTE
    ../clib/signal.c                         0x00000000   Number         0  defsig_fpe_formal.o ABSOLUTE
    ../clib/signal.c                         0x00000000   Number         0  defsig_fpe_outer.o ABSOLUTE
    ../clib/signal.c                         0x00000000   Number         0  defsig_rtred_inner.o ABSOLUTE
    ../clib/signal.c                         0x00000000   Number         0  defsig_rtmem_inner.o ABSOLUTE
    ../clib/signal.c                         0x00000000   Number         0  defsig_rtmem_outer.o ABSOLUTE
    ../clib/signal.c                         0x00000000   Number         0  defsig_rtmem_formal.o ABSOLUTE
    ../clib/signal.c                         0x00000000   Number         0  defsig_stak_inner.o ABSOLUTE
    ../clib/signal.c                         0x00000000   Number         0  defsig_pvfn_inner.o ABSOLUTE
    ../clib/signal.c                         0x00000000   Number         0  defsig_cppl_inner.o ABSOLUTE
    ../clib/signal.c                         0x00000000   Number         0  defsig_segv_inner.o ABSOLUTE
    ../clib/signal.c                         0x00000000   Number         0  defsig_other.o ABSOLUTE
    ../clib/signal.c                         0x00000000   Number         0  defsig_abrt_inner.o ABSOLUTE
    ../clib/signal.s                         0x00000000   Number         0  defsig.o ABSOLUTE
    ../clib/stdlib.c                         0x00000000   Number         0  exit.o ABSOLUTE
    ../fplib/fpinit.s                        0x00000000   Number         0  fpinit.o ABSOLUTE
    ..\Core\Src\NRF24.c                      0x00000000   Number         0  nrf24.o ABSOLUTE
    ..\Core\Src\main.c                       0x00000000   Number         0  main.o ABSOLUTE
    ..\Core\Src\stm32f3xx_hal_msp.c          0x00000000   Number         0  stm32f3xx_hal_msp.o ABSOLUTE
    ..\Core\Src\stm32f3xx_it.c               0x00000000   Number         0  stm32f3xx_it.o ABSOLUTE
    ..\Core\Src\system_stm32f3xx.c           0x00000000   Number         0  system_stm32f3xx.o ABSOLUTE
    ..\Drivers\STM32F3xx_HAL_Driver\Src\stm32f3xx_hal.c 0x00000000   Number         0  stm32f3xx_hal.o ABSOLUTE
    ..\Drivers\STM32F3xx_HAL_Driver\Src\stm32f3xx_hal_cortex.c 0x00000000   Number         0  stm32f3xx_hal_cortex.o ABSOLUTE
    ..\Drivers\STM32F3xx_HAL_Driver\Src\stm32f3xx_hal_dma.c 0x00000000   Number         0  stm32f3xx_hal_dma.o ABSOLUTE
    ..\Drivers\STM32F3xx_HAL_Driver\Src\stm32f3xx_hal_exti.c 0x00000000   Number         0  stm32f3xx_hal_exti.o ABSOLUTE
    ..\Drivers\STM32F3xx_HAL_Driver\Src\stm32f3xx_hal_flash.c 0x00000000   Number         0  stm32f3xx_hal_flash.o ABSOLUTE
    ..\Drivers\STM32F3xx_HAL_Driver\Src\stm32f3xx_hal_flash_ex.c 0x00000000   Number         0  stm32f3xx_hal_flash_ex.o ABSOLUTE
    ..\Drivers\STM32F3xx_HAL_Driver\Src\stm32f3xx_hal_gpio.c 0x00000000   Number         0  stm32f3xx_hal_gpio.o ABSOLUTE
    ..\Drivers\STM32F3xx_HAL_Driver\Src\stm32f3xx_hal_i2c.c 0x00000000   Number         0  stm32f3xx_hal_i2c.o ABSOLUTE
    ..\Drivers\STM32F3xx_HAL_Driver\Src\stm32f3xx_hal_i2c_ex.c 0x00000000   Number         0  stm32f3xx_hal_i2c_ex.o ABSOLUTE
    ..\Drivers\STM32F3xx_HAL_Driver\Src\stm32f3xx_hal_pwr.c 0x00000000   Number         0  stm32f3xx_hal_pwr.o ABSOLUTE
    ..\Drivers\STM32F3xx_HAL_Driver\Src\stm32f3xx_hal_pwr_ex.c 0x00000000   Number         0  stm32f3xx_hal_pwr_ex.o ABSOLUTE
    ..\Drivers\STM32F3xx_HAL_Driver\Src\stm32f3xx_hal_rcc.c 0x00000000   Number         0  stm32f3xx_hal_rcc.o ABSOLUTE
    ..\Drivers\STM32F3xx_HAL_Driver\Src\stm32f3xx_hal_rcc_ex.c 0x00000000   Number         0  stm32f3xx_hal_rcc_ex.o ABSOLUTE
    ..\Drivers\STM32F3xx_HAL_Driver\Src\stm32f3xx_hal_spi.c 0x00000000   Number         0  stm32f3xx_hal_spi.o ABSOLUTE
    ..\Drivers\STM32F3xx_HAL_Driver\Src\stm32f3xx_hal_spi_ex.c 0x00000000   Number         0  stm32f3xx_hal_spi_ex.o ABSOLUTE
    ..\Drivers\STM32F3xx_HAL_Driver\Src\stm32f3xx_hal_tim.c 0x00000000   Number         0  stm32f3xx_hal_tim.o ABSOLUTE
    ..\Drivers\STM32F3xx_HAL_Driver\Src\stm32f3xx_hal_tim_ex.c 0x00000000   Number         0  stm32f3xx_hal_tim_ex.o ABSOLUTE
    ..\\Core\\Src\\NRF24.c                   0x00000000   Number         0  nrf24.o ABSOLUTE
    dc.s                                     0x00000000   Number         0  dc.o ABSOLUTE
    startup_stm32f334x8.s                    0x00000000   Number         0  startup_stm32f334x8.o ABSOLUTE
    RESET                                    0x08000000   Section      392  startup_stm32f334x8.o(RESET)
    !!!main                                  0x08000188   Section        8  __main.o(!!!main)
    !!!scatter                               0x08000190   Section       52  __scatter.o(!!!scatter)
    !!handler_copy                           0x080001c4   Section       26  __scatter_copy.o(!!handler_copy)
    !!handler_zi                             0x080001e0   Section       28  __scatter_zi.o(!!handler_zi)
    .ARM.Collect$$_printf_percent$$00000000  0x080001fc   Section        0  _printf_percent.o(.ARM.Collect$$_printf_percent$$00000000)
    .ARM.Collect$$_printf_percent$$0000000C  0x080001fc   Section        6  _printf_x.o(.ARM.Collect$$_printf_percent$$0000000C)
    .ARM.Collect$$_printf_percent$$00000017  0x08000202   Section        4  _printf_percent_end.o(.ARM.Collect$$_printf_percent$$00000017)
    .ARM.Collect$$libinit$$00000000          0x08000206   Section        2  libinit.o(.ARM.Collect$$libinit$$00000000)
    .ARM.Collect$$libinit$$00000001          0x08000208   Section        4  libinit2.o(.ARM.Collect$$libinit$$00000001)
    .ARM.Collect$$libinit$$00000004          0x0800020c   Section        0  libinit2.o(.ARM.Collect$$libinit$$00000004)
    .ARM.Collect$$libinit$$0000000A          0x0800020c   Section        0  libinit2.o(.ARM.Collect$$libinit$$0000000A)
    .ARM.Collect$$libinit$$0000000C          0x0800020c   Section        0  libinit2.o(.ARM.Collect$$libinit$$0000000C)
    .ARM.Collect$$libinit$$0000000E          0x0800020c   Section        0  libinit2.o(.ARM.Collect$$libinit$$0000000E)
    .ARM.Collect$$libinit$$00000011          0x0800020c   Section        0  libinit2.o(.ARM.Collect$$libinit$$00000011)
    .ARM.Collect$$libinit$$00000013          0x0800020c   Section        0  libinit2.o(.ARM.Collect$$libinit$$00000013)
    .ARM.Collect$$libinit$$00000015          0x0800020c   Section        0  libinit2.o(.ARM.Collect$$libinit$$00000015)
    .ARM.Collect$$libinit$$00000017          0x0800020c   Section        0  libinit2.o(.ARM.Collect$$libinit$$00000017)
    .ARM.Collect$$libinit$$00000019          0x0800020c   Section        0  libinit2.o(.ARM.Collect$$libinit$$00000019)
    .ARM.Collect$$libinit$$0000001B          0x0800020c   Section        0  libinit2.o(.ARM.Collect$$libinit$$0000001B)
    .ARM.Collect$$libinit$$0000001D          0x0800020c   Section        0  libinit2.o(.ARM.Collect$$libinit$$0000001D)
    .ARM.Collect$$libinit$$0000001F          0x0800020c   Section        0  libinit2.o(.ARM.Collect$$libinit$$0000001F)
    .ARM.Collect$$libinit$$00000021          0x0800020c   Section        0  libinit2.o(.ARM.Collect$$libinit$$00000021)
    .ARM.Collect$$libinit$$00000023          0x0800020c   Section        0  libinit2.o(.ARM.Collect$$libinit$$00000023)
    .ARM.Collect$$libinit$$00000025          0x0800020c   Section        0  libinit2.o(.ARM.Collect$$libinit$$00000025)
    .ARM.Collect$$libinit$$0000002C          0x0800020c   Section        0  libinit2.o(.ARM.Collect$$libinit$$0000002C)
    .ARM.Collect$$libinit$$0000002E          0x0800020c   Section        0  libinit2.o(.ARM.Collect$$libinit$$0000002E)
    .ARM.Collect$$libinit$$00000030          0x0800020c   Section        0  libinit2.o(.ARM.Collect$$libinit$$00000030)
    .ARM.Collect$$libinit$$00000032          0x0800020c   Section        0  libinit2.o(.ARM.Collect$$libinit$$00000032)
    .ARM.Collect$$libinit$$00000033          0x0800020c   Section        2  libinit2.o(.ARM.Collect$$libinit$$00000033)
    .ARM.Collect$$libshutdown$$00000000      0x0800020e   Section        2  libshutdown.o(.ARM.Collect$$libshutdown$$00000000)
    .ARM.Collect$$libshutdown$$00000002      0x08000210   Section        0  libshutdown2.o(.ARM.Collect$$libshutdown$$00000002)
    .ARM.Collect$$libshutdown$$00000004      0x08000210   Section        0  libshutdown2.o(.ARM.Collect$$libshutdown$$00000004)
    .ARM.Collect$$libshutdown$$00000007      0x08000210   Section        0  libshutdown2.o(.ARM.Collect$$libshutdown$$00000007)
    .ARM.Collect$$libshutdown$$0000000A      0x08000210   Section        0  libshutdown2.o(.ARM.Collect$$libshutdown$$0000000A)
    .ARM.Collect$$libshutdown$$0000000C      0x08000210   Section        0  libshutdown2.o(.ARM.Collect$$libshutdown$$0000000C)
    .ARM.Collect$$libshutdown$$0000000F      0x08000210   Section        0  libshutdown2.o(.ARM.Collect$$libshutdown$$0000000F)
    .ARM.Collect$$libshutdown$$00000010      0x08000210   Section        2  libshutdown2.o(.ARM.Collect$$libshutdown$$00000010)
    .ARM.Collect$$rtentry$$00000000          0x08000212   Section        0  __rtentry.o(.ARM.Collect$$rtentry$$00000000)
    .ARM.Collect$$rtentry$$00000002          0x08000212   Section        0  __rtentry2.o(.ARM.Collect$$rtentry$$00000002)
    .ARM.Collect$$rtentry$$00000004          0x08000212   Section        6  __rtentry4.o(.ARM.Collect$$rtentry$$00000004)
    .ARM.Collect$$rtentry$$00000009          0x08000218   Section        0  __rtentry2.o(.ARM.Collect$$rtentry$$00000009)
    .ARM.Collect$$rtentry$$0000000A          0x08000218   Section        4  __rtentry2.o(.ARM.Collect$$rtentry$$0000000A)
    .ARM.Collect$$rtentry$$0000000C          0x0800021c   Section        0  __rtentry2.o(.ARM.Collect$$rtentry$$0000000C)
    .ARM.Collect$$rtentry$$0000000D          0x0800021c   Section        8  __rtentry2.o(.ARM.Collect$$rtentry$$0000000D)
    .ARM.Collect$$rtexit$$00000000           0x08000224   Section        2  rtexit.o(.ARM.Collect$$rtexit$$00000000)
    .ARM.Collect$$rtexit$$00000002           0x08000226   Section        0  rtexit2.o(.ARM.Collect$$rtexit$$00000002)
    .ARM.Collect$$rtexit$$00000003           0x08000226   Section        4  rtexit2.o(.ARM.Collect$$rtexit$$00000003)
    .ARM.Collect$$rtexit$$00000004           0x0800022a   Section        6  rtexit2.o(.ARM.Collect$$rtexit$$00000004)
    .text                                    0x08000230   Section       64  startup_stm32f334x8.o(.text)
    $v0                                      0x08000230   Number         0  startup_stm32f334x8.o(.text)
    .text                                    0x08000270   Section      238  lludivv7m.o(.text)
    .text                                    0x08000360   Section        0  noretval__2sprintf.o(.text)
    .text                                    0x08000388   Section        0  _printf_pad.o(.text)
    .text                                    0x080003d8   Section        0  _printf_hex_int.o(.text)
    .text                                    0x08000430   Section        0  __printf_flags_wp.o(.text)
    .text                                    0x08000568   Section       78  rt_memclr_w.o(.text)
    .text                                    0x080005b6   Section        0  heapauxi.o(.text)
    .text                                    0x080005bc   Section        0  _printf_intcommon.o(.text)
    .text                                    0x08000670   Section        0  _printf_char_common.o(.text)
    _printf_input_char                       0x08000671   Thumb Code    10  _printf_char_common.o(.text)
    .text                                    0x080006a0   Section        0  _sputc.o(.text)
    .text                                    0x080006aa   Section       74  sys_stackheap_outer.o(.text)
    .text                                    0x080006f4   Section        0  exit.o(.text)
    .text                                    0x08000708   Section        8  libspace.o(.text)
    .text                                    0x08000710   Section        0  sys_exit.o(.text)
    .text                                    0x0800071c   Section        2  use_no_semi.o(.text)
    .text                                    0x0800071e   Section        0  indicate_semi.o(.text)
    i.BusFault_Handler                       0x0800071e   Section        0  stm32f3xx_it.o(i.BusFault_Handler)
    i.DebugMon_Handler                       0x08000722   Section        0  stm32f3xx_it.o(i.DebugMon_Handler)
    i.DelayMicro                             0x08000724   Section        0  nrf24.o(i.DelayMicro)
    DelayMicro                               0x08000725   Thumb Code    38  nrf24.o(i.DelayMicro)
    i.EXTI15_10_IRQHandler                   0x08000754   Section        0  stm32f3xx_it.o(i.EXTI15_10_IRQHandler)
    i.Error_Handler                          0x08000768   Section        0  main.o(i.Error_Handler)
    i.HAL_Delay                              0x08000770   Section        0  stm32f3xx_hal.o(i.HAL_Delay)
    i.HAL_GPIO_EXTI_Callback                 0x08000798   Section        0  nrf24.o(i.HAL_GPIO_EXTI_Callback)
    i.HAL_GPIO_EXTI_IRQHandler               0x0800080c   Section        0  stm32f3xx_hal_gpio.o(i.HAL_GPIO_EXTI_IRQHandler)
    i.HAL_GPIO_Init                          0x08000828   Section        0  stm32f3xx_hal_gpio.o(i.HAL_GPIO_Init)
    i.HAL_GPIO_ReadPin                       0x080009e4   Section        0  stm32f3xx_hal_gpio.o(i.HAL_GPIO_ReadPin)
    i.HAL_GPIO_TogglePin                     0x080009f4   Section        0  stm32f3xx_hal_gpio.o(i.HAL_GPIO_TogglePin)
    i.HAL_GPIO_WritePin                      0x08000a08   Section        0  stm32f3xx_hal_gpio.o(i.HAL_GPIO_WritePin)
    i.HAL_GetTick                            0x08000a14   Section        0  stm32f3xx_hal.o(i.HAL_GetTick)
    i.HAL_IncTick                            0x08000a20   Section        0  stm32f3xx_hal.o(i.HAL_IncTick)
    i.HAL_Init                               0x08000a38   Section        0  stm32f3xx_hal.o(i.HAL_Init)
    i.HAL_InitTick                           0x08000a60   Section        0  stm32f3xx_hal.o(i.HAL_InitTick)
    i.HAL_MspInit                            0x08000aac   Section        0  stm32f3xx_hal_msp.o(i.HAL_MspInit)
    i.HAL_NVIC_EnableIRQ                     0x08000af0   Section        0  stm32f3xx_hal_cortex.o(i.HAL_NVIC_EnableIRQ)
    i.HAL_NVIC_SetPriority                   0x08000b10   Section        0  stm32f3xx_hal_cortex.o(i.HAL_NVIC_SetPriority)
    i.HAL_NVIC_SetPriorityGrouping           0x08000b8c   Section        0  stm32f3xx_hal_cortex.o(i.HAL_NVIC_SetPriorityGrouping)
    i.HAL_RCCEx_PeriphCLKConfig              0x08000bb4   Section        0  stm32f3xx_hal_rcc_ex.o(i.HAL_RCCEx_PeriphCLKConfig)
    i.HAL_RCC_ClockConfig                    0x08000dc0   Section        0  stm32f3xx_hal_rcc.o(i.HAL_RCC_ClockConfig)
    i.HAL_RCC_GetSysClockFreq                0x0800106c   Section        0  stm32f3xx_hal_rcc.o(i.HAL_RCC_GetSysClockFreq)
    i.HAL_RCC_OscConfig                      0x0800110c   Section        0  stm32f3xx_hal_rcc.o(i.HAL_RCC_OscConfig)
    i.HAL_SPI_Init                           0x08001b30   Section        0  stm32f3xx_hal_spi.o(i.HAL_SPI_Init)
    i.HAL_SPI_MspInit                        0x08001c20   Section        0  stm32f3xx_hal_msp.o(i.HAL_SPI_MspInit)
    i.HAL_SPI_Receive                        0x08001c98   Section        0  stm32f3xx_hal_spi.o(i.HAL_SPI_Receive)
    i.HAL_SPI_Transmit                       0x08001e3e   Section        0  stm32f3xx_hal_spi.o(i.HAL_SPI_Transmit)
    i.HAL_SPI_TransmitReceive                0x08002028   Section        0  stm32f3xx_hal_spi.o(i.HAL_SPI_TransmitReceive)
    i.HAL_SYSTICK_Config                     0x080022e4   Section        0  stm32f3xx_hal_cortex.o(i.HAL_SYSTICK_Config)
    i.HAL_TIMEx_Break2Callback               0x08002318   Section        0  stm32f3xx_hal_tim_ex.o(i.HAL_TIMEx_Break2Callback)
    i.HAL_TIMEx_BreakCallback                0x0800231a   Section        0  stm32f3xx_hal_tim_ex.o(i.HAL_TIMEx_BreakCallback)
    i.HAL_TIMEx_CommutCallback               0x0800231c   Section        0  stm32f3xx_hal_tim_ex.o(i.HAL_TIMEx_CommutCallback)
    i.HAL_TIMEx_MasterConfigSynchronization  0x08002320   Section        0  stm32f3xx_hal_tim_ex.o(i.HAL_TIMEx_MasterConfigSynchronization)
    i.HAL_TIM_Base_Init                      0x080023b4   Section        0  stm32f3xx_hal_tim.o(i.HAL_TIM_Base_Init)
    i.HAL_TIM_Base_MspInit                   0x08002424   Section        0  stm32f3xx_hal_msp.o(i.HAL_TIM_Base_MspInit)
    i.HAL_TIM_Base_Start_IT                  0x08002468   Section        0  stm32f3xx_hal_tim.o(i.HAL_TIM_Base_Start_IT)
    i.HAL_TIM_ConfigClockSource              0x080024ec   Section        0  stm32f3xx_hal_tim.o(i.HAL_TIM_ConfigClockSource)
    i.HAL_TIM_IC_CaptureCallback             0x080025f8   Section        0  stm32f3xx_hal_tim.o(i.HAL_TIM_IC_CaptureCallback)
    i.HAL_TIM_IRQHandler                     0x080025fa   Section        0  stm32f3xx_hal_tim.o(i.HAL_TIM_IRQHandler)
    i.HAL_TIM_OC_DelayElapsedCallback        0x080027b2   Section        0  stm32f3xx_hal_tim.o(i.HAL_TIM_OC_DelayElapsedCallback)
    i.HAL_TIM_PWM_PulseFinishedCallback      0x080027b4   Section        0  stm32f3xx_hal_tim.o(i.HAL_TIM_PWM_PulseFinishedCallback)
    i.HAL_TIM_PeriodElapsedCallback          0x080027b6   Section        0  stm32f3xx_hal_tim.o(i.HAL_TIM_PeriodElapsedCallback)
    i.HAL_TIM_TriggerCallback                0x080027b8   Section        0  stm32f3xx_hal_tim.o(i.HAL_TIM_TriggerCallback)
    i.HardFault_Handler                      0x080027ba   Section        0  stm32f3xx_it.o(i.HardFault_Handler)
    i.MX_GPIO_Init                           0x080027c0   Section        0  main.o(i.MX_GPIO_Init)
    MX_GPIO_Init                             0x080027c1   Thumb Code   284  main.o(i.MX_GPIO_Init)
    i.MX_SPI1_Init                           0x080028ec   Section        0  main.o(i.MX_SPI1_Init)
    MX_SPI1_Init                             0x080028ed   Thumb Code    74  main.o(i.MX_SPI1_Init)
    i.MX_TIM1_Init                           0x08002940   Section        0  main.o(i.MX_TIM1_Init)
    MX_TIM1_Init                             0x08002941   Thumb Code   108  main.o(i.MX_TIM1_Init)
    i.MemManage_Handler                      0x080029b4   Section        0  stm32f3xx_it.o(i.MemManage_Handler)
    i.NMI_Handler                            0x080029b8   Section        0  stm32f3xx_it.o(i.NMI_Handler)
    i.NRF24L01_RX_Mode                       0x080029bc   Section        0  nrf24.o(i.NRF24L01_RX_Mode)
    i.NRF24L01_Receive                       0x080029f4   Section        0  nrf24.o(i.NRF24L01_Receive)
    i.NRF24_FlushRX                          0x08002a4c   Section        0  nrf24.o(i.NRF24_FlushRX)
    i.NRF24_FlushTX                          0x08002a8c   Section        0  nrf24.o(i.NRF24_FlushTX)
    i.NRF24_ReadReg                          0x08002acc   Section        0  nrf24.o(i.NRF24_ReadReg)
    i.NRF24_Read_Buf                         0x08002b28   Section        0  nrf24.o(i.NRF24_Read_Buf)
    i.NRF24_ToggleFeatures                   0x08002b68   Section        0  nrf24.o(i.NRF24_ToggleFeatures)
    i.NRF24_WriteReg                         0x08002bb8   Section        0  nrf24.o(i.NRF24_WriteReg)
    i.NRF24_Write_Buf                        0x08002c00   Section        0  nrf24.o(i.NRF24_Write_Buf)
    i.NRF24_ini                              0x08002c50   Section        0  nrf24.o(i.NRF24_ini)
    i.PendSV_Handler                         0x08002cec   Section        0  stm32f3xx_it.o(i.PendSV_Handler)
    i.SPI_EndRxTransaction                   0x08002cee   Section        0  stm32f3xx_hal_spi.o(i.SPI_EndRxTransaction)
    SPI_EndRxTransaction                     0x08002cef   Thumb Code   130  stm32f3xx_hal_spi.o(i.SPI_EndRxTransaction)
    i.SPI_EndRxTxTransaction                 0x08002d70   Section        0  stm32f3xx_hal_spi.o(i.SPI_EndRxTxTransaction)
    SPI_EndRxTxTransaction                   0x08002d71   Thumb Code   100  stm32f3xx_hal_spi.o(i.SPI_EndRxTxTransaction)
    i.SPI_WaitFifoStateUntilTimeout          0x08002dd4   Section        0  stm32f3xx_hal_spi.o(i.SPI_WaitFifoStateUntilTimeout)
    SPI_WaitFifoStateUntilTimeout            0x08002dd5   Thumb Code   222  stm32f3xx_hal_spi.o(i.SPI_WaitFifoStateUntilTimeout)
    i.SPI_WaitFlagStateUntilTimeout          0x08002eb8   Section        0  stm32f3xx_hal_spi.o(i.SPI_WaitFlagStateUntilTimeout)
    SPI_WaitFlagStateUntilTimeout            0x08002eb9   Thumb Code   210  stm32f3xx_hal_spi.o(i.SPI_WaitFlagStateUntilTimeout)
    i.SVC_Handler                            0x08002f90   Section        0  stm32f3xx_it.o(i.SVC_Handler)
    i.SysTick_Handler                        0x08002f92   Section        0  stm32f3xx_it.o(i.SysTick_Handler)
    i.SystemClock_Config                     0x08002f9a   Section        0  main.o(i.SystemClock_Config)
    i.SystemInit                             0x0800301c   Section        0  system_stm32f3xx.o(i.SystemInit)
    i.TIM1_UP_TIM16_IRQHandler               0x08003030   Section        0  stm32f3xx_it.o(i.TIM1_UP_TIM16_IRQHandler)
    i.TIM_Base_SetConfig                     0x0800304c   Section        0  stm32f3xx_hal_tim.o(i.TIM_Base_SetConfig)
    i.TIM_ETR_SetConfig                      0x080030e0   Section        0  stm32f3xx_hal_tim.o(i.TIM_ETR_SetConfig)
    i.TIM_ITRx_SetConfig                     0x080030f6   Section        0  stm32f3xx_hal_tim.o(i.TIM_ITRx_SetConfig)
    TIM_ITRx_SetConfig                       0x080030f7   Thumb Code    18  stm32f3xx_hal_tim.o(i.TIM_ITRx_SetConfig)
    i.TIM_ResetCounter                       0x08003108   Section        0  nrf24.o(i.TIM_ResetCounter)
    i.TIM_TI1_ConfigInputStage               0x0800310e   Section        0  stm32f3xx_hal_tim.o(i.TIM_TI1_ConfigInputStage)
    TIM_TI1_ConfigInputStage                 0x0800310f   Thumb Code    38  stm32f3xx_hal_tim.o(i.TIM_TI1_ConfigInputStage)
    i.TIM_TI2_ConfigInputStage               0x08003134   Section        0  stm32f3xx_hal_tim.o(i.TIM_TI2_ConfigInputStage)
    TIM_TI2_ConfigInputStage                 0x08003135   Thumb Code    40  stm32f3xx_hal_tim.o(i.TIM_TI2_ConfigInputStage)
    i.UsageFault_Handler                     0x0800315c   Section        0  stm32f3xx_it.o(i.UsageFault_Handler)
    i.__NVIC_GetPriorityGrouping             0x08003160   Section        0  stm32f3xx_hal_cortex.o(i.__NVIC_GetPriorityGrouping)
    __NVIC_GetPriorityGrouping               0x08003161   Thumb Code    10  stm32f3xx_hal_cortex.o(i.__NVIC_GetPriorityGrouping)
    i.__NVIC_SetPriority                     0x08003170   Section        0  stm32f3xx_hal_cortex.o(i.__NVIC_SetPriority)
    __NVIC_SetPriority                       0x08003171   Thumb Code    32  stm32f3xx_hal_cortex.o(i.__NVIC_SetPriority)
    i._is_digit                              0x08003198   Section        0  __printf_wp.o(i._is_digit)
    i.main                                   0x080031a8   Section        0  main.o(i.main)
    x$fpl$fpinit                             0x080032c8   Section       10  fpinit.o(x$fpl$fpinit)
    $v0                                      0x080032c8   Number         0  fpinit.o(x$fpl$fpinit)
    .constdata                               0x080032d2   Section       32  stm32f3xx_hal_rcc.o(.constdata)
    .constdata                               0x080032f2   Section       24  system_stm32f3xx.o(.constdata)
    .constdata                               0x0800330a   Section       40  _printf_hex_int.o(.constdata)
    uc_hextab                                0x0800330a   Data          20  _printf_hex_int.o(.constdata)
    lc_hextab                                0x0800331e   Data          20  _printf_hex_int.o(.constdata)
    .constdata                               0x08003332   Section       17  __printf_flags_wp.o(.constdata)
    maptable                                 0x08003332   Data          17  __printf_flags_wp.o(.constdata)
    .data                                    0x20000000   Section       10  nrf24.o(.data)
    .data                                    0x2000000a   Section        2  main.o(.data)
    .data                                    0x2000000c   Section        9  stm32f3xx_hal.o(.data)
    .data                                    0x20000018   Section        4  system_stm32f3xx.o(.data)
    .bss                                     0x2000001c   Section      326  main.o(.bss)
    .bss                                     0x20000164   Section       96  libspace.o(.bss)
    HEAP                                     0x200001c8   Section      512  startup_stm32f334x8.o(HEAP)
    Heap_Mem                                 0x200001c8   Data         512  startup_stm32f334x8.o(HEAP)
    STACK                                    0x200003c8   Section     1024  startup_stm32f334x8.o(STACK)
    Stack_Mem                                0x200003c8   Data        1024  startup_stm32f334x8.o(STACK)
    __initial_sp                             0x200007c8   Data           0  startup_stm32f334x8.o(STACK)

    Global Symbols

    Symbol Name                              Value     Ov Type        Size  Object(Section)

    BuildAttributes$$THM_ISAv4$E$P$D$K$B$S$7EM$VFPi3$EXTD16$VFPS$VFMA$PE$A:L22UL41UL21$X:L11$S22US41US21$IEEE1$IW$USESV6$~STKCKD$USESV7$~SHL$OSPACE$ROPI$EBA8$UX$STANDARDLIB$REQ8$PRES8$EABIv2 0x00000000   Number         0  anon$$obj.o ABSOLUTE
    __ARM_use_no_argv                        0x00000000   Number         0  main.o ABSOLUTE
    _printf_flags                            0x00000000   Number         0  printf_stubs.o ABSOLUTE
    _printf_return_value                     0x00000000   Number         0  printf_stubs.o ABSOLUTE
    _printf_sizespec                         0x00000000   Number         0  printf_stubs.o ABSOLUTE
    _printf_widthprec                        0x00000000   Number         0  printf_stubs.o ABSOLUTE
    __ARM_exceptions_init                     - Undefined Weak Reference
    __alloca_initialize                       - Undefined Weak Reference
    __arm_preinit_                            - Undefined Weak Reference
    __cpp_initialize__aeabi_                  - Undefined Weak Reference
    __cxa_finalize                            - Undefined Weak Reference
    __rt_locale                               - Undefined Weak Reference
    __sigvec_lookup                           - Undefined Weak Reference
    _atexit_init                              - Undefined Weak Reference
    _call_atexit_fns                          - Undefined Weak Reference
    _clock_init                               - Undefined Weak Reference
    _fp_trap_init                             - Undefined Weak Reference
    _fp_trap_shutdown                         - Undefined Weak Reference
    _get_lc_collate                           - Undefined Weak Reference
    _get_lc_ctype                             - Undefined Weak Reference
    _get_lc_monetary                          - Undefined Weak Reference
    _get_lc_numeric                           - Undefined Weak Reference
    _get_lc_time                              - Undefined Weak Reference
    _getenv_init                              - Undefined Weak Reference
    _handle_redirection                       - Undefined Weak Reference
    _init_alloc                               - Undefined Weak Reference
    _init_user_alloc                          - Undefined Weak Reference
    _initio                                   - Undefined Weak Reference
    _printf_truncate_unsigned                 - Undefined Weak Reference
    _rand_init                                - Undefined Weak Reference
    _signal_finish                            - Undefined Weak Reference
    _signal_init                              - Undefined Weak Reference
    _terminate_alloc                          - Undefined Weak Reference
    _terminate_user_alloc                     - Undefined Weak Reference
    _terminateio                              - Undefined Weak Reference
    __Vectors_Size                           0x00000188   Number         0  startup_stm32f334x8.o ABSOLUTE
    __Vectors                                0x08000000   Data           4  startup_stm32f334x8.o(RESET)
    __Vectors_End                            0x08000188   Data           0  startup_stm32f334x8.o(RESET)
    __main                                   0x08000189   Thumb Code     8  __main.o(!!!main)
    __scatterload                            0x08000191   Thumb Code     0  __scatter.o(!!!scatter)
    __scatterload_rt2                        0x08000191   Thumb Code    44  __scatter.o(!!!scatter)
    __scatterload_rt2_thumb_only             0x08000191   Thumb Code     0  __scatter.o(!!!scatter)
    __scatterload_null                       0x0800019f   Thumb Code     0  __scatter.o(!!!scatter)
    __scatterload_copy                       0x080001c5   Thumb Code    26  __scatter_copy.o(!!handler_copy)
    __scatterload_zeroinit                   0x080001e1   Thumb Code    28  __scatter_zi.o(!!handler_zi)
    _printf_percent                          0x080001fd   Thumb Code     0  _printf_percent.o(.ARM.Collect$$_printf_percent$$00000000)
    _printf_x                                0x080001fd   Thumb Code     0  _printf_x.o(.ARM.Collect$$_printf_percent$$0000000C)
    _printf_percent_end                      0x08000203   Thumb Code     0  _printf_percent_end.o(.ARM.Collect$$_printf_percent$$00000017)
    __rt_lib_init                            0x08000207   Thumb Code     0  libinit.o(.ARM.Collect$$libinit$$00000000)
    __rt_lib_init_fp_1                       0x08000209   Thumb Code     0  libinit2.o(.ARM.Collect$$libinit$$00000001)
    __rt_lib_init_alloca_1                   0x0800020d   Thumb Code     0  libinit2.o(.ARM.Collect$$libinit$$0000002E)
    __rt_lib_init_argv_1                     0x0800020d   Thumb Code     0  libinit2.o(.ARM.Collect$$libinit$$0000002C)
    __rt_lib_init_atexit_1                   0x0800020d   Thumb Code     0  libinit2.o(.ARM.Collect$$libinit$$0000001B)
    __rt_lib_init_clock_1                    0x0800020d   Thumb Code     0  libinit2.o(.ARM.Collect$$libinit$$00000021)
    __rt_lib_init_cpp_1                      0x0800020d   Thumb Code     0  libinit2.o(.ARM.Collect$$libinit$$00000032)
    __rt_lib_init_exceptions_1               0x0800020d   Thumb Code     0  libinit2.o(.ARM.Collect$$libinit$$00000030)
    __rt_lib_init_fp_trap_1                  0x0800020d   Thumb Code     0  libinit2.o(.ARM.Collect$$libinit$$0000001F)
    __rt_lib_init_getenv_1                   0x0800020d   Thumb Code     0  libinit2.o(.ARM.Collect$$libinit$$00000023)
    __rt_lib_init_heap_1                     0x0800020d   Thumb Code     0  libinit2.o(.ARM.Collect$$libinit$$0000000A)
    __rt_lib_init_lc_collate_1               0x0800020d   Thumb Code     0  libinit2.o(.ARM.Collect$$libinit$$00000011)
    __rt_lib_init_lc_ctype_1                 0x0800020d   Thumb Code     0  libinit2.o(.ARM.Collect$$libinit$$00000013)
    __rt_lib_init_lc_monetary_1              0x0800020d   Thumb Code     0  libinit2.o(.ARM.Collect$$libinit$$00000015)
    __rt_lib_init_lc_numeric_1               0x0800020d   Thumb Code     0  libinit2.o(.ARM.Collect$$libinit$$00000017)
    __rt_lib_init_lc_time_1                  0x0800020d   Thumb Code     0  libinit2.o(.ARM.Collect$$libinit$$00000019)
    __rt_lib_init_preinit_1                  0x0800020d   Thumb Code     0  libinit2.o(.ARM.Collect$$libinit$$00000004)
    __rt_lib_init_rand_1                     0x0800020d   Thumb Code     0  libinit2.o(.ARM.Collect$$libinit$$0000000E)
    __rt_lib_init_return                     0x0800020d   Thumb Code     0  libinit2.o(.ARM.Collect$$libinit$$00000033)
    __rt_lib_init_signal_1                   0x0800020d   Thumb Code     0  libinit2.o(.ARM.Collect$$libinit$$0000001D)
    __rt_lib_init_stdio_1                    0x0800020d   Thumb Code     0  libinit2.o(.ARM.Collect$$libinit$$00000025)
    __rt_lib_init_user_alloc_1               0x0800020d   Thumb Code     0  libinit2.o(.ARM.Collect$$libinit$$0000000C)
    __rt_lib_shutdown                        0x0800020f   Thumb Code     0  libshutdown.o(.ARM.Collect$$libshutdown$$00000000)
    __rt_lib_shutdown_cpp_1                  0x08000211   Thumb Code     0  libshutdown2.o(.ARM.Collect$$libshutdown$$00000002)
    __rt_lib_shutdown_fp_trap_1              0x08000211   Thumb Code     0  libshutdown2.o(.ARM.Collect$$libshutdown$$00000007)
    __rt_lib_shutdown_heap_1                 0x08000211   Thumb Code     0  libshutdown2.o(.ARM.Collect$$libshutdown$$0000000F)
    __rt_lib_shutdown_return                 0x08000211   Thumb Code     0  libshutdown2.o(.ARM.Collect$$libshutdown$$00000010)
    __rt_lib_shutdown_signal_1               0x08000211   Thumb Code     0  libshutdown2.o(.ARM.Collect$$libshutdown$$0000000A)
    __rt_lib_shutdown_stdio_1                0x08000211   Thumb Code     0  libshutdown2.o(.ARM.Collect$$libshutdown$$00000004)
    __rt_lib_shutdown_user_alloc_1           0x08000211   Thumb Code     0  libshutdown2.o(.ARM.Collect$$libshutdown$$0000000C)
    __rt_entry                               0x08000213   Thumb Code     0  __rtentry.o(.ARM.Collect$$rtentry$$00000000)
    __rt_entry_presh_1                       0x08000213   Thumb Code     0  __rtentry2.o(.ARM.Collect$$rtentry$$00000002)
    __rt_entry_sh                            0x08000213   Thumb Code     0  __rtentry4.o(.ARM.Collect$$rtentry$$00000004)
    __rt_entry_li                            0x08000219   Thumb Code     0  __rtentry2.o(.ARM.Collect$$rtentry$$0000000A)
    __rt_entry_postsh_1                      0x08000219   Thumb Code     0  __rtentry2.o(.ARM.Collect$$rtentry$$00000009)
    __rt_entry_main                          0x0800021d   Thumb Code     0  __rtentry2.o(.ARM.Collect$$rtentry$$0000000D)
    __rt_entry_postli_1                      0x0800021d   Thumb Code     0  __rtentry2.o(.ARM.Collect$$rtentry$$0000000C)
    __rt_exit                                0x08000225   Thumb Code     0  rtexit.o(.ARM.Collect$$rtexit$$00000000)
    __rt_exit_ls                             0x08000227   Thumb Code     0  rtexit2.o(.ARM.Collect$$rtexit$$00000003)
    __rt_exit_prels_1                        0x08000227   Thumb Code     0  rtexit2.o(.ARM.Collect$$rtexit$$00000002)
    __rt_exit_exit                           0x0800022b   Thumb Code     0  rtexit2.o(.ARM.Collect$$rtexit$$00000004)
    Reset_Handler                            0x08000231   Thumb Code     8  startup_stm32f334x8.o(.text)
    ADC1_2_IRQHandler                        0x0800024b   Thumb Code     0  startup_stm32f334x8.o(.text)
    CAN_RX0_IRQHandler                       0x0800024b   Thumb Code     0  startup_stm32f334x8.o(.text)
    CAN_RX1_IRQHandler                       0x0800024b   Thumb Code     0  startup_stm32f334x8.o(.text)
    CAN_SCE_IRQHandler                       0x0800024b   Thumb Code     0  startup_stm32f334x8.o(.text)
    CAN_TX_IRQHandler                        0x0800024b   Thumb Code     0  startup_stm32f334x8.o(.text)
    COMP2_IRQHandler                         0x0800024b   Thumb Code     0  startup_stm32f334x8.o(.text)
    COMP4_6_IRQHandler                       0x0800024b   Thumb Code     0  startup_stm32f334x8.o(.text)
    DMA1_Channel1_IRQHandler                 0x0800024b   Thumb Code     0  startup_stm32f334x8.o(.text)
    DMA1_Channel2_IRQHandler                 0x0800024b   Thumb Code     0  startup_stm32f334x8.o(.text)
    DMA1_Channel3_IRQHandler                 0x0800024b   Thumb Code     0  startup_stm32f334x8.o(.text)
    DMA1_Channel4_IRQHandler                 0x0800024b   Thumb Code     0  startup_stm32f334x8.o(.text)
    DMA1_Channel5_IRQHandler                 0x0800024b   Thumb Code     0  startup_stm32f334x8.o(.text)
    DMA1_Channel6_IRQHandler                 0x0800024b   Thumb Code     0  startup_stm32f334x8.o(.text)
    DMA1_Channel7_IRQHandler                 0x0800024b   Thumb Code     0  startup_stm32f334x8.o(.text)
    EXTI0_IRQHandler                         0x0800024b   Thumb Code     0  startup_stm32f334x8.o(.text)
    EXTI1_IRQHandler                         0x0800024b   Thumb Code     0  startup_stm32f334x8.o(.text)
    EXTI2_TSC_IRQHandler                     0x0800024b   Thumb Code     0  startup_stm32f334x8.o(.text)
    EXTI3_IRQHandler                         0x0800024b   Thumb Code     0  startup_stm32f334x8.o(.text)
    EXTI4_IRQHandler                         0x0800024b   Thumb Code     0  startup_stm32f334x8.o(.text)
    EXTI9_5_IRQHandler                       0x0800024b   Thumb Code     0  startup_stm32f334x8.o(.text)
    FLASH_IRQHandler                         0x0800024b   Thumb Code     0  startup_stm32f334x8.o(.text)
    FPU_IRQHandler                           0x0800024b   Thumb Code     0  startup_stm32f334x8.o(.text)
    HRTIM1_FLT_IRQHandler                    0x0800024b   Thumb Code     0  startup_stm32f334x8.o(.text)
    HRTIM1_Master_IRQHandler                 0x0800024b   Thumb Code     0  startup_stm32f334x8.o(.text)
    HRTIM1_TIMA_IRQHandler                   0x0800024b   Thumb Code     0  startup_stm32f334x8.o(.text)
    HRTIM1_TIMB_IRQHandler                   0x0800024b   Thumb Code     0  startup_stm32f334x8.o(.text)
    HRTIM1_TIMC_IRQHandler                   0x0800024b   Thumb Code     0  startup_stm32f334x8.o(.text)
    HRTIM1_TIMD_IRQHandler                   0x0800024b   Thumb Code     0  startup_stm32f334x8.o(.text)
    HRTIM1_TIME_IRQHandler                   0x0800024b   Thumb Code     0  startup_stm32f334x8.o(.text)
    I2C1_ER_IRQHandler                       0x0800024b   Thumb Code     0  startup_stm32f334x8.o(.text)
    I2C1_EV_IRQHandler                       0x0800024b   Thumb Code     0  startup_stm32f334x8.o(.text)
    PVD_IRQHandler                           0x0800024b   Thumb Code     0  startup_stm32f334x8.o(.text)
    RCC_IRQHandler                           0x0800024b   Thumb Code     0  startup_stm32f334x8.o(.text)
    RTC_Alarm_IRQHandler                     0x0800024b   Thumb Code     0  startup_stm32f334x8.o(.text)
    RTC_WKUP_IRQHandler                      0x0800024b   Thumb Code     0  startup_stm32f334x8.o(.text)
    SPI1_IRQHandler                          0x0800024b   Thumb Code     0  startup_stm32f334x8.o(.text)
    TAMP_STAMP_IRQHandler                    0x0800024b   Thumb Code     0  startup_stm32f334x8.o(.text)
    TIM1_BRK_TIM15_IRQHandler                0x0800024b   Thumb Code     0  startup_stm32f334x8.o(.text)
    TIM1_CC_IRQHandler                       0x0800024b   Thumb Code     0  startup_stm32f334x8.o(.text)
    TIM1_TRG_COM_TIM17_IRQHandler            0x0800024b   Thumb Code     0  startup_stm32f334x8.o(.text)
    TIM2_IRQHandler                          0x0800024b   Thumb Code     0  startup_stm32f334x8.o(.text)
    TIM3_IRQHandler                          0x0800024b   Thumb Code     0  startup_stm32f334x8.o(.text)
    TIM6_DAC1_IRQHandler                     0x0800024b   Thumb Code     0  startup_stm32f334x8.o(.text)
    TIM7_DAC2_IRQHandler                     0x0800024b   Thumb Code     0  startup_stm32f334x8.o(.text)
    USART1_IRQHandler                        0x0800024b   Thumb Code     0  startup_stm32f334x8.o(.text)
    USART2_IRQHandler                        0x0800024b   Thumb Code     0  startup_stm32f334x8.o(.text)
    USART3_IRQHandler                        0x0800024b   Thumb Code     0  startup_stm32f334x8.o(.text)
    WWDG_IRQHandler                          0x0800024b   Thumb Code     0  startup_stm32f334x8.o(.text)
    __user_initial_stackheap                 0x0800024d   Thumb Code     0  startup_stm32f334x8.o(.text)
    __aeabi_uldivmod                         0x08000271   Thumb Code     0  lludivv7m.o(.text)
    _ll_udiv                                 0x08000271   Thumb Code   238  lludivv7m.o(.text)
    __2sprintf                               0x08000361   Thumb Code    34  noretval__2sprintf.o(.text)
    _printf_pre_padding                      0x08000389   Thumb Code    44  _printf_pad.o(.text)
    _printf_post_padding                     0x080003b5   Thumb Code    34  _printf_pad.o(.text)
    _printf_int_hex                          0x080003d9   Thumb Code    84  _printf_hex_int.o(.text)
    _printf_longlong_hex                     0x080003d9   Thumb Code     0  _printf_hex_int.o(.text)
    __printf                                 0x08000431   Thumb Code   308  __printf_flags_wp.o(.text)
    __aeabi_memclr4                          0x08000569   Thumb Code     0  rt_memclr_w.o(.text)
    __aeabi_memclr8                          0x08000569   Thumb Code     0  rt_memclr_w.o(.text)
    __rt_memclr_w                            0x08000569   Thumb Code    78  rt_memclr_w.o(.text)
    _memset_w                                0x0800056d   Thumb Code     0  rt_memclr_w.o(.text)
    __use_two_region_memory                  0x080005b7   Thumb Code     2  heapauxi.o(.text)
    __rt_heap_escrow$2region                 0x080005b9   Thumb Code     2  heapauxi.o(.text)
    __rt_heap_expand$2region                 0x080005bb   Thumb Code     2  heapauxi.o(.text)
    _printf_int_common                       0x080005bd   Thumb Code   178  _printf_intcommon.o(.text)
    _printf_char_common                      0x0800067b   Thumb Code    32  _printf_char_common.o(.text)
    _sputc                                   0x080006a1   Thumb Code    10  _sputc.o(.text)
    __user_setup_stackheap                   0x080006ab   Thumb Code    74  sys_stackheap_outer.o(.text)
    exit                                     0x080006f5   Thumb Code    18  exit.o(.text)
    __user_libspace                          0x08000709   Thumb Code     8  libspace.o(.text)
    __user_perproc_libspace                  0x08000709   Thumb Code     0  libspace.o(.text)
    __user_perthread_libspace                0x08000709   Thumb Code     0  libspace.o(.text)
    _sys_exit                                0x08000711   Thumb Code     8  sys_exit.o(.text)
    __I$use$semihosting                      0x0800071d   Thumb Code     0  use_no_semi.o(.text)
    __use_no_semihosting_swi                 0x0800071d   Thumb Code     2  use_no_semi.o(.text)
    BusFault_Handler                         0x0800071f   Thumb Code     4  stm32f3xx_it.o(i.BusFault_Handler)
    __semihosting_library_function           0x0800071f   Thumb Code     0  indicate_semi.o(.text)
    DebugMon_Handler                         0x08000723   Thumb Code     2  stm32f3xx_it.o(i.DebugMon_Handler)
    EXTI15_10_IRQHandler                     0x08000755   Thumb Code    20  stm32f3xx_it.o(i.EXTI15_10_IRQHandler)
    Error_Handler                            0x08000769   Thumb Code     6  main.o(i.Error_Handler)
    HAL_Delay                                0x08000771   Thumb Code    36  stm32f3xx_hal.o(i.HAL_Delay)
    HAL_GPIO_EXTI_Callback                   0x08000799   Thumb Code   102  nrf24.o(i.HAL_GPIO_EXTI_Callback)
    HAL_GPIO_EXTI_IRQHandler                 0x0800080d   Thumb Code    24  stm32f3xx_hal_gpio.o(i.HAL_GPIO_EXTI_IRQHandler)
    HAL_GPIO_Init                            0x08000829   Thumb Code   418  stm32f3xx_hal_gpio.o(i.HAL_GPIO_Init)
    HAL_GPIO_ReadPin                         0x080009e5   Thumb Code    16  stm32f3xx_hal_gpio.o(i.HAL_GPIO_ReadPin)
    HAL_GPIO_TogglePin                       0x080009f5   Thumb Code    20  stm32f3xx_hal_gpio.o(i.HAL_GPIO_TogglePin)
    HAL_GPIO_WritePin                        0x08000a09   Thumb Code    10  stm32f3xx_hal_gpio.o(i.HAL_GPIO_WritePin)
    HAL_GetTick                              0x08000a15   Thumb Code     6  stm32f3xx_hal.o(i.HAL_GetTick)
    HAL_IncTick                              0x08000a21   Thumb Code    16  stm32f3xx_hal.o(i.HAL_IncTick)
    HAL_Init                                 0x08000a39   Thumb Code    34  stm32f3xx_hal.o(i.HAL_Init)
    HAL_InitTick                             0x08000a61   Thumb Code    64  stm32f3xx_hal.o(i.HAL_InitTick)
    HAL_MspInit                              0x08000aad   Thumb Code    64  stm32f3xx_hal_msp.o(i.HAL_MspInit)
    HAL_NVIC_EnableIRQ                       0x08000af1   Thumb Code    32  stm32f3xx_hal_cortex.o(i.HAL_NVIC_EnableIRQ)
    HAL_NVIC_SetPriority                     0x08000b11   Thumb Code   124  stm32f3xx_hal_cortex.o(i.HAL_NVIC_SetPriority)
    HAL_NVIC_SetPriorityGrouping             0x08000b8d   Thumb Code    32  stm32f3xx_hal_cortex.o(i.HAL_NVIC_SetPriorityGrouping)
    HAL_RCCEx_PeriphCLKConfig                0x08000bb5   Thumb Code   512  stm32f3xx_hal_rcc_ex.o(i.HAL_RCCEx_PeriphCLKConfig)
    HAL_RCC_ClockConfig                      0x08000dc1   Thumb Code   664  stm32f3xx_hal_rcc.o(i.HAL_RCC_ClockConfig)
    HAL_RCC_GetSysClockFreq                  0x0800106d   Thumb Code   138  stm32f3xx_hal_rcc.o(i.HAL_RCC_GetSysClockFreq)
    HAL_RCC_OscConfig                        0x0800110d   Thumb Code  2586  stm32f3xx_hal_rcc.o(i.HAL_RCC_OscConfig)
    HAL_SPI_Init                             0x08001b31   Thumb Code   240  stm32f3xx_hal_spi.o(i.HAL_SPI_Init)
    HAL_SPI_MspInit                          0x08001c21   Thumb Code   108  stm32f3xx_hal_msp.o(i.HAL_SPI_MspInit)
    HAL_SPI_Receive                          0x08001c99   Thumb Code   422  stm32f3xx_hal_spi.o(i.HAL_SPI_Receive)
    HAL_SPI_Transmit                         0x08001e3f   Thumb Code   490  stm32f3xx_hal_spi.o(i.HAL_SPI_Transmit)
    HAL_SPI_TransmitReceive                  0x08002029   Thumb Code   700  stm32f3xx_hal_spi.o(i.HAL_SPI_TransmitReceive)
    HAL_SYSTICK_Config                       0x080022e5   Thumb Code    52  stm32f3xx_hal_cortex.o(i.HAL_SYSTICK_Config)
    HAL_TIMEx_Break2Callback                 0x08002319   Thumb Code     2  stm32f3xx_hal_tim_ex.o(i.HAL_TIMEx_Break2Callback)
    HAL_TIMEx_BreakCallback                  0x0800231b   Thumb Code     2  stm32f3xx_hal_tim_ex.o(i.HAL_TIMEx_BreakCallback)
    HAL_TIMEx_CommutCallback                 0x0800231d   Thumb Code     2  stm32f3xx_hal_tim_ex.o(i.HAL_TIMEx_CommutCallback)
    HAL_TIMEx_MasterConfigSynchronization    0x08002321   Thumb Code   134  stm32f3xx_hal_tim_ex.o(i.HAL_TIMEx_MasterConfigSynchronization)
    HAL_TIM_Base_Init                        0x080023b5   Thumb Code   110  stm32f3xx_hal_tim.o(i.HAL_TIM_Base_Init)
    HAL_TIM_Base_MspInit                     0x08002425   Thumb Code    58  stm32f3xx_hal_msp.o(i.HAL_TIM_Base_MspInit)
    HAL_TIM_Base_Start_IT                    0x08002469   Thumb Code   114  stm32f3xx_hal_tim.o(i.HAL_TIM_Base_Start_IT)
    HAL_TIM_ConfigClockSource                0x080024ed   Thumb Code   264  stm32f3xx_hal_tim.o(i.HAL_TIM_ConfigClockSource)
    HAL_TIM_IC_CaptureCallback               0x080025f9   Thumb Code     2  stm32f3xx_hal_tim.o(i.HAL_TIM_IC_CaptureCallback)
    HAL_TIM_IRQHandler                       0x080025fb   Thumb Code   440  stm32f3xx_hal_tim.o(i.HAL_TIM_IRQHandler)
    HAL_TIM_OC_DelayElapsedCallback          0x080027b3   Thumb Code     2  stm32f3xx_hal_tim.o(i.HAL_TIM_OC_DelayElapsedCallback)
    HAL_TIM_PWM_PulseFinishedCallback        0x080027b5   Thumb Code     2  stm32f3xx_hal_tim.o(i.HAL_TIM_PWM_PulseFinishedCallback)
    HAL_TIM_PeriodElapsedCallback            0x080027b7   Thumb Code     2  stm32f3xx_hal_tim.o(i.HAL_TIM_PeriodElapsedCallback)
    HAL_TIM_TriggerCallback                  0x080027b9   Thumb Code     2  stm32f3xx_hal_tim.o(i.HAL_TIM_TriggerCallback)
    HardFault_Handler                        0x080027bb   Thumb Code     4  stm32f3xx_it.o(i.HardFault_Handler)
    MemManage_Handler                        0x080029b5   Thumb Code     4  stm32f3xx_it.o(i.MemManage_Handler)
    NMI_Handler                              0x080029b9   Thumb Code     4  stm32f3xx_it.o(i.NMI_Handler)
    NRF24L01_RX_Mode                         0x080029bd   Thumb Code    50  nrf24.o(i.NRF24L01_RX_Mode)
    NRF24L01_Receive                         0x080029f5   Thumb Code    80  nrf24.o(i.NRF24L01_Receive)
    NRF24_FlushRX                            0x08002a4d   Thumb Code    50  nrf24.o(i.NRF24_FlushRX)
    NRF24_FlushTX                            0x08002a8d   Thumb Code    50  nrf24.o(i.NRF24_FlushTX)
    NRF24_ReadReg                            0x08002acd   Thumb Code    84  nrf24.o(i.NRF24_ReadReg)
    NRF24_Read_Buf                           0x08002b29   Thumb Code    56  nrf24.o(i.NRF24_Read_Buf)
    NRF24_ToggleFeatures                     0x08002b69   Thumb Code    68  nrf24.o(i.NRF24_ToggleFeatures)
    NRF24_WriteReg                           0x08002bb9   Thumb Code    62  nrf24.o(i.NRF24_WriteReg)
    NRF24_Write_Buf                          0x08002c01   Thumb Code    72  nrf24.o(i.NRF24_Write_Buf)
    NRF24_ini                                0x08002c51   Thumb Code   146  nrf24.o(i.NRF24_ini)
    PendSV_Handler                           0x08002ced   Thumb Code     2  stm32f3xx_it.o(i.PendSV_Handler)
    SVC_Handler                              0x08002f91   Thumb Code     2  stm32f3xx_it.o(i.SVC_Handler)
    SysTick_Handler                          0x08002f93   Thumb Code     8  stm32f3xx_it.o(i.SysTick_Handler)
    SystemClock_Config                       0x08002f9b   Thumb Code   128  main.o(i.SystemClock_Config)
    SystemInit                               0x0800301d   Thumb Code    14  system_stm32f3xx.o(i.SystemInit)
    TIM1_UP_TIM16_IRQHandler                 0x08003031   Thumb Code    24  stm32f3xx_it.o(i.TIM1_UP_TIM16_IRQHandler)
    TIM_Base_SetConfig                       0x0800304d   Thumb Code   128  stm32f3xx_hal_tim.o(i.TIM_Base_SetConfig)
    TIM_ETR_SetConfig                        0x080030e1   Thumb Code    22  stm32f3xx_hal_tim.o(i.TIM_ETR_SetConfig)
    TIM_ResetCounter                         0x08003109   Thumb Code     6  nrf24.o(i.TIM_ResetCounter)
    UsageFault_Handler                       0x0800315d   Thumb Code     4  stm32f3xx_it.o(i.UsageFault_Handler)
    _is_digit                                0x08003199   Thumb Code    14  __printf_wp.o(i._is_digit)
    main                                     0x080031a9   Thumb Code   174  main.o(i.main)
    _fp_init                                 0x080032c9   Thumb Code    10  fpinit.o(x$fpl$fpinit)
    __fplib_config_fpu_vfp                   0x080032d1   Thumb Code     0  fpinit.o(x$fpl$fpinit)
    __fplib_config_pureend_doubles           0x080032d1   Thumb Code     0  fpinit.o(x$fpl$fpinit)
    aPLLMULFactorTable                       0x080032d2   Data          16  stm32f3xx_hal_rcc.o(.constdata)
    aPredivFactorTable                       0x080032e2   Data          16  stm32f3xx_hal_rcc.o(.constdata)
    AHBPrescTable                            0x080032f2   Data          16  system_stm32f3xx.o(.constdata)
    APBPrescTable                            0x08003302   Data           8  system_stm32f3xx.o(.constdata)
    Region$$Table$$Base                      0x08003344   Number         0  anon$$obj.o(Region$$Table)
    Region$$Table$$Limit                     0x08003364   Number         0  anon$$obj.o(Region$$Table)
    TX_ADDRESS                               0x20000000   Data           3  nrf24.o(.data)
    RX_BUF                                   0x20000003   Data           5  nrf24.o(.data)
    ErrCnt_Fl                                0x20000008   Data           1  nrf24.o(.data)
    data                                     0x20000009   Data           1  nrf24.o(.data)
    dt_reg                                   0x2000000a   Data           1  main.o(.data)
    receive                                  0x2000000b   Data           1  main.o(.data)
    uwTick                                   0x2000000c   Data           4  stm32f3xx_hal.o(.data)
    uwTickPrio                               0x20000010   Data           4  stm32f3xx_hal.o(.data)
    uwTickFreq                               0x20000014   Data           1  stm32f3xx_hal.o(.data)
    SystemCoreClock                          0x20000018   Data           4  system_stm32f3xx.o(.data)
    hspi1                                    0x2000001c   Data         100  main.o(.bss)
    htim1                                    0x20000080   Data          76  main.o(.bss)
    str1                                     0x200000cc   Data         150  main.o(.bss)
    __libspace_start                         0x20000164   Data          96  libspace.o(.bss)
    __temporary_stack_top$libspace           0x200001c4   Data           0  libspace.o(.bss)



==============================================================================

Memory Map of the image

  Image Entry point : 0x08000189

  Load Region LR_IROM1 (Base: 0x08000000, Size: 0x00003380, Max: 0x00010000, ABSOLUTE)

    Execution Region ER_IROM1 (Exec base: 0x08000000, Load base: 0x08000000, Size: 0x00003364, Max: 0x00010000, ABSOLUTE)

    Exec Addr    Load Addr    Size         Type   Attr      Idx    E Section Name        Object

    0x08000000   0x08000000   0x00000188   Data   RO            3    RESET               startup_stm32f334x8.o
    0x08000188   0x08000188   0x00000008   Code   RO         3429  * !!!main             c_w.l(__main.o)
    0x08000190   0x08000190   0x00000034   Code   RO         3605    !!!scatter          c_w.l(__scatter.o)
    0x080001c4   0x080001c4   0x0000001a   Code   RO         3607    !!handler_copy      c_w.l(__scatter_copy.o)
    0x080001de   0x080001de   0x00000002   PAD
    0x080001e0   0x080001e0   0x0000001c   Code   RO         3609    !!handler_zi        c_w.l(__scatter_zi.o)
    0x080001fc   0x080001fc   0x00000000   Code   RO         3422    .ARM.Collect$$_printf_percent$$00000000  c_w.l(_printf_percent.o)
    0x080001fc   0x080001fc   0x00000006   Code   RO         3421    .ARM.Collect$$_printf_percent$$0000000C  c_w.l(_printf_x.o)
    0x08000202   0x08000202   0x00000004   Code   RO         3442    .ARM.Collect$$_printf_percent$$00000017  c_w.l(_printf_percent_end.o)
    0x08000206   0x08000206   0x00000002   Code   RO         3475    .ARM.Collect$$libinit$$00000000  c_w.l(libinit.o)
    0x08000208   0x08000208   0x00000004   Code   RO         3487    .ARM.Collect$$libinit$$00000001  c_w.l(libinit2.o)
    0x0800020c   0x0800020c   0x00000000   Code   RO         3490    .ARM.Collect$$libinit$$00000004  c_w.l(libinit2.o)
    0x0800020c   0x0800020c   0x00000000   Code   RO         3493    .ARM.Collect$$libinit$$0000000A  c_w.l(libinit2.o)
    0x0800020c   0x0800020c   0x00000000   Code   RO         3495    .ARM.Collect$$libinit$$0000000C  c_w.l(libinit2.o)
    0x0800020c   0x0800020c   0x00000000   Code   RO         3497    .ARM.Collect$$libinit$$0000000E  c_w.l(libinit2.o)
    0x0800020c   0x0800020c   0x00000000   Code   RO         3500    .ARM.Collect$$libinit$$00000011  c_w.l(libinit2.o)
    0x0800020c   0x0800020c   0x00000000   Code   RO         3502    .ARM.Collect$$libinit$$00000013  c_w.l(libinit2.o)
    0x0800020c   0x0800020c   0x00000000   Code   RO         3504    .ARM.Collect$$libinit$$00000015  c_w.l(libinit2.o)
    0x0800020c   0x0800020c   0x00000000   Code   RO         3506    .ARM.Collect$$libinit$$00000017  c_w.l(libinit2.o)
    0x0800020c   0x0800020c   0x00000000   Code   RO         3508    .ARM.Collect$$libinit$$00000019  c_w.l(libinit2.o)
    0x0800020c   0x0800020c   0x00000000   Code   RO         3510    .ARM.Collect$$libinit$$0000001B  c_w.l(libinit2.o)
    0x0800020c   0x0800020c   0x00000000   Code   RO         3512    .ARM.Collect$$libinit$$0000001D  c_w.l(libinit2.o)
    0x0800020c   0x0800020c   0x00000000   Code   RO         3514    .ARM.Collect$$libinit$$0000001F  c_w.l(libinit2.o)
    0x0800020c   0x0800020c   0x00000000   Code   RO         3516    .ARM.Collect$$libinit$$00000021  c_w.l(libinit2.o)
    0x0800020c   0x0800020c   0x00000000   Code   RO         3518    .ARM.Collect$$libinit$$00000023  c_w.l(libinit2.o)
    0x0800020c   0x0800020c   0x00000000   Code   RO         3520    .ARM.Collect$$libinit$$00000025  c_w.l(libinit2.o)
    0x0800020c   0x0800020c   0x00000000   Code   RO         3524    .ARM.Collect$$libinit$$0000002C  c_w.l(libinit2.o)
    0x0800020c   0x0800020c   0x00000000   Code   RO         3526    .ARM.Collect$$libinit$$0000002E  c_w.l(libinit2.o)
    0x0800020c   0x0800020c   0x00000000   Code   RO         3528    .ARM.Collect$$libinit$$00000030  c_w.l(libinit2.o)
    0x0800020c   0x0800020c   0x00000000   Code   RO         3530    .ARM.Collect$$libinit$$00000032  c_w.l(libinit2.o)
    0x0800020c   0x0800020c   0x00000002   Code   RO         3531    .ARM.Collect$$libinit$$00000033  c_w.l(libinit2.o)
    0x0800020e   0x0800020e   0x00000002   Code   RO         3562    .ARM.Collect$$libshutdown$$00000000  c_w.l(libshutdown.o)
    0x08000210   0x08000210   0x00000000   Code   RO         3588    .ARM.Collect$$libshutdown$$00000002  c_w.l(libshutdown2.o)
    0x08000210   0x08000210   0x00000000   Code   RO         3590    .ARM.Collect$$libshutdown$$00000004  c_w.l(libshutdown2.o)
    0x08000210   0x08000210   0x00000000   Code   RO         3593    .ARM.Collect$$libshutdown$$00000007  c_w.l(libshutdown2.o)
    0x08000210   0x08000210   0x00000000   Code   RO         3596    .ARM.Collect$$libshutdown$$0000000A  c_w.l(libshutdown2.o)
    0x08000210   0x08000210   0x00000000   Code   RO         3598    .ARM.Collect$$libshutdown$$0000000C  c_w.l(libshutdown2.o)
    0x08000210   0x08000210   0x00000000   Code   RO         3601    .ARM.Collect$$libshutdown$$0000000F  c_w.l(libshutdown2.o)
    0x08000210   0x08000210   0x00000002   Code   RO         3602    .ARM.Collect$$libshutdown$$00000010  c_w.l(libshutdown2.o)
    0x08000212   0x08000212   0x00000000   Code   RO         3431    .ARM.Collect$$rtentry$$00000000  c_w.l(__rtentry.o)
    0x08000212   0x08000212   0x00000000   Code   RO         3444    .ARM.Collect$$rtentry$$00000002  c_w.l(__rtentry2.o)
    0x08000212   0x08000212   0x00000006   Code   RO         3456    .ARM.Collect$$rtentry$$00000004  c_w.l(__rtentry4.o)
    0x08000218   0x08000218   0x00000000   Code   RO         3446    .ARM.Collect$$rtentry$$00000009  c_w.l(__rtentry2.o)
    0x08000218   0x08000218   0x00000004   Code   RO         3447    .ARM.Collect$$rtentry$$0000000A  c_w.l(__rtentry2.o)
    0x0800021c   0x0800021c   0x00000000   Code   RO         3449    .ARM.Collect$$rtentry$$0000000C  c_w.l(__rtentry2.o)
    0x0800021c   0x0800021c   0x00000008   Code   RO         3450    .ARM.Collect$$rtentry$$0000000D  c_w.l(__rtentry2.o)
    0x08000224   0x08000224   0x00000002   Code   RO         3479    .ARM.Collect$$rtexit$$00000000  c_w.l(rtexit.o)
    0x08000226   0x08000226   0x00000000   Code   RO         3535    .ARM.Collect$$rtexit$$00000002  c_w.l(rtexit2.o)
    0x08000226   0x08000226   0x00000004   Code   RO         3536    .ARM.Collect$$rtexit$$00000003  c_w.l(rtexit2.o)
    0x0800022a   0x0800022a   0x00000006   Code   RO         3537    .ARM.Collect$$rtexit$$00000004  c_w.l(rtexit2.o)
    0x08000230   0x08000230   0x00000040   Code   RO            4    .text               startup_stm32f334x8.o
    0x08000270   0x08000270   0x000000ee   Code   RO         3368    .text               c_w.l(lludivv7m.o)
    0x0800035e   0x0800035e   0x00000002   PAD
    0x08000360   0x08000360   0x00000028   Code   RO         3374    .text               c_w.l(noretval__2sprintf.o)
    0x08000388   0x08000388   0x0000004e   Code   RO         3378    .text               c_w.l(_printf_pad.o)
    0x080003d6   0x080003d6   0x00000002   PAD
    0x080003d8   0x080003d8   0x00000058   Code   RO         3383    .text               c_w.l(_printf_hex_int.o)
    0x08000430   0x08000430   0x00000138   Code   RO         3413    .text               c_w.l(__printf_flags_wp.o)
    0x08000568   0x08000568   0x0000004e   Code   RO         3425    .text               c_w.l(rt_memclr_w.o)
    0x080005b6   0x080005b6   0x00000006   Code   RO         3427    .text               c_w.l(heapauxi.o)
    0x080005bc   0x080005bc   0x000000b2   Code   RO         3436    .text               c_w.l(_printf_intcommon.o)
    0x0800066e   0x0800066e   0x00000002   PAD
    0x08000670   0x08000670   0x00000030   Code   RO         3438    .text               c_w.l(_printf_char_common.o)
    0x080006a0   0x080006a0   0x0000000a   Code   RO         3440    .text               c_w.l(_sputc.o)
    0x080006aa   0x080006aa   0x0000004a   Code   RO         3462    .text               c_w.l(sys_stackheap_outer.o)
    0x080006f4   0x080006f4   0x00000012   Code   RO         3464    .text               c_w.l(exit.o)
    0x08000706   0x08000706   0x00000002   PAD
    0x08000708   0x08000708   0x00000008   Code   RO         3476    .text               c_w.l(libspace.o)
    0x08000710   0x08000710   0x0000000c   Code   RO         3532    .text               c_w.l(sys_exit.o)
    0x0800071c   0x0800071c   0x00000002   Code   RO         3551    .text               c_w.l(use_no_semi.o)
    0x0800071e   0x0800071e   0x00000000   Code   RO         3553    .text               c_w.l(indicate_semi.o)
    0x0800071e   0x0800071e   0x00000004   Code   RO          295    i.BusFault_Handler  stm32f3xx_it.o
    0x08000722   0x08000722   0x00000002   Code   RO          296    i.DebugMon_Handler  stm32f3xx_it.o
    0x08000724   0x08000724   0x00000030   Code   RO           13    i.DelayMicro        nrf24.o
    0x08000754   0x08000754   0x00000014   Code   RO          297    i.EXTI15_10_IRQHandler  stm32f3xx_it.o
    0x08000768   0x08000768   0x00000006   Code   RO          236    i.Error_Handler     main.o
    0x0800076e   0x0800076e   0x00000002   PAD
    0x08000770   0x08000770   0x00000028   Code   RO          789    i.HAL_Delay         stm32f3xx_hal.o
    0x08000798   0x08000798   0x00000074   Code   RO           14    i.HAL_GPIO_EXTI_Callback  nrf24.o
    0x0800080c   0x0800080c   0x0000001c   Code   RO         1105    i.HAL_GPIO_EXTI_IRQHandler  stm32f3xx_hal_gpio.o
    0x08000828   0x08000828   0x000001bc   Code   RO         1106    i.HAL_GPIO_Init     stm32f3xx_hal_gpio.o
    0x080009e4   0x080009e4   0x00000010   Code   RO         1108    i.HAL_GPIO_ReadPin  stm32f3xx_hal_gpio.o
    0x080009f4   0x080009f4   0x00000014   Code   RO         1109    i.HAL_GPIO_TogglePin  stm32f3xx_hal_gpio.o
    0x08000a08   0x08000a08   0x0000000a   Code   RO         1110    i.HAL_GPIO_WritePin  stm32f3xx_hal_gpio.o
    0x08000a12   0x08000a12   0x00000002   PAD
    0x08000a14   0x08000a14   0x0000000c   Code   RO          793    i.HAL_GetTick       stm32f3xx_hal.o
    0x08000a20   0x08000a20   0x00000018   Code   RO          799    i.HAL_IncTick       stm32f3xx_hal.o
    0x08000a38   0x08000a38   0x00000028   Code   RO          800    i.HAL_Init          stm32f3xx_hal.o
    0x08000a60   0x08000a60   0x0000004c   Code   RO          801    i.HAL_InitTick      stm32f3xx_hal.o
    0x08000aac   0x08000aac   0x00000044   Code   RO          383    i.HAL_MspInit       stm32f3xx_hal_msp.o
    0x08000af0   0x08000af0   0x00000020   Code   RO         1271    i.HAL_NVIC_EnableIRQ  stm32f3xx_hal_cortex.o
    0x08000b10   0x08000b10   0x0000007c   Code   RO         1277    i.HAL_NVIC_SetPriority  stm32f3xx_hal_cortex.o
    0x08000b8c   0x08000b8c   0x00000028   Code   RO         1278    i.HAL_NVIC_SetPriorityGrouping  stm32f3xx_hal_cortex.o
    0x08000bb4   0x08000bb4   0x0000020c   Code   RO         1063    i.HAL_RCCEx_PeriphCLKConfig  stm32f3xx_hal_rcc_ex.o
    0x08000dc0   0x08000dc0   0x000002ac   Code   RO          957    i.HAL_RCC_ClockConfig  stm32f3xx_hal_rcc.o
    0x0800106c   0x0800106c   0x000000a0   Code   RO          966    i.HAL_RCC_GetSysClockFreq  stm32f3xx_hal_rcc.o
    0x0800110c   0x0800110c   0x00000a24   Code   RO          969    i.HAL_RCC_OscConfig  stm32f3xx_hal_rcc.o
    0x08001b30   0x08001b30   0x000000f0   Code   RO          442    i.HAL_SPI_Init      stm32f3xx_hal_spi.o
    0x08001c20   0x08001c20   0x00000078   Code   RO          385    i.HAL_SPI_MspInit   stm32f3xx_hal_msp.o
    0x08001c98   0x08001c98   0x000001a6   Code   RO          445    i.HAL_SPI_Receive   stm32f3xx_hal_spi.o
    0x08001e3e   0x08001e3e   0x000001ea   Code   RO          450    i.HAL_SPI_Transmit  stm32f3xx_hal_spi.o
    0x08002028   0x08002028   0x000002bc   Code   RO          451    i.HAL_SPI_TransmitReceive  stm32f3xx_hal_spi.o
    0x080022e4   0x080022e4   0x00000034   Code   RO         1282    i.HAL_SYSTICK_Config  stm32f3xx_hal_cortex.o
    0x08002318   0x08002318   0x00000002   Code   RO         3053    i.HAL_TIMEx_Break2Callback  stm32f3xx_hal_tim_ex.o
    0x0800231a   0x0800231a   0x00000002   Code   RO         3054    i.HAL_TIMEx_BreakCallback  stm32f3xx_hal_tim_ex.o
    0x0800231c   0x0800231c   0x00000002   Code   RO         3055    i.HAL_TIMEx_CommutCallback  stm32f3xx_hal_tim_ex.o
    0x0800231e   0x0800231e   0x00000002   PAD
    0x08002320   0x08002320   0x00000094   Code   RO         3074    i.HAL_TIMEx_MasterConfigSynchronization  stm32f3xx_hal_tim_ex.o
    0x080023b4   0x080023b4   0x0000006e   Code   RO         2328    i.HAL_TIM_Base_Init  stm32f3xx_hal_tim.o
    0x08002422   0x08002422   0x00000002   PAD
    0x08002424   0x08002424   0x00000044   Code   RO          387    i.HAL_TIM_Base_MspInit  stm32f3xx_hal_msp.o
    0x08002468   0x08002468   0x00000084   Code   RO         2333    i.HAL_TIM_Base_Start_IT  stm32f3xx_hal_tim.o
    0x080024ec   0x080024ec   0x0000010c   Code   RO         2337    i.HAL_TIM_ConfigClockSource  stm32f3xx_hal_tim.o
    0x080025f8   0x080025f8   0x00000002   Code   RO         2362    i.HAL_TIM_IC_CaptureCallback  stm32f3xx_hal_tim.o
    0x080025fa   0x080025fa   0x000001b8   Code   RO         2376    i.HAL_TIM_IRQHandler  stm32f3xx_hal_tim.o
    0x080027b2   0x080027b2   0x00000002   Code   RO         2379    i.HAL_TIM_OC_DelayElapsedCallback  stm32f3xx_hal_tim.o
    0x080027b4   0x080027b4   0x00000002   Code   RO         2406    i.HAL_TIM_PWM_PulseFinishedCallback  stm32f3xx_hal_tim.o
    0x080027b6   0x080027b6   0x00000002   Code   RO         2414    i.HAL_TIM_PeriodElapsedCallback  stm32f3xx_hal_tim.o
    0x080027b8   0x080027b8   0x00000002   Code   RO         2419    i.HAL_TIM_TriggerCallback  stm32f3xx_hal_tim.o
    0x080027ba   0x080027ba   0x00000004   Code   RO          298    i.HardFault_Handler  stm32f3xx_it.o
    0x080027be   0x080027be   0x00000002   PAD
    0x080027c0   0x080027c0   0x0000012c   Code   RO          237    i.MX_GPIO_Init      main.o
    0x080028ec   0x080028ec   0x00000054   Code   RO          238    i.MX_SPI1_Init      main.o
    0x08002940   0x08002940   0x00000074   Code   RO          239    i.MX_TIM1_Init      main.o
    0x080029b4   0x080029b4   0x00000004   Code   RO          299    i.MemManage_Handler  stm32f3xx_it.o
    0x080029b8   0x080029b8   0x00000004   Code   RO          300    i.NMI_Handler       stm32f3xx_it.o
    0x080029bc   0x080029bc   0x00000038   Code   RO           15    i.NRF24L01_RX_Mode  nrf24.o
    0x080029f4   0x080029f4   0x00000058   Code   RO           16    i.NRF24L01_Receive  nrf24.o
    0x08002a4c   0x08002a4c   0x00000040   Code   RO           19    i.NRF24_FlushRX     nrf24.o
    0x08002a8c   0x08002a8c   0x00000040   Code   RO           20    i.NRF24_FlushTX     nrf24.o
    0x08002acc   0x08002acc   0x0000005c   Code   RO           21    i.NRF24_ReadReg     nrf24.o
    0x08002b28   0x08002b28   0x00000040   Code   RO           22    i.NRF24_Read_Buf    nrf24.o
    0x08002b68   0x08002b68   0x00000050   Code   RO           23    i.NRF24_ToggleFeatures  nrf24.o
    0x08002bb8   0x08002bb8   0x00000048   Code   RO           25    i.NRF24_WriteReg    nrf24.o
    0x08002c00   0x08002c00   0x00000050   Code   RO           26    i.NRF24_Write_Buf   nrf24.o
    0x08002c50   0x08002c50   0x0000009c   Code   RO           27    i.NRF24_ini         nrf24.o
    0x08002cec   0x08002cec   0x00000002   Code   RO          301    i.PendSV_Handler    stm32f3xx_it.o
    0x08002cee   0x08002cee   0x00000082   Code   RO          479    i.SPI_EndRxTransaction  stm32f3xx_hal_spi.o
    0x08002d70   0x08002d70   0x00000064   Code   RO          480    i.SPI_EndRxTxTransaction  stm32f3xx_hal_spi.o
    0x08002dd4   0x08002dd4   0x000000e4   Code   RO          485    i.SPI_WaitFifoStateUntilTimeout  stm32f3xx_hal_spi.o
    0x08002eb8   0x08002eb8   0x000000d8   Code   RO          486    i.SPI_WaitFlagStateUntilTimeout  stm32f3xx_hal_spi.o
    0x08002f90   0x08002f90   0x00000002   Code   RO          302    i.SVC_Handler       stm32f3xx_it.o
    0x08002f92   0x08002f92   0x00000008   Code   RO          303    i.SysTick_Handler   stm32f3xx_it.o
    0x08002f9a   0x08002f9a   0x00000080   Code   RO          240    i.SystemClock_Config  main.o
    0x0800301a   0x0800301a   0x00000002   PAD
    0x0800301c   0x0800301c   0x00000014   Code   RO         3333    i.SystemInit        system_stm32f3xx.o
    0x08003030   0x08003030   0x0000001c   Code   RO          304    i.TIM1_UP_TIM16_IRQHandler  stm32f3xx_it.o
    0x0800304c   0x0800304c   0x00000094   Code   RO         2421    i.TIM_Base_SetConfig  stm32f3xx_hal_tim.o
    0x080030e0   0x080030e0   0x00000016   Code   RO         2432    i.TIM_ETR_SetConfig  stm32f3xx_hal_tim.o
    0x080030f6   0x080030f6   0x00000012   Code   RO         2433    i.TIM_ITRx_SetConfig  stm32f3xx_hal_tim.o
    0x08003108   0x08003108   0x00000006   Code   RO           28    i.TIM_ResetCounter  nrf24.o
    0x0800310e   0x0800310e   0x00000026   Code   RO         2441    i.TIM_TI1_ConfigInputStage  stm32f3xx_hal_tim.o
    0x08003134   0x08003134   0x00000028   Code   RO         2443    i.TIM_TI2_ConfigInputStage  stm32f3xx_hal_tim.o
    0x0800315c   0x0800315c   0x00000004   Code   RO          305    i.UsageFault_Handler  stm32f3xx_it.o
    0x08003160   0x08003160   0x00000010   Code   RO         1284    i.__NVIC_GetPriorityGrouping  stm32f3xx_hal_cortex.o
    0x08003170   0x08003170   0x00000028   Code   RO         1285    i.__NVIC_SetPriority  stm32f3xx_hal_cortex.o
    0x08003198   0x08003198   0x0000000e   Code   RO         3411    i._is_digit         c_w.l(__printf_wp.o)
    0x080031a6   0x080031a6   0x00000002   PAD
    0x080031a8   0x080031a8   0x00000120   Code   RO          241    i.main              main.o
    0x080032c8   0x080032c8   0x0000000a   Code   RO         3547    x$fpl$fpinit        fz_wm.l(fpinit.o)
    0x080032d2   0x080032d2   0x00000020   Data   RO          970    .constdata          stm32f3xx_hal_rcc.o
    0x080032f2   0x080032f2   0x00000018   Data   RO         3334    .constdata          system_stm32f3xx.o
    0x0800330a   0x0800330a   0x00000028   Data   RO         3384    .constdata          c_w.l(_printf_hex_int.o)
    0x08003332   0x08003332   0x00000011   Data   RO         3414    .constdata          c_w.l(__printf_flags_wp.o)
    0x08003343   0x08003343   0x00000001   PAD
    0x08003344   0x08003344   0x00000020   Data   RO         3603    Region$$Table       anon$$obj.o


    Execution Region RW_IRAM2 (Exec base: 0x10000000, Load base: 0x08003380, Size: 0x00000000, Max: 0x00001000, ABSOLUTE)

    **** No section assigned to this execution region ****


    Execution Region RW_IRAM1 (Exec base: 0x20000000, Load base: 0x08003364, Size: 0x000007c8, Max: 0x00003000, ABSOLUTE)

    Exec Addr    Load Addr    Size         Type   Attr      Idx    E Section Name        Object

    0x20000000   0x08003364   0x0000000a   Data   RW           29    .data               nrf24.o
    0x2000000a   0x0800336e   0x00000002   Data   RW          243    .data               main.o
    0x2000000c   0x08003370   0x00000009   Data   RW          807    .data               stm32f3xx_hal.o
    0x20000015   0x08003379   0x00000003   PAD
    0x20000018   0x0800337c   0x00000004   Data   RW         3335    .data               system_stm32f3xx.o
    0x2000001c        -       0x00000146   Zero   RW          242    .bss                main.o
    0x20000162   0x08003380   0x00000002   PAD
    0x20000164        -       0x00000060   Zero   RW         3477    .bss                c_w.l(libspace.o)
    0x200001c4   0x08003380   0x00000004   PAD
    0x200001c8        -       0x00000200   Zero   RW            2    HEAP                startup_stm32f334x8.o
    0x200003c8        -       0x00000400   Zero   RW            1    STACK               startup_stm32f334x8.o


==============================================================================

Image component sizes


      Code (inc. data)   RO Data    RW Data    ZI Data      Debug   Object Name

       922        148          0          2        326       4490   main.o
       986        122          0         10          0     645263   nrf24.o
        64         26        392          0       1536        872   startup_stm32f334x8.o
       192         36          0          9          0      15409   stm32f3xx_hal.o
       304         22          0          0          0      32955   stm32f3xx_hal_cortex.o
       518         30          0          0          0       4371   stm32f3xx_hal_gpio.o
       256         26          0          0          0       2323   stm32f3xx_hal_msp.o
      3440         74         32          0          0       4840   stm32f3xx_hal_rcc.o
       524         12          0          0          0       1528   stm32f3xx_hal_rcc_ex.o
      2526         12          0          0          0       9418   stm32f3xx_hal_spi.o
      1226         42          0          0          0      10639   stm32f3xx_hal_tim.o
       154         14          0          0          0       3220   stm32f3xx_hal_tim_ex.o
        82          4          0          0          0       5564   stm32f3xx_it.o
        20          6         24          4          0       1211   system_stm32f3xx.o

    ----------------------------------------------------------------------
     11226        574        480         28       1864     742103   Object Totals
         0          0         32          0          0          0   (incl. Generated)
        12          0          0          3          2          0   (incl. Padding)

    ----------------------------------------------------------------------

      Code (inc. data)   RO Data    RW Data    ZI Data      Debug   Library Member Name

         8          0          0          0          0         68   __main.o
       312          4         17          0          0         92   __printf_flags_wp.o
        14          0          0          0          0         68   __printf_wp.o
         0          0          0          0          0          0   __rtentry.o
        12          0          0          0          0          0   __rtentry2.o
         6          0          0          0          0          0   __rtentry4.o
        52          8          0          0          0          0   __scatter.o
        26          0          0          0          0          0   __scatter_copy.o
        28          0          0          0          0          0   __scatter_zi.o
        48          6          0          0          0         96   _printf_char_common.o
        88          4         40          0          0         88   _printf_hex_int.o
       178          0          0          0          0         88   _printf_intcommon.o
        78          0          0          0          0        108   _printf_pad.o
         0          0          0          0          0          0   _printf_percent.o
         4          0          0          0          0          0   _printf_percent_end.o
         6          0          0          0          0          0   _printf_x.o
        10          0          0          0          0         68   _sputc.o
        18          0          0          0          0         80   exit.o
         6          0          0          0          0        152   heapauxi.o
         0          0          0          0          0          0   indicate_semi.o
         2          0          0          0          0          0   libinit.o
         6          0          0          0          0          0   libinit2.o
         2          0          0          0          0          0   libshutdown.o
         2          0          0          0          0          0   libshutdown2.o
         8          4          0          0         96         68   libspace.o
       238          0          0          0          0        100   lludivv7m.o
        40          6          0          0          0         84   noretval__2sprintf.o
        78          0          0          0          0         80   rt_memclr_w.o
         2          0          0          0          0          0   rtexit.o
        10          0          0          0          0          0   rtexit2.o
        12          4          0          0          0         68   sys_exit.o
        74          0          0          0          0         80   sys_stackheap_outer.o
         2          0          0          0          0         68   use_no_semi.o
        10          0          0          0          0        116   fpinit.o

    ----------------------------------------------------------------------
      1392         36         58          0        100       1572   Library Totals
        12          0          1          0          4          0   (incl. Padding)

    ----------------------------------------------------------------------

      Code (inc. data)   RO Data    RW Data    ZI Data      Debug   Library Name

      1370         36         57          0         96       1456   c_w.l
        10          0          0          0          0        116   fz_wm.l

    ----------------------------------------------------------------------
      1392         36         58          0        100       1572   Library Totals

    ----------------------------------------------------------------------

==============================================================================


      Code (inc. data)   RO Data    RW Data    ZI Data      Debug   

     12618        610        538         28       1964     735499   Grand Totals
     12618        610        538         28       1964     735499   ELF Image Totals
     12618        610        538         28          0          0   ROM Totals

==============================================================================

    Total RO  Size (Code + RO Data)                13156 (  12.85kB)
    Total RW  Size (RW Data + ZI Data)              1992 (   1.95kB)
    Total ROM Size (Code + RO Data + RW Data)      13184 (  12.88kB)

==============================================================================

