Component: ARM Compiler 5.06 update 6 (build 750) Tool: armlink [4d35ed]

==============================================================================

Section Cross References

    startup_stm32f334x8.o(STACK) refers (Special) to heapauxi.o(.text) for __use_two_region_memory
    startup_stm32f334x8.o(HEAP) refers (Special) to heapauxi.o(.text) for __use_two_region_memory
    startup_stm32f334x8.o(RESET) refers (Special) to heapauxi.o(.text) for __use_two_region_memory
    startup_stm32f334x8.o(RESET) refers to startup_stm32f334x8.o(STACK) for __initial_sp
    startup_stm32f334x8.o(RESET) refers to startup_stm32f334x8.o(.text) for Reset_Handler
    startup_stm32f334x8.o(RESET) refers to stm32f3xx_it.o(i.NMI_Handler) for NMI_Handler
    startup_stm32f334x8.o(RESET) refers to stm32f3xx_it.o(i.HardFault_Handler) for HardFault_Handler
    startup_stm32f334x8.o(RESET) refers to stm32f3xx_it.o(i.MemManage_Handler) for MemManage_Handler
    startup_stm32f334x8.o(RESET) refers to stm32f3xx_it.o(i.BusFault_Handler) for BusFault_Handler
    startup_stm32f334x8.o(RESET) refers to stm32f3xx_it.o(i.UsageFault_Handler) for UsageFault_Handler
    startup_stm32f334x8.o(RESET) refers to stm32f3xx_it.o(i.SVC_Handler) for SVC_Handler
    startup_stm32f334x8.o(RESET) refers to stm32f3xx_it.o(i.DebugMon_Handler) for DebugMon_Handler
    startup_stm32f334x8.o(RESET) refers to stm32f3xx_it.o(i.PendSV_Handler) for PendSV_Handler
    startup_stm32f334x8.o(RESET) refers to stm32f3xx_it.o(i.SysTick_Handler) for SysTick_Handler
    startup_stm32f334x8.o(RESET) refers to stm32f3xx_it.o(i.DMA1_Channel2_IRQHandler) for DMA1_Channel2_IRQHandler
    startup_stm32f334x8.o(RESET) refers to stm32f3xx_it.o(i.DMA1_Channel3_IRQHandler) for DMA1_Channel3_IRQHandler
    startup_stm32f334x8.o(RESET) refers to stm32f3xx_it.o(i.EXTI15_10_IRQHandler) for EXTI15_10_IRQHandler
    startup_stm32f334x8.o(.text) refers (Special) to heapauxi.o(.text) for __use_two_region_memory
    startup_stm32f334x8.o(.text) refers to system_stm32f3xx.o(i.SystemInit) for SystemInit
    startup_stm32f334x8.o(.text) refers to __main.o(!!!main) for __main
    startup_stm32f334x8.o(.text) refers to startup_stm32f334x8.o(HEAP) for Heap_Mem
    startup_stm32f334x8.o(.text) refers to startup_stm32f334x8.o(STACK) for Stack_Mem
    nrf24.o(i.DelayMicro) refers to system_stm32f3xx.o(.data) for SystemCoreClock
    nrf24.o(i.NRF24L01_RX_Mode) refers to nrf24.o(i.NRF24_ReadReg) for NRF24_ReadReg
    nrf24.o(i.NRF24L01_RX_Mode) refers to nrf24.o(i.NRF24_WriteReg) for NRF24_WriteReg
    nrf24.o(i.NRF24L01_RX_Mode) refers to stm32f3xx_hal_gpio.o(i.HAL_GPIO_WritePin) for HAL_GPIO_WritePin
    nrf24.o(i.NRF24L01_RX_Mode) refers to nrf24.o(i.DelayMicro) for DelayMicro
    nrf24.o(i.NRF24L01_RX_Mode) refers to nrf24.o(i.NRF24_FlushRX) for NRF24_FlushRX
    nrf24.o(i.NRF24L01_RX_Mode) refers to nrf24.o(i.NRF24_FlushTX) for NRF24_FlushTX
    nrf24.o(i.NRF24L01_Receive) refers to nrf24.o(i.NRF24_ReadReg) for NRF24_ReadReg
    nrf24.o(i.NRF24L01_Receive) refers to nrf24.o(i.DelayMicro) for DelayMicro
    nrf24.o(i.NRF24L01_Receive) refers to nrf24.o(i.NRF24_Read_Buf) for NRF24_Read_Buf
    nrf24.o(i.NRF24L01_Receive) refers to nrf24.o(i.NRF24_WriteReg) for NRF24_WriteReg
    nrf24.o(i.NRF24L01_Receive) refers to nrf24.o(.data) for RX_BUF
    nrf24.o(i.NRF24L01_Send) refers to nrf24.o(i.NRF24L01_TX_Mode) for NRF24L01_TX_Mode
    nrf24.o(i.NRF24L01_Send) refers to nrf24.o(i.NRF24_ReadReg) for NRF24_ReadReg
    nrf24.o(i.NRF24L01_Send) refers to nrf24.o(i.NRF24_WriteReg) for NRF24_WriteReg
    nrf24.o(i.NRF24L01_Send) refers to nrf24.o(i.DelayMicro) for DelayMicro
    nrf24.o(i.NRF24L01_Send) refers to nrf24.o(i.NRF24_Transmit) for NRF24_Transmit
    nrf24.o(i.NRF24L01_Send) refers to stm32f3xx_hal_gpio.o(i.HAL_GPIO_WritePin) for HAL_GPIO_WritePin
    nrf24.o(i.NRF24L01_Send) refers to nrf24.o(i.NRF24_FlushTX) for NRF24_FlushTX
    nrf24.o(i.NRF24L01_Send) refers to nrf24.o(i.NRF24L01_RX_Mode) for NRF24L01_RX_Mode
    nrf24.o(i.NRF24L01_TX_Mode) refers to nrf24.o(i.NRF24_Write_Buf) for NRF24_Write_Buf
    nrf24.o(i.NRF24L01_TX_Mode) refers to stm32f3xx_hal_gpio.o(i.HAL_GPIO_WritePin) for HAL_GPIO_WritePin
    nrf24.o(i.NRF24L01_TX_Mode) refers to nrf24.o(i.NRF24_FlushRX) for NRF24_FlushRX
    nrf24.o(i.NRF24L01_TX_Mode) refers to nrf24.o(i.NRF24_FlushTX) for NRF24_FlushTX
    nrf24.o(i.NRF24L01_TX_Mode) refers to nrf24.o(.data) for TX_ADDRESS
    nrf24.o(i.NRF24_FlushRX) refers to stm32f3xx_hal_gpio.o(i.HAL_GPIO_WritePin) for HAL_GPIO_WritePin
    nrf24.o(i.NRF24_FlushRX) refers to stm32f3xx_hal_spi.o(i.HAL_SPI_Transmit_DMA) for HAL_SPI_Transmit_DMA
    nrf24.o(i.NRF24_FlushRX) refers to nrf24.o(i.DelayMicro) for DelayMicro
    nrf24.o(i.NRF24_FlushRX) refers to main.o(.bss) for hspi1
    nrf24.o(i.NRF24_FlushTX) refers to stm32f3xx_hal_gpio.o(i.HAL_GPIO_WritePin) for HAL_GPIO_WritePin
    nrf24.o(i.NRF24_FlushTX) refers to stm32f3xx_hal_spi.o(i.HAL_SPI_Transmit_DMA) for HAL_SPI_Transmit_DMA
[...]
    Removing stm32f3xx_hal_flash.o(.bss), (32 bytes).
    Removing stm32f3xx_hal_flash_ex.o(.rev16_text), (4 bytes).
    Removing stm32f3xx_hal_flash_ex.o(.revsh_text), (4 bytes).
    Removing stm32f3xx_hal_flash_ex.o(.rrx_text), (6 bytes).
    Removing stm32f3xx_hal_flash_ex.o(i.FLASH_MassErase), (40 bytes).
    Removing stm32f3xx_hal_flash_ex.o(i.FLASH_OB_DisableWRP), (148 bytes).
    Removing stm32f3xx_hal_flash_ex.o(i.FLASH_OB_EnableWRP), (152 bytes).
    Removing stm32f3xx_hal_flash_ex.o(i.FLASH_OB_GetRDP), (32 bytes).
    Removing stm32f3xx_hal_flash_ex.o(i.FLASH_OB_GetUser), (32 bytes).
    Removing stm32f3xx_hal_flash_ex.o(i.FLASH_OB_GetWRP), (12 bytes).
    Removing stm32f3xx_hal_flash_ex.o(i.FLASH_OB_ProgramData), (76 bytes).
    Removing stm32f3xx_hal_flash_ex.o(i.FLASH_OB_RDP_LevelConfig), (124 bytes).
    Removing stm32f3xx_hal_flash_ex.o(i.FLASH_OB_UserConfig), (84 bytes).
    Removing stm32f3xx_hal_flash_ex.o(i.FLASH_PageErase), (40 bytes).
    Removing stm32f3xx_hal_flash_ex.o(i.HAL_FLASHEx_Erase), (176 bytes).
    Removing stm32f3xx_hal_flash_ex.o(i.HAL_FLASHEx_Erase_IT), (100 bytes).
    Removing stm32f3xx_hal_flash_ex.o(i.HAL_FLASHEx_OBErase), (96 bytes).
    Removing stm32f3xx_hal_flash_ex.o(i.HAL_FLASHEx_OBGetConfig), (28 bytes).
    Removing stm32f3xx_hal_flash_ex.o(i.HAL_FLASHEx_OBGetUserData), (72 bytes).
    Removing stm32f3xx_hal_flash_ex.o(i.HAL_FLASHEx_OBProgram), (200 bytes).
    Removing stm32f3xx_hal_i2c.o(.rev16_text), (4 bytes).
    Removing stm32f3xx_hal_i2c.o(.revsh_text), (4 bytes).
    Removing stm32f3xx_hal_i2c.o(.rrx_text), (6 bytes).
    Removing stm32f3xx_hal_i2c.o(i.HAL_I2C_AbortCpltCallback), (2 bytes).
    Removing stm32f3xx_hal_i2c.o(i.HAL_I2C_AddrCallback), (2 bytes).
    Removing stm32f3xx_hal_i2c.o(i.HAL_I2C_DeInit), (60 bytes).
    Removing stm32f3xx_hal_i2c.o(i.HAL_I2C_DisableListen_IT), (56 bytes).
    Removing stm32f3xx_hal_i2c.o(i.HAL_I2C_ER_IRQHandler), (118 bytes).
    Removing stm32f3xx_hal_i2c.o(i.HAL_I2C_EV_IRQHandler), (28 bytes).
    Removing stm32f3xx_hal_i2c.o(i.HAL_I2C_EnableListen_IT), (44 bytes).
    Removing stm32f3xx_hal_i2c.o(i.HAL_I2C_ErrorCallback), (2 bytes).
    Removing stm32f3xx_hal_i2c.o(i.HAL_I2C_GetError), (6 bytes).
    Removing stm32f3xx_hal_i2c.o(i.HAL_I2C_GetMode), (8 bytes).
    Removing stm32f3xx_hal_i2c.o(i.HAL_I2C_GetState), (8 bytes).
    Removing stm32f3xx_hal_i2c.o(i.HAL_I2C_Init), (196 bytes).
    Removing stm32f3xx_hal_i2c.o(i.HAL_I2C_IsDeviceReady), (378 bytes).
    Removing stm32f3xx_hal_i2c.o(i.HAL_I2C_ListenCpltCallback), (2 bytes).
    Removing stm32f3xx_hal_i2c.o(i.HAL_I2C_MasterRxCpltCallback), (2 bytes).
    Removing stm32f3xx_hal_i2c.o(i.HAL_I2C_MasterTxCpltCallback), (2 bytes).
    Removing stm32f3xx_hal_i2c.o(i.HAL_I2C_Master_Abort_IT), (132 bytes).
    Removing stm32f3xx_hal_i2c.o(i.HAL_I2C_Master_Receive), (356 bytes).
    Removing stm32f3xx_hal_i2c.o(i.HAL_I2C_Master_Receive_DMA), (368 bytes).
    Removing stm32f3xx_hal_i2c.o(i.HAL_I2C_Master_Receive_IT), (168 bytes).
    Removing stm32f3xx_hal_i2c.o(i.HAL_I2C_Master_Seq_Receive_DMA), (400 bytes).
    Removing stm32f3xx_hal_i2c.o(i.HAL_I2C_Master_Seq_Receive_IT), (196 bytes).
    Removing stm32f3xx_hal_i2c.o(i.HAL_I2C_Master_Seq_Transmit_DMA), (400 bytes).
    Removing stm32f3xx_hal_i2c.o(i.HAL_I2C_Master_Seq_Transmit_IT), (196 bytes).
    Removing stm32f3xx_hal_i2c.o(i.HAL_I2C_Master_Transmit), (352 bytes).
    Removing stm32f3xx_hal_i2c.o(i.HAL_I2C_Master_Transmit_DMA), (368 bytes).
    Removing stm32f3xx_hal_i2c.o(i.HAL_I2C_Master_Transmit_IT), (168 bytes).
    Removing stm32f3xx_hal_i2c.o(i.HAL_I2C_MemRxCpltCallback), (2 bytes).
    Removing stm32f3xx_hal_i2c.o(i.HAL_I2C_MemTxCpltCallback), (2 bytes).
    Removing stm32f3xx_hal_i2c.o(i.HAL_I2C_Mem_Read), (416 bytes).
    Removing stm32f3xx_hal_i2c.o(i.HAL_I2C_Mem_Read_DMA), (384 bytes).
    Removing stm32f3xx_hal_i2c.o(i.HAL_I2C_Mem_Read_IT), (232 bytes).
    Removing stm32f3xx_hal_i2c.o(i.HAL_I2C_Mem_Write), (408 bytes).
    Removing stm32f3xx_hal_i2c.o(i.HAL_I2C_Mem_Write_DMA), (380 bytes).
    Removing stm32f3xx_hal_i2c.o(i.HAL_I2C_Mem_Write_IT), (228 bytes).
    Removing stm32f3xx_hal_i2c.o(i.HAL_I2C_MspDeInit), (2 bytes).
    Removing stm32f3xx_hal_i2c.o(i.HAL_I2C_MspInit), (2 bytes).
    Removing stm32f3xx_hal_i2c.o(i.HAL_I2C_SlaveRxCpltCallback), (2 bytes).
    Removing stm32f3xx_hal_i2c.o(i.HAL_I2C_SlaveTxCpltCallback), (2 bytes).
    Removing stm32f3xx_hal_i2c.o(i.HAL_I2C_Slave_Receive), (362 bytes).
    Removing stm32f3xx_hal_i2c.o(i.HAL_I2C_Slave_Receive_DMA), (276 bytes).
    Removing stm32f3xx_hal_i2c.o(i.HAL_I2C_Slave_Receive_IT), (120 bytes).
    Removing stm32f3xx_hal_i2c.o(i.HAL_I2C_Slave_Seq_Receive_DMA), (448 bytes).
    Removing stm32f3xx_hal_i2c.o(i.HAL_I2C_Slave_Seq_Receive_IT), (232 bytes).
    Removing stm32f3xx_hal_i2c.o(i.HAL_I2C_Slave_Seq_Transmit_DMA), (448 bytes).
    Removing stm32f3xx_hal_i2c.o(i.HAL_I2C_Slave_Seq_Transmit_IT), (232 bytes).
    Removing stm32f3xx_hal_i2c.o(i.HAL_I2C_Slave_Transmit), (388 bytes).
    Removing stm32f3xx_hal_i2c.o(i.HAL_I2C_Slave_Transmit_DMA), (276 bytes).
    Removing stm32f3xx_hal_i2c.o(i.HAL_I2C_Slave_Transmit_IT), (120 bytes).
    Removing stm32f3xx_hal_i2c.o(i.I2C_ConvertOtherXferOptions), (28 bytes).
    Removing stm32f3xx_hal_i2c.o(i.I2C_DMAAbort), (34 bytes).
    Removing stm32f3xx_hal_i2c.o(i.I2C_DMAError), (28 bytes).
    Removing stm32f3xx_hal_i2c.o(i.I2C_DMAMasterReceiveCplt), (94 bytes).
    Removing stm32f3xx_hal_i2c.o(i.I2C_DMAMasterTransmitCplt), (94 bytes).
    Removing stm32f3xx_hal_i2c.o(i.I2C_DMASlaveReceiveCplt), (42 bytes).
    Removing stm32f3xx_hal_i2c.o(i.I2C_DMASlaveTransmitCplt), (36 bytes).
    Removing stm32f3xx_hal_i2c.o(i.I2C_Disable_IRQ), (110 bytes).
    Removing stm32f3xx_hal_i2c.o(i.I2C_Enable_IRQ), (128 bytes).
    Removing stm32f3xx_hal_i2c.o(i.I2C_Flush_TXDR), (40 bytes).
    Removing stm32f3xx_hal_i2c.o(i.I2C_ITAddrCplt), (206 bytes).
    Removing stm32f3xx_hal_i2c.o(i.I2C_ITError), (292 bytes).
    Removing stm32f3xx_hal_i2c.o(i.I2C_ITListenCplt), (112 bytes).
    Removing stm32f3xx_hal_i2c.o(i.I2C_ITMasterCplt), (296 bytes).
    Removing stm32f3xx_hal_i2c.o(i.I2C_ITMasterSeqCplt), (98 bytes).
    Removing stm32f3xx_hal_i2c.o(i.I2C_ITSlaveCplt), (368 bytes).
    Removing stm32f3xx_hal_i2c.o(i.I2C_ITSlaveSeqCplt), (140 bytes).
    Removing stm32f3xx_hal_i2c.o(i.I2C_IsAcknowledgeFailed), (152 bytes).
    Removing stm32f3xx_hal_i2c.o(i.I2C_Master_ISR_DMA), (352 bytes).
    Removing stm32f3xx_hal_i2c.o(i.I2C_Master_ISR_IT), (408 bytes).
    Removing stm32f3xx_hal_i2c.o(i.I2C_RequestMemoryRead), (124 bytes).
    Removing stm32f3xx_hal_i2c.o(i.I2C_RequestMemoryWrite), (124 bytes).
    Removing stm32f3xx_hal_i2c.o(i.I2C_Slave_ISR_DMA), (316 bytes).
    Removing stm32f3xx_hal_i2c.o(i.I2C_Slave_ISR_IT), (328 bytes).
    Removing stm32f3xx_hal_i2c.o(i.I2C_TransferConfig), (52 bytes).
    Removing stm32f3xx_hal_i2c.o(i.I2C_TreatErrorCallback), (58 bytes).
    Removing stm32f3xx_hal_i2c.o(i.I2C_WaitOnFlagUntilTimeout), (94 bytes).
    Removing stm32f3xx_hal_i2c.o(i.I2C_WaitOnRXNEFlagUntilTimeout), (160 bytes).
    Removing stm32f3xx_hal_i2c.o(i.I2C_WaitOnSTOPFlagUntilTimeout), (86 bytes).
    Removing stm32f3xx_hal_i2c.o(i.I2C_WaitOnTXISFlagUntilTimeout), (90 bytes).
    Removing stm32f3xx_hal_i2c_ex.o(.rev16_text), (4 bytes).
    Removing stm32f3xx_hal_i2c_ex.o(.revsh_text), (4 bytes).
    Removing stm32f3xx_hal_i2c_ex.o(.rrx_text), (6 bytes).
    Removing stm32f3xx_hal_i2c_ex.o(i.HAL_I2CEx_ConfigAnalogFilter), (106 bytes).
    Removing stm32f3xx_hal_i2c_ex.o(i.HAL_I2CEx_ConfigDigitalFilter), (104 bytes).
    Removing stm32f3xx_hal_i2c_ex.o(i.HAL_I2CEx_DisableFastModePlus), (52 bytes).
    Removing stm32f3xx_hal_i2c_ex.o(i.HAL_I2CEx_DisableWakeUp), (96 bytes).
    Removing stm32f3xx_hal_i2c_ex.o(i.HAL_I2CEx_EnableFastModePlus), (52 bytes).
    Removing stm32f3xx_hal_i2c_ex.o(i.HAL_I2CEx_EnableWakeUp), (96 bytes).
    Removing stm32f3xx_hal_exti.o(.rev16_text), (4 bytes).
    Removing stm32f3xx_hal_exti.o(.revsh_text), (4 bytes).
    Removing stm32f3xx_hal_exti.o(.rrx_text), (6 bytes).
    Removing stm32f3xx_hal_exti.o(i.HAL_EXTI_ClearConfigLine), (148 bytes).
    Removing stm32f3xx_hal_exti.o(i.HAL_EXTI_ClearPending), (36 bytes).
    Removing stm32f3xx_hal_exti.o(i.HAL_EXTI_GenerateSWI), (36 bytes).
    Removing stm32f3xx_hal_exti.o(i.HAL_EXTI_GetConfigLine), (212 bytes).
    Removing stm32f3xx_hal_exti.o(i.HAL_EXTI_GetHandle), (14 bytes).
    Removing stm32f3xx_hal_exti.o(i.HAL_EXTI_GetPending), (44 bytes).
    Removing stm32f3xx_hal_exti.o(i.HAL_EXTI_IRQHandler), (60 bytes).
    Removing stm32f3xx_hal_exti.o(i.HAL_EXTI_RegisterCallback), (20 bytes).
    Removing stm32f3xx_hal_exti.o(i.HAL_EXTI_SetConfigLine), (228 bytes).
    Removing stm32f3xx_hal_tim.o(.rev16_text), (4 bytes).
    Removing stm32f3xx_hal_tim.o(.revsh_text), (4 bytes).
    Removing stm32f3xx_hal_tim.o(.rrx_text), (6 bytes).
    Removing stm32f3xx_hal_tim_ex.o(.rev16_text), (4 bytes).
    Removing stm32f3xx_hal_tim_ex.o(.revsh_text), (4 bytes).
    Removing stm32f3xx_hal_tim_ex.o(.rrx_text), (6 bytes).
    Removing system_stm32f3xx.o(.rev16_text), (4 bytes).
    Removing system_stm32f3xx.o(.revsh_text), (4 bytes).
    Removing system_stm32f3xx.o(.rrx_text), (6 bytes).
    Removing system_stm32f3xx.o(i.SystemCoreClockUpdate), (160 bytes).

311 unused section(s) (total 28524 bytes) removed from the image.

==============================================================================

Image Symbol Table

    Local Symbols

    Symbol Name                              Value     Ov Type        Size  Object(Section)

    ../Core/Src/main.c                       0x00000000   Number         0  main.o ABSOLUTE
    ../Core/Src/stm32f3xx_hal_msp.c          0x00000000   Number         0  stm32f3xx_hal_msp.o ABSOLUTE
    ../Core/Src/stm32f3xx_it.c               0x00000000   Number         0  stm32f3xx_it.o ABSOLUTE
    ../Core/Src/system_stm32f3xx.c           0x00000000   Number         0  system_stm32f3xx.o ABSOLUTE
    ../Drivers/STM32F3xx_HAL_Driver/Src/stm32f3xx_hal.c 0x00000000   Number         0  stm32f3xx_hal.o ABSOLUTE
    ../Drivers/STM32F3xx_HAL_Driver/Src/stm32f3xx_hal_cortex.c 0x00000000   Number         0  stm32f3xx_hal_cortex.o ABSOLUTE
    ../Drivers/STM32F3xx_HAL_Driver/Src/stm32f3xx_hal_dma.c 0x00000000   Number         0  stm32f3xx_hal_dma.o ABSOLUTE
    ../Drivers/STM32F3xx_HAL_Driver/Src/stm32f3xx_hal_exti.c 0x00000000   Number         0  stm32f3xx_hal_exti.o ABSOLUTE
    ../Drivers/STM32F3xx_HAL_Driver/Src/stm32f3xx_hal_flash.c 0x00000000   Number         0  stm32f3xx_hal_flash.o ABSOLUTE
    ../Drivers/STM32F3xx_HAL_Driver/Src/stm32f3xx_hal_flash_ex.c 0x00000000   Number         0  stm32f3xx_hal_flash_ex.o ABSOLUTE
    ../Drivers/STM32F3xx_HAL_Driver/Src/stm32f3xx_hal_gpio.c 0x00000000   Number         0  stm32f3xx_hal_gpio.o ABSOLUTE
    ../Drivers/STM32F3xx_HAL_Driver/Src/stm32f3xx_hal_i2c.c 0x00000000   Number         0  stm32f3xx_hal_i2c.o ABSOLUTE
    ../Drivers/STM32F3xx_HAL_Driver/Src/stm32f3xx_hal_i2c_ex.c 0x00000000   Number         0  stm32f3xx_hal_i2c_ex.o ABSOLUTE
    ../Drivers/STM32F3xx_HAL_Driver/Src/stm32f3xx_hal_pwr.c 0x00000000   Number         0  stm32f3xx_hal_pwr.o ABSOLUTE
    ../Drivers/STM32F3xx_HAL_Driver/Src/stm32f3xx_hal_pwr_ex.c 0x00000000   Number         0  stm32f3xx_hal_pwr_ex.o ABSOLUTE
    ../Drivers/STM32F3xx_HAL_Driver/Src/stm32f3xx_hal_rcc.c 0x00000000   Number         0  stm32f3xx_hal_rcc.o ABSOLUTE
    ../Drivers/STM32F3xx_HAL_Driver/Src/stm32f3xx_hal_rcc_ex.c 0x00000000   Number         0  stm32f3xx_hal_rcc_ex.o ABSOLUTE
    ../Drivers/STM32F3xx_HAL_Driver/Src/stm32f3xx_hal_spi.c 0x00000000   Number         0  stm32f3xx_hal_spi.o ABSOLUTE
    ../Drivers/STM32F3xx_HAL_Driver/Src/stm32f3xx_hal_spi_ex.c 0x00000000   Number         0  stm32f3xx_hal_spi_ex.o ABSOLUTE
    ../Drivers/STM32F3xx_HAL_Driver/Src/stm32f3xx_hal_tim.c 0x00000000   Number         0  stm32f3xx_hal_tim.o ABSOLUTE
    ../Drivers/STM32F3xx_HAL_Driver/Src/stm32f3xx_hal_tim_ex.c 0x00000000   Number         0  stm32f3xx_hal_tim_ex.o ABSOLUTE
    ../clib/angel/boardlib.s                 0x00000000   Number         0  boardinit1.o ABSOLUTE
    ../clib/angel/boardlib.s                 0x00000000   Number         0  boardinit3.o ABSOLUTE
    ../clib/angel/boardlib.s                 0x00000000   Number         0  boardshut.o ABSOLUTE
    ../clib/angel/boardlib.s                 0x00000000   Number         0  boardinit2.o ABSOLUTE
    ../clib/angel/handlers.s                 0x00000000   Number         0  __scatter_copy.o ABSOLUTE
    ../clib/angel/handlers.s                 0x00000000   Number         0  __scatter_zi.o ABSOLUTE
    ../clib/angel/kernel.s                   0x00000000   Number         0  __rtentry.o ABSOLUTE
    ../clib/angel/kernel.s                   0x00000000   Number         0  __rtentry4.o ABSOLUTE
    ../clib/angel/kernel.s                   0x00000000   Number         0  rtexit.o ABSOLUTE
    ../clib/angel/kernel.s                   0x00000000   Number         0  __rtentry2.o ABSOLUTE
    ../clib/angel/kernel.s                   0x00000000   Number         0  rtexit2.o ABSOLUTE
    ../clib/angel/rt.s                       0x00000000   Number         0  rt_raise.o ABSOLUTE
    ../clib/angel/rt.s                       0x00000000   Number         0  rt_div0.o ABSOLUTE
    ../clib/angel/rt.s                       0x00000000   Number         0  aeabi_ldiv0.o ABSOLUTE
    ../clib/angel/rt.s                       0x00000000   Number         0  aeabi_ldiv0_sigfpe.o ABSOLUTE
    ../clib/angel/scatter.s                  0x00000000   Number         0  __scatter.o ABSOLUTE
    ../clib/angel/startup.s                  0x00000000   Number         0  __main.o ABSOLUTE
    ../clib/angel/sys.s                      0x00000000   Number         0  indicate_semi.o ABSOLUTE
    ../clib/angel/sys.s                      0x00000000   Number         0  use_no_semi.o ABSOLUTE
    ../clib/angel/sys.s                      0x00000000   Number         0  sys_stackheap_outer.o ABSOLUTE
    ../clib/angel/sys.s                      0x00000000   Number         0  libspace.o ABSOLUTE
    ../clib/angel/sysapp.c                   0x00000000   Number         0  sys_wrch.o ABSOLUTE
    ../clib/angel/sysapp.c                   0x00000000   Number         0  sys_command.o ABSOLUTE
    ../clib/angel/sysapp.c                   0x00000000   Number         0  sys_exit.o ABSOLUTE
    ../clib/armsys.c                         0x00000000   Number         0  no_argv.o ABSOLUTE
    ../clib/armsys.c                         0x00000000   Number         0  _get_argv_nomalloc.o ABSOLUTE
    ../clib/armsys.c                         0x00000000   Number         0  argv_veneer.o ABSOLUTE
    ../clib/armsys.c                         0x00000000   Number         0  argv_veneer.o ABSOLUTE
    ../clib/heapalloc.c                      0x00000000   Number         0  hrguard.o ABSOLUTE
    ../clib/heapaux.c                        0x00000000   Number         0  heapauxi.o ABSOLUTE
    ../clib/libinit.s                        0x00000000   Number         0  libshutdown.o ABSOLUTE
    ../clib/libinit.s                        0x00000000   Number         0  libshutdown2.o ABSOLUTE
    ../clib/libinit.s                        0x00000000   Number         0  libinit.o ABSOLUTE
    ../clib/libinit.s                        0x00000000   Number         0  libinit2.o ABSOLUTE
    ../clib/longlong.s                       0x00000000   Number         0  lludivv7m.o ABSOLUTE
    ../clib/longlong.s                       0x00000000   Number         0  llushr.o ABSOLUTE
    ../clib/memcpset.s                       0x00000000   Number         0  rt_memclr_w.o ABSOLUTE
    ../clib/memcpset.s                       0x00000000   Number         0  rt_memcpy_w.o ABSOLUTE
    ../clib/misc.s                           0x00000000   Number         0  printf_stubs.o ABSOLUTE
    ../clib/printf.c                         0x00000000   Number         0  _printf_hex_int_ll.o ABSOLUTE
    ../clib/printf.c                         0x00000000   Number         0  _printf_hex_int.o ABSOLUTE
    ../clib/printf.c                         0x00000000   Number         0  _printf_hex_ll.o ABSOLUTE
    ../clib/printf.c                         0x00000000   Number         0  _printf_pad.o ABSOLUTE
    ../clib/printf.c                         0x00000000   Number         0  __printf.o ABSOLUTE
    ../clib/printf.c                         0x00000000   Number         0  noretval__2sprintf.o ABSOLUTE
    ../clib/printf.c                         0x00000000   Number         0  __2sprintf.o ABSOLUTE
    ../clib/printf.c                         0x00000000   Number         0  __printf_nopercent.o ABSOLUTE
    ../clib/printf.c                         0x00000000   Number         0  _sputc.o ABSOLUTE
    ../clib/printf.c                         0x00000000   Number         0  _printf_char_common.o ABSOLUTE
    ../clib/printf.c                         0x00000000   Number         0  _printf_intcommon.o ABSOLUTE
    ../clib/printf.c                         0x00000000   Number         0  _printf_hex_ll_ptr.o ABSOLUTE
    ../clib/printf.c                         0x00000000   Number         0  __printf_flags_ss_wp.o ABSOLUTE
    ../clib/printf.c                         0x00000000   Number         0  __printf_ss_wp.o ABSOLUTE
    ../clib/printf.c                         0x00000000   Number         0  __printf_flags_wp.o ABSOLUTE
    ../clib/printf.c                         0x00000000   Number         0  __printf_wp.o ABSOLUTE
    ../clib/printf.c                         0x00000000   Number         0  __printf_flags_ss.o ABSOLUTE
    ../clib/printf.c                         0x00000000   Number         0  __printf_ss.o ABSOLUTE
    ../clib/printf.c                         0x00000000   Number         0  __printf_flags.o ABSOLUTE
    ../clib/printf.c                         0x00000000   Number         0  _printf_hex_int_ll_ptr.o ABSOLUTE
    ../clib/printf.c                         0x00000000   Number         0  _printf_hex_int_ptr.o ABSOLUTE
    ../clib/printf.c                         0x00000000   Number         0  _printf_hex_ptr.o ABSOLUTE
    ../clib/printf_percent.s                 0x00000000   Number         0  _printf_percent.o ABSOLUTE
    ../clib/printf_percent.s                 0x00000000   Number         0  _printf_x.o ABSOLUTE
    ../clib/printf_percent.s                 0x00000000   Number         0  _printf_percent_end.o ABSOLUTE
    ../clib/signal.c                         0x00000000   Number         0  defsig_fpe_inner.o ABSOLUTE
    ../clib/signal.c                         0x00000000   Number         0  defsig_other.o ABSOLUTE
    ../clib/signal.c                         0x00000000   Number         0  defsig_exit.o ABSOLUTE
    ../clib/signal.c                         0x00000000   Number         0  defsig_general.o ABSOLUTE
    ../clib/signal.c                         0x00000000   Number         0  __raise.o ABSOLUTE
    ../clib/signal.c                         0x00000000   Number         0  defsig_fpe_outer.o ABSOLUTE
    ../clib/signal.c                         0x00000000   Number         0  defsig_fpe_formal.o ABSOLUTE
    ../clib/signal.c                         0x00000000   Number         0  defsig_segv_inner.o ABSOLUTE
    ../clib/signal.c                         0x00000000   Number         0  defsig_cppl_inner.o ABSOLUTE
    ../clib/signal.c                         0x00000000   Number         0  defsig_pvfn_inner.o ABSOLUTE
    ../clib/signal.c                         0x00000000   Number         0  defsig_stak_inner.o ABSOLUTE
    ../clib/signal.c                         0x00000000   Number         0  defsig_rtmem_formal.o ABSOLUTE
    ../clib/signal.c                         0x00000000   Number         0  defsig_rtmem_outer.o ABSOLUTE
    ../clib/signal.c                         0x00000000   Number         0  defsig_rtmem_inner.o ABSOLUTE
    ../clib/signal.c                         0x00000000   Number         0  defsig_rtred_inner.o ABSOLUTE
    ../clib/signal.c                         0x00000000   Number         0  defsig_abrt_inner.o ABSOLUTE
    ../clib/signal.s                         0x00000000   Number         0  defsig.o ABSOLUTE
    ../clib/stdlib.c                         0x00000000   Number         0  exit.o ABSOLUTE
    ../fplib/fpinit.s                        0x00000000   Number         0  fpinit.o ABSOLUTE
    ..\Core\Src\NRF24.c                      0x00000000   Number         0  nrf24.o ABSOLUTE
    ..\Core\Src\main.c                       0x00000000   Number         0  main.o ABSOLUTE
    ..\Core\Src\stm32f3xx_hal_msp.c          0x00000000   Number         0  stm32f3xx_hal_msp.o ABSOLUTE
    ..\Core\Src\stm32f3xx_it.c               0x00000000   Number         0  stm32f3xx_it.o ABSOLUTE
    ..\Core\Src\system_stm32f3xx.c           0x00000000   Number         0  system_stm32f3xx.o ABSOLUTE
    ..\Drivers\STM32F3xx_HAL_Driver\Src\stm32f3xx_hal.c 0x00000000   Number         0  stm32f3xx_hal.o ABSOLUTE
    ..\Drivers\STM32F3xx_HAL_Driver\Src\stm32f3xx_hal_cortex.c 0x00000000   Number         0  stm32f3xx_hal_cortex.o ABSOLUTE
    ..\Drivers\STM32F3xx_HAL_Driver\Src\stm32f3xx_hal_dma.c 0x00000000   Number         0  stm32f3xx_hal_dma.o ABSOLUTE
    ..\Drivers\STM32F3xx_HAL_Driver\Src\stm32f3xx_hal_exti.c 0x00000000   Number         0  stm32f3xx_hal_exti.o ABSOLUTE
    ..\Drivers\STM32F3xx_HAL_Driver\Src\stm32f3xx_hal_flash.c 0x00000000   Number         0  stm32f3xx_hal_flash.o ABSOLUTE
    ..\Drivers\STM32F3xx_HAL_Driver\Src\stm32f3xx_hal_flash_ex.c 0x00000000   Number         0  stm32f3xx_hal_flash_ex.o ABSOLUTE
    ..\Drivers\STM32F3xx_HAL_Driver\Src\stm32f3xx_hal_gpio.c 0x00000000   Number         0  stm32f3xx_hal_gpio.o ABSOLUTE
    ..\Drivers\STM32F3xx_HAL_Driver\Src\stm32f3xx_hal_i2c.c 0x00000000   Number         0  stm32f3xx_hal_i2c.o ABSOLUTE
    ..\Drivers\STM32F3xx_HAL_Driver\Src\stm32f3xx_hal_i2c_ex.c 0x00000000   Number         0  stm32f3xx_hal_i2c_ex.o ABSOLUTE
    ..\Drivers\STM32F3xx_HAL_Driver\Src\stm32f3xx_hal_pwr.c 0x00000000   Number         0  stm32f3xx_hal_pwr.o ABSOLUTE
    ..\Drivers\STM32F3xx_HAL_Driver\Src\stm32f3xx_hal_pwr_ex.c 0x00000000   Number         0  stm32f3xx_hal_pwr_ex.o ABSOLUTE
    ..\Drivers\STM32F3xx_HAL_Driver\Src\stm32f3xx_hal_rcc.c 0x00000000   Number         0  stm32f3xx_hal_rcc.o ABSOLUTE
    ..\Drivers\STM32F3xx_HAL_Driver\Src\stm32f3xx_hal_rcc_ex.c 0x00000000   Number         0  stm32f3xx_hal_rcc_ex.o ABSOLUTE
    ..\Drivers\STM32F3xx_HAL_Driver\Src\stm32f3xx_hal_spi.c 0x00000000   Number         0  stm32f3xx_hal_spi.o ABSOLUTE
    ..\Drivers\STM32F3xx_HAL_Driver\Src\stm32f3xx_hal_spi_ex.c 0x00000000   Number         0  stm32f3xx_hal_spi_ex.o ABSOLUTE
    ..\Drivers\STM32F3xx_HAL_Driver\Src\stm32f3xx_hal_tim.c 0x00000000   Number         0  stm32f3xx_hal_tim.o ABSOLUTE
    ..\Drivers\STM32F3xx_HAL_Driver\Src\stm32f3xx_hal_tim_ex.c 0x00000000   Number         0  stm32f3xx_hal_tim_ex.o ABSOLUTE
    ..\\Core\\Src\\NRF24.c                   0x00000000   Number         0  nrf24.o ABSOLUTE
    dc.s                                     0x00000000   Number         0  dc.o ABSOLUTE
    startup_stm32f334x8.s                    0x00000000   Number         0  startup_stm32f334x8.o ABSOLUTE
    RESET                                    0x08000000   Section      392  startup_stm32f334x8.o(RESET)
    !!!main                                  0x08000188   Section        8  __main.o(!!!main)
    !!!scatter                               0x08000190   Section       52  __scatter.o(!!!scatter)
    !!handler_copy                           0x080001c4   Section       26  __scatter_copy.o(!!handler_copy)
    !!handler_zi                             0x080001e0   Section       28  __scatter_zi.o(!!handler_zi)
    .ARM.Collect$$_printf_percent$$00000000  0x080001fc   Section        0  _printf_percent.o(.ARM.Collect$$_printf_percent$$00000000)
    .ARM.Collect$$_printf_percent$$0000000C  0x080001fc   Section        6  _printf_x.o(.ARM.Collect$$_printf_percent$$0000000C)
    .ARM.Collect$$_printf_percent$$00000017  0x08000202   Section        4  _printf_percent_end.o(.ARM.Collect$$_printf_percent$$00000017)
    .ARM.Collect$$libinit$$00000000          0x08000206   Section        2  libinit.o(.ARM.Collect$$libinit$$00000000)
    .ARM.Collect$$libinit$$00000001          0x08000208   Section        4  libinit2.o(.ARM.Collect$$libinit$$00000001)
    .ARM.Collect$$libinit$$00000004          0x0800020c   Section        0  libinit2.o(.ARM.Collect$$libinit$$00000004)
    .ARM.Collect$$libinit$$0000000A          0x0800020c   Section        0  libinit2.o(.ARM.Collect$$libinit$$0000000A)
    .ARM.Collect$$libinit$$0000000C          0x0800020c   Section        0  libinit2.o(.ARM.Collect$$libinit$$0000000C)
    .ARM.Collect$$libinit$$0000000E          0x0800020c   Section        0  libinit2.o(.ARM.Collect$$libinit$$0000000E)
    .ARM.Collect$$libinit$$00000011          0x0800020c   Section        0  libinit2.o(.ARM.Collect$$libinit$$00000011)
    .ARM.Collect$$libinit$$00000013          0x0800020c   Section        0  libinit2.o(.ARM.Collect$$libinit$$00000013)
    .ARM.Collect$$libinit$$00000015          0x0800020c   Section        0  libinit2.o(.ARM.Collect$$libinit$$00000015)
    .ARM.Collect$$libinit$$00000017          0x0800020c   Section        0  libinit2.o(.ARM.Collect$$libinit$$00000017)
    .ARM.Collect$$libinit$$00000019          0x0800020c   Section        0  libinit2.o(.ARM.Collect$$libinit$$00000019)
    .ARM.Collect$$libinit$$0000001B          0x0800020c   Section        0  libinit2.o(.ARM.Collect$$libinit$$0000001B)
    .ARM.Collect$$libinit$$0000001D          0x0800020c   Section        0  libinit2.o(.ARM.Collect$$libinit$$0000001D)
    .ARM.Collect$$libinit$$0000001F          0x0800020c   Section        0  libinit2.o(.ARM.Collect$$libinit$$0000001F)
    .ARM.Collect$$libinit$$00000021          0x0800020c   Section        0  libinit2.o(.ARM.Collect$$libinit$$00000021)
    .ARM.Collect$$libinit$$00000023          0x0800020c   Section        0  libinit2.o(.ARM.Collect$$libinit$$00000023)
    .ARM.Collect$$libinit$$00000025          0x0800020c   Section        0  libinit2.o(.ARM.Collect$$libinit$$00000025)
    .ARM.Collect$$libinit$$0000002C          0x0800020c   Section        0  libinit2.o(.ARM.Collect$$libinit$$0000002C)
    .ARM.Collect$$libinit$$0000002E          0x0800020c   Section        0  libinit2.o(.ARM.Collect$$libinit$$0000002E)
    .ARM.Collect$$libinit$$00000030          0x0800020c   Section        0  libinit2.o(.ARM.Collect$$libinit$$00000030)
    .ARM.Collect$$libinit$$00000032          0x0800020c   Section        0  libinit2.o(.ARM.Collect$$libinit$$00000032)
    .ARM.Collect$$libinit$$00000033          0x0800020c   Section        2  libinit2.o(.ARM.Collect$$libinit$$00000033)
    .ARM.Collect$$libshutdown$$00000000      0x0800020e   Section        2  libshutdown.o(.ARM.Collect$$libshutdown$$00000000)
    .ARM.Collect$$libshutdown$$00000002      0x08000210   Section        0  libshutdown2.o(.ARM.Collect$$libshutdown$$00000002)
    .ARM.Collect$$libshutdown$$00000004      0x08000210   Section        0  libshutdown2.o(.ARM.Collect$$libshutdown$$00000004)
    .ARM.Collect$$libshutdown$$00000007      0x08000210   Section        0  libshutdown2.o(.ARM.Collect$$libshutdown$$00000007)
    .ARM.Collect$$libshutdown$$0000000A      0x08000210   Section        0  libshutdown2.o(.ARM.Collect$$libshutdown$$0000000A)
    .ARM.Collect$$libshutdown$$0000000C      0x08000210   Section        0  libshutdown2.o(.ARM.Collect$$libshutdown$$0000000C)
    .ARM.Collect$$libshutdown$$0000000F      0x08000210   Section        0  libshutdown2.o(.ARM.Collect$$libshutdown$$0000000F)
    .ARM.Collect$$libshutdown$$00000010      0x08000210   Section        2  libshutdown2.o(.ARM.Collect$$libshutdown$$00000010)
    .ARM.Collect$$rtentry$$00000000          0x08000212   Section        0  __rtentry.o(.ARM.Collect$$rtentry$$00000000)
    .ARM.Collect$$rtentry$$00000002          0x08000212   Section        0  __rtentry2.o(.ARM.Collect$$rtentry$$00000002)
    .ARM.Collect$$rtentry$$00000004          0x08000212   Section        6  __rtentry4.o(.ARM.Collect$$rtentry$$00000004)
    .ARM.Collect$$rtentry$$00000009          0x08000218   Section        0  __rtentry2.o(.ARM.Collect$$rtentry$$00000009)
    .ARM.Collect$$rtentry$$0000000A          0x08000218   Section        4  __rtentry2.o(.ARM.Collect$$rtentry$$0000000A)
    .ARM.Collect$$rtentry$$0000000C          0x0800021c   Section        0  __rtentry2.o(.ARM.Collect$$rtentry$$0000000C)
    .ARM.Collect$$rtentry$$0000000D          0x0800021c   Section        8  __rtentry2.o(.ARM.Collect$$rtentry$$0000000D)
    .ARM.Collect$$rtexit$$00000000           0x08000224   Section        2  rtexit.o(.ARM.Collect$$rtexit$$00000000)
    .ARM.Collect$$rtexit$$00000002           0x08000226   Section        0  rtexit2.o(.ARM.Collect$$rtexit$$00000002)
    .ARM.Collect$$rtexit$$00000003           0x08000226   Section        4  rtexit2.o(.ARM.Collect$$rtexit$$00000003)
    .ARM.Collect$$rtexit$$00000004           0x0800022a   Section        6  rtexit2.o(.ARM.Collect$$rtexit$$00000004)
    .text                                    0x08000230   Section       64  startup_stm32f334x8.o(.text)
    $v0                                      0x08000230   Number         0  startup_stm32f334x8.o(.text)
    .text                                    0x08000270   Section      238  lludivv7m.o(.text)
    .text                                    0x08000360   Section        0  noretval__2sprintf.o(.text)
    .text                                    0x08000388   Section        0  _printf_pad.o(.text)
    .text                                    0x080003d8   Section        0  _printf_hex_int.o(.text)
    .text                                    0x08000430   Section        0  __printf_flags_wp.o(.text)
    .text                                    0x08000568   Section       78  rt_memclr_w.o(.text)
    .text                                    0x080005b6   Section        0  heapauxi.o(.text)
    .text                                    0x080005bc   Section        0  _printf_intcommon.o(.text)
    .text                                    0x08000670   Section        0  _printf_char_common.o(.text)
    _printf_input_char                       0x08000671   Thumb Code    10  _printf_char_common.o(.text)
    .text                                    0x080006a0   Section        0  _sputc.o(.text)
    .text                                    0x080006aa   Section       74  sys_stackheap_outer.o(.text)
    .text                                    0x080006f4   Section        0  exit.o(.text)
    .text                                    0x08000708   Section        8  libspace.o(.text)
    .text                                    0x08000710   Section        0  sys_exit.o(.text)
    .text                                    0x0800071c   Section        2  use_no_semi.o(.text)
    .text                                    0x0800071e   Section        0  indicate_semi.o(.text)
    i.BusFault_Handler                       0x0800071e   Section        0  stm32f3xx_it.o(i.BusFault_Handler)
    i.DMA1_Channel2_IRQHandler               0x08000724   Section        0  stm32f3xx_it.o(i.DMA1_Channel2_IRQHandler)
    i.DMA1_Channel3_IRQHandler               0x08000734   Section        0  stm32f3xx_it.o(i.DMA1_Channel3_IRQHandler)
    i.DMA_CalcBaseAndBitshift                0x08000744   Section        0  stm32f3xx_hal_dma.o(i.DMA_CalcBaseAndBitshift)
    DMA_CalcBaseAndBitshift                  0x08000745   Thumb Code    24  stm32f3xx_hal_dma.o(i.DMA_CalcBaseAndBitshift)
    i.DMA_SetConfig                          0x08000760   Section        0  stm32f3xx_hal_dma.o(i.DMA_SetConfig)
    DMA_SetConfig                            0x08000761   Thumb Code    44  stm32f3xx_hal_dma.o(i.DMA_SetConfig)
    i.DebugMon_Handler                       0x0800078c   Section        0  stm32f3xx_it.o(i.DebugMon_Handler)
    i.DelayMicro                             0x08000790   Section        0  nrf24.o(i.DelayMicro)
    DelayMicro                               0x08000791   Thumb Code    38  nrf24.o(i.DelayMicro)
    i.EXTI15_10_IRQHandler                   0x080007c0   Section        0  stm32f3xx_it.o(i.EXTI15_10_IRQHandler)
    i.Error_Handler                          0x080007d4   Section        0  main.o(i.Error_Handler)
    i.HAL_DMA_IRQHandler                     0x080007da   Section        0  stm32f3xx_hal_dma.o(i.HAL_DMA_IRQHandler)
    i.HAL_DMA_Init                           0x080008c0   Section        0  stm32f3xx_hal_dma.o(i.HAL_DMA_Init)
    i.HAL_DMA_Start_IT                       0x08000916   Section        0  stm32f3xx_hal_dma.o(i.HAL_DMA_Start_IT)
    i.HAL_Delay                              0x080009b4   Section        0  stm32f3xx_hal.o(i.HAL_Delay)
    i.HAL_GPIO_EXTI_Callback                 0x080009dc   Section        0  stm32f3xx_hal_gpio.o(i.HAL_GPIO_EXTI_Callback)
    i.HAL_GPIO_EXTI_IRQHandler               0x080009e0   Section        0  stm32f3xx_hal_gpio.o(i.HAL_GPIO_EXTI_IRQHandler)
    i.HAL_GPIO_Init                          0x080009fc   Section        0  stm32f3xx_hal_gpio.o(i.HAL_GPIO_Init)
    i.HAL_GPIO_WritePin                      0x08000bb8   Section        0  stm32f3xx_hal_gpio.o(i.HAL_GPIO_WritePin)
    i.HAL_GetTick                            0x08000bc4   Section        0  stm32f3xx_hal.o(i.HAL_GetTick)
    i.HAL_IncTick                            0x08000bd0   Section        0  stm32f3xx_hal.o(i.HAL_IncTick)
    i.HAL_Init                               0x08000be8   Section        0  stm32f3xx_hal.o(i.HAL_Init)
    i.HAL_InitTick                           0x08000c10   Section        0  stm32f3xx_hal.o(i.HAL_InitTick)
    i.HAL_MspInit                            0x08000c5c   Section        0  stm32f3xx_hal_msp.o(i.HAL_MspInit)
    i.HAL_NVIC_EnableIRQ                     0x08000ca0   Section        0  stm32f3xx_hal_cortex.o(i.HAL_NVIC_EnableIRQ)
    i.HAL_NVIC_SetPriority                   0x08000cc0   Section        0  stm32f3xx_hal_cortex.o(i.HAL_NVIC_SetPriority)
    i.HAL_NVIC_SetPriorityGrouping           0x08000d3c   Section        0  stm32f3xx_hal_cortex.o(i.HAL_NVIC_SetPriorityGrouping)
    i.HAL_RCC_ClockConfig                    0x08000d64   Section        0  stm32f3xx_hal_rcc.o(i.HAL_RCC_ClockConfig)
    i.HAL_RCC_GetSysClockFreq                0x08001010   Section        0  stm32f3xx_hal_rcc.o(i.HAL_RCC_GetSysClockFreq)
    i.HAL_RCC_OscConfig                      0x080010b0   Section        0  stm32f3xx_hal_rcc.o(i.HAL_RCC_OscConfig)
    i.HAL_SPI_ErrorCallback                  0x08001ad4   Section        0  stm32f3xx_hal_spi.o(i.HAL_SPI_ErrorCallback)
    i.HAL_SPI_Init                           0x08001ad6   Section        0  stm32f3xx_hal_spi.o(i.HAL_SPI_Init)
    i.HAL_SPI_MspInit                        0x08001bc8   Section        0  stm32f3xx_hal_msp.o(i.HAL_SPI_MspInit)
    i.HAL_SPI_RxCpltCallback                 0x08001cec   Section        0  stm32f3xx_hal_spi.o(i.HAL_SPI_RxCpltCallback)
    i.HAL_SPI_RxHalfCpltCallback             0x08001cee   Section        0  stm32f3xx_hal_spi.o(i.HAL_SPI_RxHalfCpltCallback)
    i.HAL_SPI_TransmitReceive_DMA            0x08001cf0   Section        0  stm32f3xx_hal_spi.o(i.HAL_SPI_TransmitReceive_DMA)
    i.HAL_SPI_Transmit_DMA                   0x08001f20   Section        0  stm32f3xx_hal_spi.o(i.HAL_SPI_Transmit_DMA)
    i.HAL_SPI_TxCpltCallback                 0x08002070   Section        0  stm32f3xx_hal_spi.o(i.HAL_SPI_TxCpltCallback)
    i.HAL_SPI_TxHalfCpltCallback             0x08002072   Section        0  stm32f3xx_hal_spi.o(i.HAL_SPI_TxHalfCpltCallback)
    i.HAL_SPI_TxRxCpltCallback               0x08002074   Section        0  stm32f3xx_hal_spi.o(i.HAL_SPI_TxRxCpltCallback)
    i.HAL_SPI_TxRxHalfCpltCallback           0x08002076   Section        0  stm32f3xx_hal_spi.o(i.HAL_SPI_TxRxHalfCpltCallback)
    i.HAL_SYSTICK_Config                     0x08002078   Section        0  stm32f3xx_hal_cortex.o(i.HAL_SYSTICK_Config)
    i.HardFault_Handler                      0x080020ac   Section        0  stm32f3xx_it.o(i.HardFault_Handler)
    i.MX_DMA_Init                            0x080020b0   Section        0  main.o(i.MX_DMA_Init)
    MX_DMA_Init                              0x080020b1   Thumb Code    64  main.o(i.MX_DMA_Init)
    i.MX_GPIO_Init                           0x080020f4   Section        0  main.o(i.MX_GPIO_Init)
    MX_GPIO_Init                             0x080020f5   Thumb Code   248  main.o(i.MX_GPIO_Init)
    i.MX_SPI1_Init                           0x080021fc   Section        0  main.o(i.MX_SPI1_Init)
    MX_SPI1_Init                             0x080021fd   Thumb Code    74  main.o(i.MX_SPI1_Init)
    i.MemManage_Handler                      0x08002250   Section        0  stm32f3xx_it.o(i.MemManage_Handler)
    i.NMI_Handler                            0x08002254   Section        0  stm32f3xx_it.o(i.NMI_Handler)
    i.NRF24L01_RX_Mode                       0x08002258   Section        0  nrf24.o(i.NRF24L01_RX_Mode)
    i.NRF24_FlushRX                          0x08002290   Section        0  nrf24.o(i.NRF24_FlushRX)
    i.NRF24_FlushTX                          0x080022cc   Section        0  nrf24.o(i.NRF24_FlushTX)
    i.NRF24_ReadReg                          0x08002308   Section        0  nrf24.o(i.NRF24_ReadReg)
    i.NRF24_ToggleFeatures                   0x08002358   Section        0  nrf24.o(i.NRF24_ToggleFeatures)
    i.NRF24_WriteReg                         0x080023a0   Section        0  nrf24.o(i.NRF24_WriteReg)
    i.NRF24_Write_Buf                        0x080023e0   Section        0  nrf24.o(i.NRF24_Write_Buf)
    i.NRF24_ini                              0x08002428   Section        0  nrf24.o(i.NRF24_ini)
    i.PendSV_Handler                         0x080024c4   Section        0  stm32f3xx_it.o(i.PendSV_Handler)
    i.SPI_DMAError                           0x080024c6   Section        0  stm32f3xx_hal_spi.o(i.SPI_DMAError)
    SPI_DMAError                             0x080024c7   Thumb Code    40  stm32f3xx_hal_spi.o(i.SPI_DMAError)
    i.SPI_DMAHalfReceiveCplt                 0x080024ee   Section        0  stm32f3xx_hal_spi.o(i.SPI_DMAHalfReceiveCplt)
    SPI_DMAHalfReceiveCplt                   0x080024ef   Thumb Code    14  stm32f3xx_hal_spi.o(i.SPI_DMAHalfReceiveCplt)
    i.SPI_DMAHalfTransmitCplt                0x080024fc   Section        0  stm32f3xx_hal_spi.o(i.SPI_DMAHalfTransmitCplt)
    SPI_DMAHalfTransmitCplt                  0x080024fd   Thumb Code    14  stm32f3xx_hal_spi.o(i.SPI_DMAHalfTransmitCplt)
    i.SPI_DMAHalfTransmitReceiveCplt         0x0800250a   Section        0  stm32f3xx_hal_spi.o(i.SPI_DMAHalfTransmitReceiveCplt)
    SPI_DMAHalfTransmitReceiveCplt           0x0800250b   Thumb Code    14  stm32f3xx_hal_spi.o(i.SPI_DMAHalfTransmitReceiveCplt)
    i.SPI_DMAReceiveCplt                     0x08002518   Section        0  stm32f3xx_hal_spi.o(i.SPI_DMAReceiveCplt)
    SPI_DMAReceiveCplt                       0x08002519   Thumb Code   124  stm32f3xx_hal_spi.o(i.SPI_DMAReceiveCplt)
    i.SPI_DMATransmitCplt                    0x08002594   Section        0  stm32f3xx_hal_spi.o(i.SPI_DMATransmitCplt)
    SPI_DMATransmitCplt                      0x08002595   Thumb Code   126  stm32f3xx_hal_spi.o(i.SPI_DMATransmitCplt)
    i.SPI_DMATransmitReceiveCplt             0x08002612   Section        0  stm32f3xx_hal_spi.o(i.SPI_DMATransmitReceiveCplt)
    SPI_DMATransmitReceiveCplt               0x08002613   Thumb Code   104  stm32f3xx_hal_spi.o(i.SPI_DMATransmitReceiveCplt)
    i.SPI_EndRxTransaction                   0x0800267a   Section        0  stm32f3xx_hal_spi.o(i.SPI_EndRxTransaction)
    SPI_EndRxTransaction                     0x0800267b   Thumb Code   130  stm32f3xx_hal_spi.o(i.SPI_EndRxTransaction)
    i.SPI_EndRxTxTransaction                 0x080026fc   Section        0  stm32f3xx_hal_spi.o(i.SPI_EndRxTxTransaction)
    SPI_EndRxTxTransaction                   0x080026fd   Thumb Code   100  stm32f3xx_hal_spi.o(i.SPI_EndRxTxTransaction)
    i.SPI_WaitFifoStateUntilTimeout          0x08002760   Section        0  stm32f3xx_hal_spi.o(i.SPI_WaitFifoStateUntilTimeout)
    SPI_WaitFifoStateUntilTimeout            0x08002761   Thumb Code   222  stm32f3xx_hal_spi.o(i.SPI_WaitFifoStateUntilTimeout)
    i.SPI_WaitFlagStateUntilTimeout          0x08002844   Section        0  stm32f3xx_hal_spi.o(i.SPI_WaitFlagStateUntilTimeout)
    SPI_WaitFlagStateUntilTimeout            0x08002845   Thumb Code   210  stm32f3xx_hal_spi.o(i.SPI_WaitFlagStateUntilTimeout)
    i.SVC_Handler                            0x0800291c   Section        0  stm32f3xx_it.o(i.SVC_Handler)
    i.SysTick_Handler                        0x0800291e   Section        0  stm32f3xx_it.o(i.SysTick_Handler)
    i.SystemClock_Config                     0x08002926   Section        0  main.o(i.SystemClock_Config)
    i.SystemInit                             0x08002988   Section        0  system_stm32f3xx.o(i.SystemInit)
    i.UsageFault_Handler                     0x0800299c   Section        0  stm32f3xx_it.o(i.UsageFault_Handler)
    i.__NVIC_GetPriorityGrouping             0x080029a0   Section        0  stm32f3xx_hal_cortex.o(i.__NVIC_GetPriorityGrouping)
    __NVIC_GetPriorityGrouping               0x080029a1   Thumb Code    10  stm32f3xx_hal_cortex.o(i.__NVIC_GetPriorityGrouping)
    i.__NVIC_SetPriority                     0x080029b0   Section        0  stm32f3xx_hal_cortex.o(i.__NVIC_SetPriority)
    __NVIC_SetPriority                       0x080029b1   Thumb Code    32  stm32f3xx_hal_cortex.o(i.__NVIC_SetPriority)
    i._is_digit                              0x080029d8   Section        0  __printf_wp.o(i._is_digit)
    i.main                                   0x080029e8   Section        0  main.o(i.main)
    x$fpl$fpinit                             0x08002b04   Section       10  fpinit.o(x$fpl$fpinit)
    $v0                                      0x08002b04   Number         0  fpinit.o(x$fpl$fpinit)
    .constdata                               0x08002b0e   Section       32  stm32f3xx_hal_rcc.o(.constdata)
    .constdata                               0x08002b2e   Section       24  system_stm32f3xx.o(.constdata)
    .constdata                               0x08002b46   Section       40  _printf_hex_int.o(.constdata)
    uc_hextab                                0x08002b46   Data          20  _printf_hex_int.o(.constdata)
    lc_hextab                                0x08002b5a   Data          20  _printf_hex_int.o(.constdata)
    .constdata                               0x08002b6e   Section       17  __printf_flags_wp.o(.constdata)
    maptable                                 0x08002b6e   Data          17  __printf_flags_wp.o(.constdata)
    .data                                    0x20000000   Section       10  nrf24.o(.data)
    .data                                    0x2000000a   Section        2  main.o(.data)
    .data                                    0x2000000c   Section        9  stm32f3xx_hal.o(.data)
    .data                                    0x20000018   Section        4  system_stm32f3xx.o(.data)
    .bss                                     0x2000001c   Section      386  main.o(.bss)
    .bss                                     0x200001a0   Section       96  libspace.o(.bss)
    HEAP                                     0x20000200   Section      512  startup_stm32f334x8.o(HEAP)
    Heap_Mem                                 0x20000200   Data         512  startup_stm32f334x8.o(HEAP)
    STACK                                    0x20000400   Section     1024  startup_stm32f334x8.o(STACK)
    Stack_Mem                                0x20000400   Data        1024  startup_stm32f334x8.o(STACK)
    __initial_sp                             0x20000800   Data           0  startup_stm32f334x8.o(STACK)

    Global Symbols

    Symbol Name                              Value     Ov Type        Size  Object(Section)

    BuildAttributes$$THM_ISAv4$E$P$D$K$B$S$7EM$VFPi3$EXTD16$VFPS$VFMA$PE$A:L22UL41UL21$X:L11$S22US41US21$IEEE1$IW$USESV6$~STKCKD$USESV7$~SHL$OSPACE$ROPI$EBA8$UX$STANDARDLIB$REQ8$PRES8$EABIv2 0x00000000   Number         0  anon$$obj.o ABSOLUTE
    __ARM_use_no_argv                        0x00000000   Number         0  main.o ABSOLUTE
    _printf_flags                            0x00000000   Number         0  printf_stubs.o ABSOLUTE
    _printf_return_value                     0x00000000   Number         0  printf_stubs.o ABSOLUTE
    _printf_sizespec                         0x00000000   Number         0  printf_stubs.o ABSOLUTE
    _printf_widthprec                        0x00000000   Number         0  printf_stubs.o ABSOLUTE
    __ARM_exceptions_init                     - Undefined Weak Reference
    __alloca_initialize                       - Undefined Weak Reference
    __arm_preinit_                            - Undefined Weak Reference
    __cpp_initialize__aeabi_                  - Undefined Weak Reference
    __cxa_finalize                            - Undefined Weak Reference
    __rt_locale                               - Undefined Weak Reference
    __sigvec_lookup                           - Undefined Weak Reference
    _atexit_init                              - Undefined Weak Reference
    _call_atexit_fns                          - Undefined Weak Reference
    _clock_init                               - Undefined Weak Reference
    _fp_trap_init                             - Undefined Weak Reference
    _fp_trap_shutdown                         - Undefined Weak Reference
    _get_lc_collate                           - Undefined Weak Reference
    _get_lc_ctype                             - Undefined Weak Reference
    _get_lc_monetary                          - Undefined Weak Reference
    _get_lc_numeric                           - Undefined Weak Reference
    _get_lc_time                              - Undefined Weak Reference
    _getenv_init                              - Undefined Weak Reference
    _handle_redirection                       - Undefined Weak Reference
    _init_alloc                               - Undefined Weak Reference
    _init_user_alloc                          - Undefined Weak Reference
    _initio                                   - Undefined Weak Reference
    _printf_truncate_unsigned                 - Undefined Weak Reference
    _rand_init                                - Undefined Weak Reference
    _signal_finish                            - Undefined Weak Reference
    _signal_init                              - Undefined Weak Reference
    _terminate_alloc                          - Undefined Weak Reference
    _terminate_user_alloc                     - Undefined Weak Reference
    _terminateio                              - Undefined Weak Reference
    __Vectors_Size                           0x00000188   Number         0  startup_stm32f334x8.o ABSOLUTE
    __Vectors                                0x08000000   Data           4  startup_stm32f334x8.o(RESET)
    __Vectors_End                            0x08000188   Data           0  startup_stm32f334x8.o(RESET)
    __main                                   0x08000189   Thumb Code     8  __main.o(!!!main)
    __scatterload                            0x08000191   Thumb Code     0  __scatter.o(!!!scatter)
    __scatterload_rt2                        0x08000191   Thumb Code    44  __scatter.o(!!!scatter)
    __scatterload_rt2_thumb_only             0x08000191   Thumb Code     0  __scatter.o(!!!scatter)
    __scatterload_null                       0x0800019f   Thumb Code     0  __scatter.o(!!!scatter)
    __scatterload_copy                       0x080001c5   Thumb Code    26  __scatter_copy.o(!!handler_copy)
    __scatterload_zeroinit                   0x080001e1   Thumb Code    28  __scatter_zi.o(!!handler_zi)
    _printf_percent                          0x080001fd   Thumb Code     0  _printf_percent.o(.ARM.Collect$$_printf_percent$$00000000)
    _printf_x                                0x080001fd   Thumb Code     0  _printf_x.o(.ARM.Collect$$_printf_percent$$0000000C)
    _printf_percent_end                      0x08000203   Thumb Code     0  _printf_percent_end.o(.ARM.Collect$$_printf_percent$$00000017)
    __rt_lib_init                            0x08000207   Thumb Code     0  libinit.o(.ARM.Collect$$libinit$$00000000)
    __rt_lib_init_fp_1                       0x08000209   Thumb Code     0  libinit2.o(.ARM.Collect$$libinit$$00000001)
    __rt_lib_init_alloca_1                   0x0800020d   Thumb Code     0  libinit2.o(.ARM.Collect$$libinit$$0000002E)
    __rt_lib_init_argv_1                     0x0800020d   Thumb Code     0  libinit2.o(.ARM.Collect$$libinit$$0000002C)
    __rt_lib_init_atexit_1                   0x0800020d   Thumb Code     0  libinit2.o(.ARM.Collect$$libinit$$0000001B)
    __rt_lib_init_clock_1                    0x0800020d   Thumb Code     0  libinit2.o(.ARM.Collect$$libinit$$00000021)
    __rt_lib_init_cpp_1                      0x0800020d   Thumb Code     0  libinit2.o(.ARM.Collect$$libinit$$00000032)
    __rt_lib_init_exceptions_1               0x0800020d   Thumb Code     0  libinit2.o(.ARM.Collect$$libinit$$00000030)
    __rt_lib_init_fp_trap_1                  0x0800020d   Thumb Code     0  libinit2.o(.ARM.Collect$$libinit$$0000001F)
    __rt_lib_init_getenv_1                   0x0800020d   Thumb Code     0  libinit2.o(.ARM.Collect$$libinit$$00000023)
    __rt_lib_init_heap_1                     0x0800020d   Thumb Code     0  libinit2.o(.ARM.Collect$$libinit$$0000000A)
    __rt_lib_init_lc_collate_1               0x0800020d   Thumb Code     0  libinit2.o(.ARM.Collect$$libinit$$00000011)
    __rt_lib_init_lc_ctype_1                 0x0800020d   Thumb Code     0  libinit2.o(.ARM.Collect$$libinit$$00000013)
    __rt_lib_init_lc_monetary_1              0x0800020d   Thumb Code     0  libinit2.o(.ARM.Collect$$libinit$$00000015)
    __rt_lib_init_lc_numeric_1               0x0800020d   Thumb Code     0  libinit2.o(.ARM.Collect$$libinit$$00000017)
    __rt_lib_init_lc_time_1                  0x0800020d   Thumb Code     0  libinit2.o(.ARM.Collect$$libinit$$00000019)
    __rt_lib_init_preinit_1                  0x0800020d   Thumb Code     0  libinit2.o(.ARM.Collect$$libinit$$00000004)
    __rt_lib_init_rand_1                     0x0800020d   Thumb Code     0  libinit2.o(.ARM.Collect$$libinit$$0000000E)
    __rt_lib_init_return                     0x0800020d   Thumb Code     0  libinit2.o(.ARM.Collect$$libinit$$00000033)
    __rt_lib_init_signal_1                   0x0800020d   Thumb Code     0  libinit2.o(.ARM.Collect$$libinit$$0000001D)
    __rt_lib_init_stdio_1                    0x0800020d   Thumb Code     0  libinit2.o(.ARM.Collect$$libinit$$00000025)
    __rt_lib_init_user_alloc_1               0x0800020d   Thumb Code     0  libinit2.o(.ARM.Collect$$libinit$$0000000C)
    __rt_lib_shutdown                        0x0800020f   Thumb Code     0  libshutdown.o(.ARM.Collect$$libshutdown$$00000000)
    __rt_lib_shutdown_cpp_1                  0x08000211   Thumb Code     0  libshutdown2.o(.ARM.Collect$$libshutdown$$00000002)
    __rt_lib_shutdown_fp_trap_1              0x08000211   Thumb Code     0  libshutdown2.o(.ARM.Collect$$libshutdown$$00000007)
    __rt_lib_shutdown_heap_1                 0x08000211   Thumb Code     0  libshutdown2.o(.ARM.Collect$$libshutdown$$0000000F)
    __rt_lib_shutdown_return                 0x08000211   Thumb Code     0  libshutdown2.o(.ARM.Collect$$libshutdown$$00000010)
    __rt_lib_shutdown_signal_1               0x08000211   Thumb Code     0  libshutdown2.o(.ARM.Collect$$libshutdown$$0000000A)
    __rt_lib_shutdown_stdio_1                0x08000211   Thumb Code     0  libshutdown2.o(.ARM.Collect$$libshutdown$$00000004)
    __rt_lib_shutdown_user_alloc_1           0x08000211   Thumb Code     0  libshutdown2.o(.ARM.Collect$$libshutdown$$0000000C)
    __rt_entry                               0x08000213   Thumb Code     0  __rtentry.o(.ARM.Collect$$rtentry$$00000000)
    __rt_entry_presh_1                       0x08000213   Thumb Code     0  __rtentry2.o(.ARM.Collect$$rtentry$$00000002)
    __rt_entry_sh                            0x08000213   Thumb Code     0  __rtentry4.o(.ARM.Collect$$rtentry$$00000004)
    __rt_entry_li                            0x08000219   Thumb Code     0  __rtentry2.o(.ARM.Collect$$rtentry$$0000000A)
    __rt_entry_postsh_1                      0x08000219   Thumb Code     0  __rtentry2.o(.ARM.Collect$$rtentry$$00000009)
    __rt_entry_main                          0x0800021d   Thumb Code     0  __rtentry2.o(.ARM.Collect$$rtentry$$0000000D)
    __rt_entry_postli_1                      0x0800021d   Thumb Code     0  __rtentry2.o(.ARM.Collect$$rtentry$$0000000C)
    __rt_exit                                0x08000225   Thumb Code     0  rtexit.o(.ARM.Collect$$rtexit$$00000000)
    __rt_exit_ls                             0x08000227   Thumb Code     0  rtexit2.o(.ARM.Collect$$rtexit$$00000003)
    __rt_exit_prels_1                        0x08000227   Thumb Code     0  rtexit2.o(.ARM.Collect$$rtexit$$00000002)
    __rt_exit_exit                           0x0800022b   Thumb Code     0  rtexit2.o(.ARM.Collect$$rtexit$$00000004)
    Reset_Handler                            0x08000231   Thumb Code     8  startup_stm32f334x8.o(.text)
    ADC1_2_IRQHandler                        0x0800024b   Thumb Code     0  startup_stm32f334x8.o(.text)
    CAN_RX0_IRQHandler                       0x0800024b   Thumb Code     0  startup_stm32f334x8.o(.text)
    CAN_RX1_IRQHandler                       0x0800024b   Thumb Code     0  startup_stm32f334x8.o(.text)
    CAN_SCE_IRQHandler                       0x0800024b   Thumb Code     0  startup_stm32f334x8.o(.text)
    CAN_TX_IRQHandler                        0x0800024b   Thumb Code     0  startup_stm32f334x8.o(.text)
    COMP2_IRQHandler                         0x0800024b   Thumb Code     0  startup_stm32f334x8.o(.text)
    COMP4_6_IRQHandler                       0x0800024b   Thumb Code     0  startup_stm32f334x8.o(.text)
    DMA1_Channel1_IRQHandler                 0x0800024b   Thumb Code     0  startup_stm32f334x8.o(.text)
    DMA1_Channel4_IRQHandler                 0x0800024b   Thumb Code     0  startup_stm32f334x8.o(.text)
    DMA1_Channel5_IRQHandler                 0x0800024b   Thumb Code     0  startup_stm32f334x8.o(.text)
    DMA1_Channel6_IRQHandler                 0x0800024b   Thumb Code     0  startup_stm32f334x8.o(.text)
    DMA1_Channel7_IRQHandler                 0x0800024b   Thumb Code     0  startup_stm32f334x8.o(.text)
    EXTI0_IRQHandler                         0x0800024b   Thumb Code     0  startup_stm32f334x8.o(.text)
    EXTI1_IRQHandler                         0x0800024b   Thumb Code     0  startup_stm32f334x8.o(.text)
    EXTI2_TSC_IRQHandler                     0x0800024b   Thumb Code     0  startup_stm32f334x8.o(.text)
    EXTI3_IRQHandler                         0x0800024b   Thumb Code     0  startup_stm32f334x8.o(.text)
    EXTI4_IRQHandler                         0x0800024b   Thumb Code     0  startup_stm32f334x8.o(.text)
    EXTI9_5_IRQHandler                       0x0800024b   Thumb Code     0  startup_stm32f334x8.o(.text)
    FLASH_IRQHandler                         0x0800024b   Thumb Code     0  startup_stm32f334x8.o(.text)
    FPU_IRQHandler                           0x0800024b   Thumb Code     0  startup_stm32f334x8.o(.text)
    HRTIM1_FLT_IRQHandler                    0x0800024b   Thumb Code     0  startup_stm32f334x8.o(.text)
    HRTIM1_Master_IRQHandler                 0x0800024b   Thumb Code     0  startup_stm32f334x8.o(.text)
    HRTIM1_TIMA_IRQHandler                   0x0800024b   Thumb Code     0  startup_stm32f334x8.o(.text)
    HRTIM1_TIMB_IRQHandler                   0x0800024b   Thumb Code     0  startup_stm32f334x8.o(.text)
    HRTIM1_TIMC_IRQHandler                   0x0800024b   Thumb Code     0  startup_stm32f334x8.o(.text)
    HRTIM1_TIMD_IRQHandler                   0x0800024b   Thumb Code     0  startup_stm32f334x8.o(.text)
    HRTIM1_TIME_IRQHandler                   0x0800024b   Thumb Code     0  startup_stm32f334x8.o(.text)
    I2C1_ER_IRQHandler                       0x0800024b   Thumb Code     0  startup_stm32f334x8.o(.text)
    I2C1_EV_IRQHandler                       0x0800024b   Thumb Code     0  startup_stm32f334x8.o(.text)
    PVD_IRQHandler                           0x0800024b   Thumb Code     0  startup_stm32f334x8.o(.text)
    RCC_IRQHandler                           0x0800024b   Thumb Code     0  startup_stm32f334x8.o(.text)
    RTC_Alarm_IRQHandler                     0x0800024b   Thumb Code     0  startup_stm32f334x8.o(.text)
    RTC_WKUP_IRQHandler                      0x0800024b   Thumb Code     0  startup_stm32f334x8.o(.text)
    SPI1_IRQHandler                          0x0800024b   Thumb Code     0  startup_stm32f334x8.o(.text)
    TAMP_STAMP_IRQHandler                    0x0800024b   Thumb Code     0  startup_stm32f334x8.o(.text)
    TIM1_BRK_TIM15_IRQHandler                0x0800024b   Thumb Code     0  startup_stm32f334x8.o(.text)
    TIM1_CC_IRQHandler                       0x0800024b   Thumb Code     0  startup_stm32f334x8.o(.text)
    TIM1_TRG_COM_TIM17_IRQHandler            0x0800024b   Thumb Code     0  startup_stm32f334x8.o(.text)
    TIM1_UP_TIM16_IRQHandler                 0x0800024b   Thumb Code     0  startup_stm32f334x8.o(.text)
    TIM2_IRQHandler                          0x0800024b   Thumb Code     0  startup_stm32f334x8.o(.text)
    TIM3_IRQHandler                          0x0800024b   Thumb Code     0  startup_stm32f334x8.o(.text)
    TIM6_DAC1_IRQHandler                     0x0800024b   Thumb Code     0  startup_stm32f334x8.o(.text)
    TIM7_DAC2_IRQHandler                     0x0800024b   Thumb Code     0  startup_stm32f334x8.o(.text)
    USART1_IRQHandler                        0x0800024b   Thumb Code     0  startup_stm32f334x8.o(.text)
    USART2_IRQHandler                        0x0800024b   Thumb Code     0  startup_stm32f334x8.o(.text)
    USART3_IRQHandler                        0x0800024b   Thumb Code     0  startup_stm32f334x8.o(.text)
    WWDG_IRQHandler                          0x0800024b   Thumb Code     0  startup_stm32f334x8.o(.text)
    __user_initial_stackheap                 0x0800024d   Thumb Code     0  startup_stm32f334x8.o(.text)
    __aeabi_uldivmod                         0x08000271   Thumb Code     0  lludivv7m.o(.text)
    _ll_udiv                                 0x08000271   Thumb Code   238  lludivv7m.o(.text)
    __2sprintf                               0x08000361   Thumb Code    34  noretval__2sprintf.o(.text)
    _printf_pre_padding                      0x08000389   Thumb Code    44  _printf_pad.o(.text)
    _printf_post_padding                     0x080003b5   Thumb Code    34  _printf_pad.o(.text)
    _printf_int_hex                          0x080003d9   Thumb Code    84  _printf_hex_int.o(.text)
    _printf_longlong_hex                     0x080003d9   Thumb Code     0  _printf_hex_int.o(.text)
    __printf                                 0x08000431   Thumb Code   308  __printf_flags_wp.o(.text)
    __aeabi_memclr4                          0x08000569   Thumb Code     0  rt_memclr_w.o(.text)
    __aeabi_memclr8                          0x08000569   Thumb Code     0  rt_memclr_w.o(.text)
    __rt_memclr_w                            0x08000569   Thumb Code    78  rt_memclr_w.o(.text)
    _memset_w                                0x0800056d   Thumb Code     0  rt_memclr_w.o(.text)
    __use_two_region_memory                  0x080005b7   Thumb Code     2  heapauxi.o(.text)
    __rt_heap_escrow$2region                 0x080005b9   Thumb Code     2  heapauxi.o(.text)
    __rt_heap_expand$2region                 0x080005bb   Thumb Code     2  heapauxi.o(.text)
    _printf_int_common                       0x080005bd   Thumb Code   178  _printf_intcommon.o(.text)
    _printf_char_common                      0x0800067b   Thumb Code    32  _printf_char_common.o(.text)
    _sputc                                   0x080006a1   Thumb Code    10  _sputc.o(.text)
    __user_setup_stackheap                   0x080006ab   Thumb Code    74  sys_stackheap_outer.o(.text)
    exit                                     0x080006f5   Thumb Code    18  exit.o(.text)
    __user_libspace                          0x08000709   Thumb Code     8  libspace.o(.text)
    __user_perproc_libspace                  0x08000709   Thumb Code     0  libspace.o(.text)
    __user_perthread_libspace                0x08000709   Thumb Code     0  libspace.o(.text)
    _sys_exit                                0x08000711   Thumb Code     8  sys_exit.o(.text)
    __I$use$semihosting                      0x0800071d   Thumb Code     0  use_no_semi.o(.text)
    __use_no_semihosting_swi                 0x0800071d   Thumb Code     2  use_no_semi.o(.text)
    BusFault_Handler                         0x0800071f   Thumb Code     4  stm32f3xx_it.o(i.BusFault_Handler)
    __semihosting_library_function           0x0800071f   Thumb Code     0  indicate_semi.o(.text)
    DMA1_Channel2_IRQHandler                 0x08000725   Thumb Code    10  stm32f3xx_it.o(i.DMA1_Channel2_IRQHandler)
    DMA1_Channel3_IRQHandler                 0x08000735   Thumb Code    10  stm32f3xx_it.o(i.DMA1_Channel3_IRQHandler)
    DebugMon_Handler                         0x0800078d   Thumb Code     2  stm32f3xx_it.o(i.DebugMon_Handler)
    EXTI15_10_IRQHandler                     0x080007c1   Thumb Code    20  stm32f3xx_it.o(i.EXTI15_10_IRQHandler)
    Error_Handler                            0x080007d5   Thumb Code     6  main.o(i.Error_Handler)
    HAL_DMA_IRQHandler                       0x080007db   Thumb Code   230  stm32f3xx_hal_dma.o(i.HAL_DMA_IRQHandler)
    HAL_DMA_Init                             0x080008c1   Thumb Code    86  stm32f3xx_hal_dma.o(i.HAL_DMA_Init)
    HAL_DMA_Start_IT                         0x08000917   Thumb Code   156  stm32f3xx_hal_dma.o(i.HAL_DMA_Start_IT)
    HAL_Delay                                0x080009b5   Thumb Code    36  stm32f3xx_hal.o(i.HAL_Delay)
    HAL_GPIO_EXTI_Callback                   0x080009dd   Thumb Code     2  stm32f3xx_hal_gpio.o(i.HAL_GPIO_EXTI_Callback)
    HAL_GPIO_EXTI_IRQHandler                 0x080009e1   Thumb Code    24  stm32f3xx_hal_gpio.o(i.HAL_GPIO_EXTI_IRQHandler)
    HAL_GPIO_Init                            0x080009fd   Thumb Code   418  stm32f3xx_hal_gpio.o(i.HAL_GPIO_Init)
    HAL_GPIO_WritePin                        0x08000bb9   Thumb Code    10  stm32f3xx_hal_gpio.o(i.HAL_GPIO_WritePin)
    HAL_GetTick                              0x08000bc5   Thumb Code     6  stm32f3xx_hal.o(i.HAL_GetTick)
    HAL_IncTick                              0x08000bd1   Thumb Code    16  stm32f3xx_hal.o(i.HAL_IncTick)
    HAL_Init                                 0x08000be9   Thumb Code    34  stm32f3xx_hal.o(i.HAL_Init)
    HAL_InitTick                             0x08000c11   Thumb Code    64  stm32f3xx_hal.o(i.HAL_InitTick)
    HAL_MspInit                              0x08000c5d   Thumb Code    64  stm32f3xx_hal_msp.o(i.HAL_MspInit)
    HAL_NVIC_EnableIRQ                       0x08000ca1   Thumb Code    32  stm32f3xx_hal_cortex.o(i.HAL_NVIC_EnableIRQ)
    HAL_NVIC_SetPriority                     0x08000cc1   Thumb Code   124  stm32f3xx_hal_cortex.o(i.HAL_NVIC_SetPriority)
    HAL_NVIC_SetPriorityGrouping             0x08000d3d   Thumb Code    32  stm32f3xx_hal_cortex.o(i.HAL_NVIC_SetPriorityGrouping)
    HAL_RCC_ClockConfig                      0x08000d65   Thumb Code   664  stm32f3xx_hal_rcc.o(i.HAL_RCC_ClockConfig)
    HAL_RCC_GetSysClockFreq                  0x08001011   Thumb Code   138  stm32f3xx_hal_rcc.o(i.HAL_RCC_GetSysClockFreq)
    HAL_RCC_OscConfig                        0x080010b1   Thumb Code  2586  stm32f3xx_hal_rcc.o(i.HAL_RCC_OscConfig)
    HAL_SPI_ErrorCallback                    0x08001ad5   Thumb Code     2  stm32f3xx_hal_spi.o(i.HAL_SPI_ErrorCallback)
    HAL_SPI_Init                             0x08001ad7   Thumb Code   240  stm32f3xx_hal_spi.o(i.HAL_SPI_Init)
    HAL_SPI_MspInit                          0x08001bc9   Thumb Code   266  stm32f3xx_hal_msp.o(i.HAL_SPI_MspInit)
    HAL_SPI_RxCpltCallback                   0x08001ced   Thumb Code     2  stm32f3xx_hal_spi.o(i.HAL_SPI_RxCpltCallback)
    HAL_SPI_RxHalfCpltCallback               0x08001cef   Thumb Code     2  stm32f3xx_hal_spi.o(i.HAL_SPI_RxHalfCpltCallback)
    HAL_SPI_TransmitReceive_DMA              0x08001cf1   Thumb Code   538  stm32f3xx_hal_spi.o(i.HAL_SPI_TransmitReceive_DMA)
    HAL_SPI_Transmit_DMA                     0x08001f21   Thumb Code   324  stm32f3xx_hal_spi.o(i.HAL_SPI_Transmit_DMA)
    HAL_SPI_TxCpltCallback                   0x08002071   Thumb Code     2  stm32f3xx_hal_spi.o(i.HAL_SPI_TxCpltCallback)
    HAL_SPI_TxHalfCpltCallback               0x08002073   Thumb Code     2  stm32f3xx_hal_spi.o(i.HAL_SPI_TxHalfCpltCallback)
    HAL_SPI_TxRxCpltCallback                 0x08002075   Thumb Code     2  stm32f3xx_hal_spi.o(i.HAL_SPI_TxRxCpltCallback)
    HAL_SPI_TxRxHalfCpltCallback             0x08002077   Thumb Code     2  stm32f3xx_hal_spi.o(i.HAL_SPI_TxRxHalfCpltCallback)
    HAL_SYSTICK_Config                       0x08002079   Thumb Code    52  stm32f3xx_hal_cortex.o(i.HAL_SYSTICK_Config)
    HardFault_Handler                        0x080020ad   Thumb Code     4  stm32f3xx_it.o(i.HardFault_Handler)
    MemManage_Handler                        0x08002251   Thumb Code     4  stm32f3xx_it.o(i.MemManage_Handler)
    NMI_Handler                              0x08002255   Thumb Code     4  stm32f3xx_it.o(i.NMI_Handler)
    NRF24L01_RX_Mode                         0x08002259   Thumb Code    50  nrf24.o(i.NRF24L01_RX_Mode)
    NRF24_FlushRX                            0x08002291   Thumb Code    46  nrf24.o(i.NRF24_FlushRX)
    NRF24_FlushTX                            0x080022cd   Thumb Code    46  nrf24.o(i.NRF24_FlushTX)
    NRF24_ReadReg                            0x08002309   Thumb Code    70  nrf24.o(i.NRF24_ReadReg)
    NRF24_ToggleFeatures                     0x08002359   Thumb Code    60  nrf24.o(i.NRF24_ToggleFeatures)
    NRF24_WriteReg                           0x080023a1   Thumb Code    54  nrf24.o(i.NRF24_WriteReg)
    NRF24_Write_Buf                          0x080023e1   Thumb Code    64  nrf24.o(i.NRF24_Write_Buf)
    NRF24_ini                                0x08002429   Thumb Code   146  nrf24.o(i.NRF24_ini)
    PendSV_Handler                           0x080024c5   Thumb Code     2  stm32f3xx_it.o(i.PendSV_Handler)
    SVC_Handler                              0x0800291d   Thumb Code     2  stm32f3xx_it.o(i.SVC_Handler)
    SysTick_Handler                          0x0800291f   Thumb Code     8  stm32f3xx_it.o(i.SysTick_Handler)
    SystemClock_Config                       0x08002927   Thumb Code    98  main.o(i.SystemClock_Config)
    SystemInit                               0x08002989   Thumb Code    14  system_stm32f3xx.o(i.SystemInit)
    UsageFault_Handler                       0x0800299d   Thumb Code     4  stm32f3xx_it.o(i.UsageFault_Handler)
    _is_digit                                0x080029d9   Thumb Code    14  __printf_wp.o(i._is_digit)
    main                                     0x080029e9   Thumb Code   176  main.o(i.main)
    _fp_init                                 0x08002b05   Thumb Code    10  fpinit.o(x$fpl$fpinit)
    __fplib_config_fpu_vfp                   0x08002b0d   Thumb Code     0  fpinit.o(x$fpl$fpinit)
    __fplib_config_pureend_doubles           0x08002b0d   Thumb Code     0  fpinit.o(x$fpl$fpinit)
    aPLLMULFactorTable                       0x08002b0e   Data          16  stm32f3xx_hal_rcc.o(.constdata)
    aPredivFactorTable                       0x08002b1e   Data          16  stm32f3xx_hal_rcc.o(.constdata)
    AHBPrescTable                            0x08002b2e   Data          16  system_stm32f3xx.o(.constdata)
    APBPrescTable                            0x08002b3e   Data           8  system_stm32f3xx.o(.constdata)
    Region$$Table$$Base                      0x08002b80   Number         0  anon$$obj.o(Region$$Table)
    Region$$Table$$Limit                     0x08002ba0   Number         0  anon$$obj.o(Region$$Table)
    TX_ADDRESS                               0x20000000   Data           3  nrf24.o(.data)
    RX_BUF                                   0x20000003   Data           5  nrf24.o(.data)
    ErrCnt_Fl                                0x20000008   Data           1  nrf24.o(.data)
    data                                     0x20000009   Data           1  nrf24.o(.data)
    dt_reg                                   0x2000000a   Data           1  main.o(.data)
    receive                                  0x2000000b   Data           1  main.o(.data)
    uwTick                                   0x2000000c   Data           4  stm32f3xx_hal.o(.data)
    uwTickPrio                               0x20000010   Data           4  stm32f3xx_hal.o(.data)
    uwTickFreq                               0x20000014   Data           1  stm32f3xx_hal.o(.data)
    SystemCoreClock                          0x20000018   Data           4  system_stm32f3xx.o(.data)
    hspi1                                    0x2000001c   Data         100  main.o(.bss)
    hdma_spi1_rx                             0x20000080   Data          68  main.o(.bss)
    hdma_spi1_tx                             0x200000c4   Data          68  main.o(.bss)
    str1                                     0x20000108   Data         150  main.o(.bss)
    __libspace_start                         0x200001a0   Data          96  libspace.o(.bss)
    __temporary_stack_top$libspace           0x20000200   Data           0  libspace.o(.bss)



==============================================================================

Memory Map of the image

  Image Entry point : 0x08000189

  Load Region LR_IROM1 (Base: 0x08000000, Size: 0x00002bbc, Max: 0x00010000, ABSOLUTE)

    Execution Region ER_IROM1 (Exec base: 0x08000000, Load base: 0x08000000, Size: 0x00002ba0, Max: 0x00010000, ABSOLUTE)

    Exec Addr    Load Addr    Size         Type   Attr      Idx    E Section Name        Object

    0x08000000   0x08000000   0x00000188   Data   RO            3    RESET               startup_stm32f334x8.o
    0x08000188   0x08000188   0x00000008   Code   RO         2436  * !!!main             c_w.l(__main.o)
    0x08000190   0x08000190   0x00000034   Code   RO         2612    !!!scatter          c_w.l(__scatter.o)
    0x080001c4   0x080001c4   0x0000001a   Code   RO         2614    !!handler_copy      c_w.l(__scatter_copy.o)
    0x080001de   0x080001de   0x00000002   PAD
    0x080001e0   0x080001e0   0x0000001c   Code   RO         2616    !!handler_zi        c_w.l(__scatter_zi.o)
    0x080001fc   0x080001fc   0x00000000   Code   RO         2429    .ARM.Collect$$_printf_percent$$00000000  c_w.l(_printf_percent.o)
    0x080001fc   0x080001fc   0x00000006   Code   RO         2428    .ARM.Collect$$_printf_percent$$0000000C  c_w.l(_printf_x.o)
    0x08000202   0x08000202   0x00000004   Code   RO         2449    .ARM.Collect$$_printf_percent$$00000017  c_w.l(_printf_percent_end.o)
    0x08000206   0x08000206   0x00000002   Code   RO         2482    .ARM.Collect$$libinit$$00000000  c_w.l(libinit.o)
    0x08000208   0x08000208   0x00000004   Code   RO         2494    .ARM.Collect$$libinit$$00000001  c_w.l(libinit2.o)
    0x0800020c   0x0800020c   0x00000000   Code   RO         2497    .ARM.Collect$$libinit$$00000004  c_w.l(libinit2.o)
    0x0800020c   0x0800020c   0x00000000   Code   RO         2500    .ARM.Collect$$libinit$$0000000A  c_w.l(libinit2.o)
    0x0800020c   0x0800020c   0x00000000   Code   RO         2502    .ARM.Collect$$libinit$$0000000C  c_w.l(libinit2.o)
    0x0800020c   0x0800020c   0x00000000   Code   RO         2504    .ARM.Collect$$libinit$$0000000E  c_w.l(libinit2.o)
    0x0800020c   0x0800020c   0x00000000   Code   RO         2507    .ARM.Collect$$libinit$$00000011  c_w.l(libinit2.o)
    0x0800020c   0x0800020c   0x00000000   Code   RO         2509    .ARM.Collect$$libinit$$00000013  c_w.l(libinit2.o)
    0x0800020c   0x0800020c   0x00000000   Code   RO         2511    .ARM.Collect$$libinit$$00000015  c_w.l(libinit2.o)
    0x0800020c   0x0800020c   0x00000000   Code   RO         2513    .ARM.Collect$$libinit$$00000017  c_w.l(libinit2.o)
    0x0800020c   0x0800020c   0x00000000   Code   RO         2515    .ARM.Collect$$libinit$$00000019  c_w.l(libinit2.o)
    0x0800020c   0x0800020c   0x00000000   Code   RO         2517    .ARM.Collect$$libinit$$0000001B  c_w.l(libinit2.o)
    0x0800020c   0x0800020c   0x00000000   Code   RO         2519    .ARM.Collect$$libinit$$0000001D  c_w.l(libinit2.o)
    0x0800020c   0x0800020c   0x00000000   Code   RO         2521    .ARM.Collect$$libinit$$0000001F  c_w.l(libinit2.o)
    0x0800020c   0x0800020c   0x00000000   Code   RO         2523    .ARM.Collect$$libinit$$00000021  c_w.l(libinit2.o)
    0x0800020c   0x0800020c   0x00000000   Code   RO         2525    .ARM.Collect$$libinit$$00000023  c_w.l(libinit2.o)
    0x0800020c   0x0800020c   0x00000000   Code   RO         2527    .ARM.Collect$$libinit$$00000025  c_w.l(libinit2.o)
    0x0800020c   0x0800020c   0x00000000   Code   RO         2531    .ARM.Collect$$libinit$$0000002C  c_w.l(libinit2.o)
    0x0800020c   0x0800020c   0x00000000   Code   RO         2533    .ARM.Collect$$libinit$$0000002E  c_w.l(libinit2.o)
    0x0800020c   0x0800020c   0x00000000   Code   RO         2535    .ARM.Collect$$libinit$$00000030  c_w.l(libinit2.o)
    0x0800020c   0x0800020c   0x00000000   Code   RO         2537    .ARM.Collect$$libinit$$00000032  c_w.l(libinit2.o)
    0x0800020c   0x0800020c   0x00000002   Code   RO         2538    .ARM.Collect$$libinit$$00000033  c_w.l(libinit2.o)
    0x0800020e   0x0800020e   0x00000002   Code   RO         2569    .ARM.Collect$$libshutdown$$00000000  c_w.l(libshutdown.o)
    0x08000210   0x08000210   0x00000000   Code   RO         2595    .ARM.Collect$$libshutdown$$00000002  c_w.l(libshutdown2.o)
    0x08000210   0x08000210   0x00000000   Code   RO         2597    .ARM.Collect$$libshutdown$$00000004  c_w.l(libshutdown2.o)
    0x08000210   0x08000210   0x00000000   Code   RO         2600    .ARM.Collect$$libshutdown$$00000007  c_w.l(libshutdown2.o)
    0x08000210   0x08000210   0x00000000   Code   RO         2603    .ARM.Collect$$libshutdown$$0000000A  c_w.l(libshutdown2.o)
    0x08000210   0x08000210   0x00000000   Code   RO         2605    .ARM.Collect$$libshutdown$$0000000C  c_w.l(libshutdown2.o)
    0x08000210   0x08000210   0x00000000   Code   RO         2608    .ARM.Collect$$libshutdown$$0000000F  c_w.l(libshutdown2.o)
    0x08000210   0x08000210   0x00000002   Code   RO         2609    .ARM.Collect$$libshutdown$$00000010  c_w.l(libshutdown2.o)
    0x08000212   0x08000212   0x00000000   Code   RO         2438    .ARM.Collect$$rtentry$$00000000  c_w.l(__rtentry.o)
    0x08000212   0x08000212   0x00000000   Code   RO         2451    .ARM.Collect$$rtentry$$00000002  c_w.l(__rtentry2.o)
    0x08000212   0x08000212   0x00000006   Code   RO         2463    .ARM.Collect$$rtentry$$00000004  c_w.l(__rtentry4.o)
    0x08000218   0x08000218   0x00000000   Code   RO         2453    .ARM.Collect$$rtentry$$00000009  c_w.l(__rtentry2.o)
    0x08000218   0x08000218   0x00000004   Code   RO         2454    .ARM.Collect$$rtentry$$0000000A  c_w.l(__rtentry2.o)
    0x0800021c   0x0800021c   0x00000000   Code   RO         2456    .ARM.Collect$$rtentry$$0000000C  c_w.l(__rtentry2.o)
    0x0800021c   0x0800021c   0x00000008   Code   RO         2457    .ARM.Collect$$rtentry$$0000000D  c_w.l(__rtentry2.o)
    0x08000224   0x08000224   0x00000002   Code   RO         2486    .ARM.Collect$$rtexit$$00000000  c_w.l(rtexit.o)
    0x08000226   0x08000226   0x00000000   Code   RO         2542    .ARM.Collect$$rtexit$$00000002  c_w.l(rtexit2.o)
    0x08000226   0x08000226   0x00000004   Code   RO         2543    .ARM.Collect$$rtexit$$00000003  c_w.l(rtexit2.o)
    0x0800022a   0x0800022a   0x00000006   Code   RO         2544    .ARM.Collect$$rtexit$$00000004  c_w.l(rtexit2.o)
    0x08000230   0x08000230   0x00000040   Code   RO            4    .text               startup_stm32f334x8.o
    0x08000270   0x08000270   0x000000ee   Code   RO         2375    .text               c_w.l(lludivv7m.o)
    0x0800035e   0x0800035e   0x00000002   PAD
    0x08000360   0x08000360   0x00000028   Code   RO         2381    .text               c_w.l(noretval__2sprintf.o)
    0x08000388   0x08000388   0x0000004e   Code   RO         2385    .text               c_w.l(_printf_pad.o)
    0x080003d6   0x080003d6   0x00000002   PAD
    0x080003d8   0x080003d8   0x00000058   Code   RO         2390    .text               c_w.l(_printf_hex_int.o)
    0x08000430   0x08000430   0x00000138   Code   RO         2420    .text               c_w.l(__printf_flags_wp.o)
    0x08000568   0x08000568   0x0000004e   Code   RO         2432    .text               c_w.l(rt_memclr_w.o)
    0x080005b6   0x080005b6   0x00000006   Code   RO         2434    .text               c_w.l(heapauxi.o)
    0x080005bc   0x080005bc   0x000000b2   Code   RO         2443    .text               c_w.l(_printf_intcommon.o)
    0x0800066e   0x0800066e   0x00000002   PAD
    0x08000670   0x08000670   0x00000030   Code   RO         2445    .text               c_w.l(_printf_char_common.o)
    0x080006a0   0x080006a0   0x0000000a   Code   RO         2447    .text               c_w.l(_sputc.o)
    0x080006aa   0x080006aa   0x0000004a   Code   RO         2469    .text               c_w.l(sys_stackheap_outer.o)
    0x080006f4   0x080006f4   0x00000012   Code   RO         2471    .text               c_w.l(exit.o)
    0x08000706   0x08000706   0x00000002   PAD
    0x08000708   0x08000708   0x00000008   Code   RO         2483    .text               c_w.l(libspace.o)
    0x08000710   0x08000710   0x0000000c   Code   RO         2539    .text               c_w.l(sys_exit.o)
    0x0800071c   0x0800071c   0x00000002   Code   RO         2558    .text               c_w.l(use_no_semi.o)
    0x0800071e   0x0800071e   0x00000000   Code   RO         2560    .text               c_w.l(indicate_semi.o)
    0x0800071e   0x0800071e   0x00000004   Code   RO          277    i.BusFault_Handler  stm32f3xx_it.o
    0x08000722   0x08000722   0x00000002   PAD
    0x08000724   0x08000724   0x00000010   Code   RO          278    i.DMA1_Channel2_IRQHandler  stm32f3xx_it.o
    0x08000734   0x08000734   0x00000010   Code   RO          279    i.DMA1_Channel3_IRQHandler  stm32f3xx_it.o
    0x08000744   0x08000744   0x0000001c   Code   RO         1146    i.DMA_CalcBaseAndBitshift  stm32f3xx_hal_dma.o
    0x08000760   0x08000760   0x0000002c   Code   RO         1147    i.DMA_SetConfig     stm32f3xx_hal_dma.o
    0x0800078c   0x0800078c   0x00000002   Code   RO          280    i.DebugMon_Handler  stm32f3xx_it.o
    0x0800078e   0x0800078e   0x00000002   PAD
    0x08000790   0x08000790   0x00000030   Code   RO           13    i.DelayMicro        nrf24.o
    0x080007c0   0x080007c0   0x00000014   Code   RO          281    i.EXTI15_10_IRQHandler  stm32f3xx_it.o
    0x080007d4   0x080007d4   0x00000006   Code   RO          218    i.Error_Handler     main.o
    0x080007da   0x080007da   0x000000e6   Code   RO         1153    i.HAL_DMA_IRQHandler  stm32f3xx_hal_dma.o
    0x080008c0   0x080008c0   0x00000056   Code   RO         1154    i.HAL_DMA_Init      stm32f3xx_hal_dma.o
    0x08000916   0x08000916   0x0000009c   Code   RO         1158    i.HAL_DMA_Start_IT  stm32f3xx_hal_dma.o
    0x080009b2   0x080009b2   0x00000002   PAD
    0x080009b4   0x080009b4   0x00000028   Code   RO          766    i.HAL_Delay         stm32f3xx_hal.o
    0x080009dc   0x080009dc   0x00000002   Code   RO         1081    i.HAL_GPIO_EXTI_Callback  stm32f3xx_hal_gpio.o
    0x080009de   0x080009de   0x00000002   PAD
    0x080009e0   0x080009e0   0x0000001c   Code   RO         1082    i.HAL_GPIO_EXTI_IRQHandler  stm32f3xx_hal_gpio.o
    0x080009fc   0x080009fc   0x000001bc   Code   RO         1083    i.HAL_GPIO_Init     stm32f3xx_hal_gpio.o
    0x08000bb8   0x08000bb8   0x0000000a   Code   RO         1087    i.HAL_GPIO_WritePin  stm32f3xx_hal_gpio.o
    0x08000bc2   0x08000bc2   0x00000002   PAD
    0x08000bc4   0x08000bc4   0x0000000c   Code   RO          770    i.HAL_GetTick       stm32f3xx_hal.o
    0x08000bd0   0x08000bd0   0x00000018   Code   RO          776    i.HAL_IncTick       stm32f3xx_hal.o
    0x08000be8   0x08000be8   0x00000028   Code   RO          777    i.HAL_Init          stm32f3xx_hal.o
    0x08000c10   0x08000c10   0x0000004c   Code   RO          778    i.HAL_InitTick      stm32f3xx_hal.o
    0x08000c5c   0x08000c5c   0x00000044   Code   RO          371    i.HAL_MspInit       stm32f3xx_hal_msp.o
    0x08000ca0   0x08000ca0   0x00000020   Code   RO         1248    i.HAL_NVIC_EnableIRQ  stm32f3xx_hal_cortex.o
    0x08000cc0   0x08000cc0   0x0000007c   Code   RO         1254    i.HAL_NVIC_SetPriority  stm32f3xx_hal_cortex.o
    0x08000d3c   0x08000d3c   0x00000028   Code   RO         1255    i.HAL_NVIC_SetPriorityGrouping  stm32f3xx_hal_cortex.o
    0x08000d64   0x08000d64   0x000002ac   Code   RO          934    i.HAL_RCC_ClockConfig  stm32f3xx_hal_rcc.o
    0x08001010   0x08001010   0x000000a0   Code   RO          943    i.HAL_RCC_GetSysClockFreq  stm32f3xx_hal_rcc.o
    0x080010b0   0x080010b0   0x00000a24   Code   RO          946    i.HAL_RCC_OscConfig  stm32f3xx_hal_rcc.o
    0x08001ad4   0x08001ad4   0x00000002   Code   RO          415    i.HAL_SPI_ErrorCallback  stm32f3xx_hal_spi.o
    0x08001ad6   0x08001ad6   0x000000f0   Code   RO          419    i.HAL_SPI_Init      stm32f3xx_hal_spi.o
    0x08001bc6   0x08001bc6   0x00000002   PAD
    0x08001bc8   0x08001bc8   0x00000124   Code   RO          373    i.HAL_SPI_MspInit   stm32f3xx_hal_msp.o
    0x08001cec   0x08001cec   0x00000002   Code   RO          425    i.HAL_SPI_RxCpltCallback  stm32f3xx_hal_spi.o
    0x08001cee   0x08001cee   0x00000002   Code   RO          426    i.HAL_SPI_RxHalfCpltCallback  stm32f3xx_hal_spi.o
    0x08001cf0   0x08001cf0   0x00000230   Code   RO          429    i.HAL_SPI_TransmitReceive_DMA  stm32f3xx_hal_spi.o
    0x08001f20   0x08001f20   0x00000150   Code   RO          431    i.HAL_SPI_Transmit_DMA  stm32f3xx_hal_spi.o
    0x08002070   0x08002070   0x00000002   Code   RO          433    i.HAL_SPI_TxCpltCallback  stm32f3xx_hal_spi.o
    0x08002072   0x08002072   0x00000002   Code   RO          434    i.HAL_SPI_TxHalfCpltCallback  stm32f3xx_hal_spi.o
    0x08002074   0x08002074   0x00000002   Code   RO          435    i.HAL_SPI_TxRxCpltCallback  stm32f3xx_hal_spi.o
    0x08002076   0x08002076   0x00000002   Code   RO          436    i.HAL_SPI_TxRxHalfCpltCallback  stm32f3xx_hal_spi.o
    0x08002078   0x08002078   0x00000034   Code   RO         1259    i.HAL_SYSTICK_Config  stm32f3xx_hal_cortex.o
    0x080020ac   0x080020ac   0x00000004   Code   RO          282    i.HardFault_Handler  stm32f3xx_it.o
    0x080020b0   0x080020b0   0x00000044   Code   RO          219    i.MX_DMA_Init       main.o
    0x080020f4   0x080020f4   0x00000108   Code   RO          220    i.MX_GPIO_Init      main.o
    0x080021fc   0x080021fc   0x00000054   Code   RO          221    i.MX_SPI1_Init      main.o
    0x08002250   0x08002250   0x00000004   Code   RO          283    i.MemManage_Handler  stm32f3xx_it.o
    0x08002254   0x08002254   0x00000004   Code   RO          284    i.NMI_Handler       stm32f3xx_it.o
    0x08002258   0x08002258   0x00000038   Code   RO           14    i.NRF24L01_RX_Mode  nrf24.o
    0x08002290   0x08002290   0x0000003c   Code   RO           18    i.NRF24_FlushRX     nrf24.o
    0x080022cc   0x080022cc   0x0000003c   Code   RO           19    i.NRF24_FlushTX     nrf24.o
    0x08002308   0x08002308   0x00000050   Code   RO           20    i.NRF24_ReadReg     nrf24.o
    0x08002358   0x08002358   0x00000048   Code   RO           22    i.NRF24_ToggleFeatures  nrf24.o
    0x080023a0   0x080023a0   0x00000040   Code   RO           24    i.NRF24_WriteReg    nrf24.o
    0x080023e0   0x080023e0   0x00000048   Code   RO           25    i.NRF24_Write_Buf   nrf24.o
    0x08002428   0x08002428   0x0000009c   Code   RO           26    i.NRF24_ini         nrf24.o
    0x080024c4   0x080024c4   0x00000002   Code   RO          285    i.PendSV_Handler    stm32f3xx_it.o
    0x080024c6   0x080024c6   0x00000028   Code   RO          447    i.SPI_DMAError      stm32f3xx_hal_spi.o
    0x080024ee   0x080024ee   0x0000000e   Code   RO          448    i.SPI_DMAHalfReceiveCplt  stm32f3xx_hal_spi.o
    0x080024fc   0x080024fc   0x0000000e   Code   RO          449    i.SPI_DMAHalfTransmitCplt  stm32f3xx_hal_spi.o
    0x0800250a   0x0800250a   0x0000000e   Code   RO          450    i.SPI_DMAHalfTransmitReceiveCplt  stm32f3xx_hal_spi.o
    0x08002518   0x08002518   0x0000007c   Code   RO          451    i.SPI_DMAReceiveCplt  stm32f3xx_hal_spi.o
    0x08002594   0x08002594   0x0000007e   Code   RO          453    i.SPI_DMATransmitCplt  stm32f3xx_hal_spi.o
    0x08002612   0x08002612   0x00000068   Code   RO          454    i.SPI_DMATransmitReceiveCplt  stm32f3xx_hal_spi.o
    0x0800267a   0x0800267a   0x00000082   Code   RO          456    i.SPI_EndRxTransaction  stm32f3xx_hal_spi.o
    0x080026fc   0x080026fc   0x00000064   Code   RO          457    i.SPI_EndRxTxTransaction  stm32f3xx_hal_spi.o
    0x08002760   0x08002760   0x000000e4   Code   RO          462    i.SPI_WaitFifoStateUntilTimeout  stm32f3xx_hal_spi.o
    0x08002844   0x08002844   0x000000d8   Code   RO          463    i.SPI_WaitFlagStateUntilTimeout  stm32f3xx_hal_spi.o
    0x0800291c   0x0800291c   0x00000002   Code   RO          286    i.SVC_Handler       stm32f3xx_it.o
    0x0800291e   0x0800291e   0x00000008   Code   RO          287    i.SysTick_Handler   stm32f3xx_it.o
    0x08002926   0x08002926   0x00000062   Code   RO          222    i.SystemClock_Config  main.o
    0x08002988   0x08002988   0x00000014   Code   RO         2340    i.SystemInit        system_stm32f3xx.o
    0x0800299c   0x0800299c   0x00000004   Code   RO          288    i.UsageFault_Handler  stm32f3xx_it.o
    0x080029a0   0x080029a0   0x00000010   Code   RO         1261    i.__NVIC_GetPriorityGrouping  stm32f3xx_hal_cortex.o
    0x080029b0   0x080029b0   0x00000028   Code   RO         1262    i.__NVIC_SetPriority  stm32f3xx_hal_cortex.o
    0x080029d8   0x080029d8   0x0000000e   Code   RO         2418    i._is_digit         c_w.l(__printf_wp.o)
    0x080029e6   0x080029e6   0x00000002   PAD
    0x080029e8   0x080029e8   0x0000011c   Code   RO          223    i.main              main.o
    0x08002b04   0x08002b04   0x0000000a   Code   RO         2554    x$fpl$fpinit        fz_wm.l(fpinit.o)
    0x08002b0e   0x08002b0e   0x00000020   Data   RO          947    .constdata          stm32f3xx_hal_rcc.o
    0x08002b2e   0x08002b2e   0x00000018   Data   RO         2341    .constdata          system_stm32f3xx.o
    0x08002b46   0x08002b46   0x00000028   Data   RO         2391    .constdata          c_w.l(_printf_hex_int.o)
    0x08002b6e   0x08002b6e   0x00000011   Data   RO         2421    .constdata          c_w.l(__printf_flags_wp.o)
    0x08002b7f   0x08002b7f   0x00000001   PAD
    0x08002b80   0x08002b80   0x00000020   Data   RO         2610    Region$$Table       anon$$obj.o


    Execution Region RW_IRAM2 (Exec base: 0x10000000, Load base: 0x08002bbc, Size: 0x00000000, Max: 0x00001000, ABSOLUTE)

    **** No section assigned to this execution region ****


    Execution Region RW_IRAM1 (Exec base: 0x20000000, Load base: 0x08002ba0, Size: 0x00000800, Max: 0x00003000, ABSOLUTE)

    Exec Addr    Load Addr    Size         Type   Attr      Idx    E Section Name        Object

    0x20000000   0x08002ba0   0x0000000a   Data   RW           27    .data               nrf24.o
    0x2000000a   0x08002baa   0x00000002   Data   RW          225    .data               main.o
    0x2000000c   0x08002bac   0x00000009   Data   RW          784    .data               stm32f3xx_hal.o
    0x20000015   0x08002bb5   0x00000003   PAD
    0x20000018   0x08002bb8   0x00000004   Data   RW         2342    .data               system_stm32f3xx.o
    0x2000001c        -       0x00000182   Zero   RW          224    .bss                main.o
    0x2000019e   0x08002bbc   0x00000002   PAD
    0x200001a0        -       0x00000060   Zero   RW         2484    .bss                c_w.l(libspace.o)
    0x20000200        -       0x00000200   Zero   RW            2    HEAP                startup_stm32f334x8.o
    0x20000400        -       0x00000400   Zero   RW            1    STACK               startup_stm32f334x8.o


==============================================================================

Image component sizes


      Code (inc. data)   RO Data    RW Data    ZI Data      Debug   Object Name

       804        138          0          2        386       4430   main.o
       668         94          0         10          0     593589   nrf24.o
        64         26        392          0       1536        880   startup_stm32f334x8.o
       192         36          0          9          0      15473   stm32f3xx_hal.o
       304         22          0          0          0      33011   stm32f3xx_hal_cortex.o
       544          4          0          0          0       4299   stm32f3xx_hal_dma.o
       484         30          0          0          0       3636   stm32f3xx_hal_gpio.o
       360         30          0          0          0       1924   stm32f3xx_hal_msp.o
      3440         74         32          0          0       4880   stm32f3xx_hal_rcc.o
      2260         46          0          0          0      16554   stm32f3xx_hal_spi.o
        86         12          0          0          0       6187   stm32f3xx_it.o
        20          6         24          4          0       1235   system_stm32f3xx.o

    ----------------------------------------------------------------------
      9238        518        480         28       1924     686098   Object Totals
         0          0         32          0          0          0   (incl. Generated)
        12          0          0          3          2          0   (incl. Padding)

    ----------------------------------------------------------------------

      Code (inc. data)   RO Data    RW Data    ZI Data      Debug   Library Member Name

         8          0          0          0          0         68   __main.o
       312          4         17          0          0         92   __printf_flags_wp.o
        14          0          0          0          0         68   __printf_wp.o
         0          0          0          0          0          0   __rtentry.o
        12          0          0          0          0          0   __rtentry2.o
         6          0          0          0          0          0   __rtentry4.o
        52          8          0          0          0          0   __scatter.o
        26          0          0          0          0          0   __scatter_copy.o
        28          0          0          0          0          0   __scatter_zi.o
        48          6          0          0          0         96   _printf_char_common.o
        88          4         40          0          0         88   _printf_hex_int.o
       178          0          0          0          0         88   _printf_intcommon.o
        78          0          0          0          0        108   _printf_pad.o
         0          0          0          0          0          0   _printf_percent.o
         4          0          0          0          0          0   _printf_percent_end.o
         6          0          0          0          0          0   _printf_x.o
        10          0          0          0          0         68   _sputc.o
        18          0          0          0          0         80   exit.o
         6          0          0          0          0        152   heapauxi.o
         0          0          0          0          0          0   indicate_semi.o
         2          0          0          0          0          0   libinit.o
         6          0          0          0          0          0   libinit2.o
         2          0          0          0          0          0   libshutdown.o
         2          0          0          0          0          0   libshutdown2.o
         8          4          0          0         96         68   libspace.o
       238          0          0          0          0        100   lludivv7m.o
        40          6          0          0          0         84   noretval__2sprintf.o
        78          0          0          0          0         80   rt_memclr_w.o
         2          0          0          0          0          0   rtexit.o
        10          0          0          0          0          0   rtexit2.o
        12          4          0          0          0         68   sys_exit.o
        74          0          0          0          0         80   sys_stackheap_outer.o
         2          0          0          0          0         68   use_no_semi.o
        10          0          0          0          0        116   fpinit.o

    ----------------------------------------------------------------------
      1392         36         58          0         96       1572   Library Totals
        12          0          1          0          0          0   (incl. Padding)

    ----------------------------------------------------------------------

      Code (inc. data)   RO Data    RW Data    ZI Data      Debug   Library Name

      1370         36         57          0         96       1456   c_w.l
        10          0          0          0          0        116   fz_wm.l

    ----------------------------------------------------------------------
      1392         36         58          0         96       1572   Library Totals

    ----------------------------------------------------------------------

==============================================================================


      Code (inc. data)   RO Data    RW Data    ZI Data      Debug   

     10630        554        538         28       2020     680094   Grand Totals
     10630        554        538         28       2020     680094   ELF Image Totals
     10630        554        538         28          0          0   ROM Totals

==============================================================================

    Total RO  Size (Code + RO Data)                11168 (  10.91kB)
    Total RW  Size (RW Data + ZI Data)              2048 (   2.00kB)
    Total ROM Size (Code + RO Data + RW Data)      11196 (  10.93kB)

==============================================================================

