<html>
<body>
<pre>
<h1>µVision Build Log</h1>
<h2>Tool Versions:</h2>
IDE-Version: µVision V5.31.0.0
Copyright (C) 2020 ARM Ltd and ARM Germany GmbH. All rights reserved.
License Information: Aleksandr Mikhalev, BMSTU, LIC=----
 
Tool Versions:
Toolchain:       MDK-Lite  Version: 5.31.0.0
Toolchain Path:  F:\fs\keil\ARM\ARMCC\Bin
C Compiler:      Armcc.exe V5.06 update 6 (build 750)
Assembler:       Armasm.exe V5.06 update 6 (build 750)
Linker/Locator:  ArmLink.exe V5.06 update 6 (build 750)
Library Manager: ArmAr.exe V5.06 update 6 (build 750)
Hex Converter:   FromElf.exe V5.06 update 6 (build 750)
CPU DLL:         SARMCM3.DLL V5.31.0.0
Dialog DLL:      DCM.DLL V1.17.3.0
Target DLL:      STLink\ST-LINKIII-KEIL_SWO.dll V3.0.7.0
Dialog DLL:      TCM.DLL V1.46.0.0
 
<h2>Project:</h2>
F:\fs_work\radiocheck\f103radio_receiver\f103_receiver\MDK-ARM\f103_receiver.uvprojx
Project File Date:  03/11/2022

<h2>Output:</h2>
*** Using Compiler 'V5.06 update 6 (build 750)', folder: 'F:\fs\keil\ARM\ARMCC\Bin'
Build target 'f103_receiver'
compiling NRF24.c...
../Core/Inc/NRF24.h(139): warning:  #1-D: last line of file ends without a newline
  #endif /* NRF24_H_ */
..\Core\Src\NRF24.c: 1 warning, 0 errors
compiling stm32f1xx_it.c...
../Core/Inc/NRF24.h(139): warning:  #1-D: last line of file ends without a newline
  #endif /* NRF24_H_ */
../Core/Src/stm32f1xx_it.c: 1 warning, 0 errors
compiling main.c...
../Core/Inc/NRF24.h(139): warning:  #1-D: last line of file ends without a newline
  #endif /* NRF24_H_ */
../Core/Src/main.c(150): warning:  #223-D: function "sprintf" declared implicitly
    sprintf(str1,"CONFIG: 0x%02X\r\n",dt_reg);
../Core/Src/main.c(95): warning:  #177-D: variable "retr_cnt"  was declared but never referenced
  	uint8_t retr_cnt, dt;
../Core/Src/main.c(95): warning:  #177-D: variable "dt"  was declared but never referenced
  	uint8_t retr_cnt, dt;
../Core/Src/main.c(96): warning:  #177-D: variable "i"  was declared but never referenced
  	uint8_t i=0;
../Core/Src/main.c: 5 warnings, 0 errors
compiling stm32f1xx_hal_msp.c...
linking...
Program Size: Code=15344 RO-data=352 RW-data=48 ZI-data=1928  
FromELF: creating hex file...
"f103_receiver\f103_receiver.axf" - 0 Error(s), 7 Warning(s).

<h2>Software Packages used:</h2>

Package Vendor: ARM
                http://www.keil.com/pack/ARM.CMSIS.5.7.0.pack
                ARM.CMSIS.5.7.0
                CMSIS (Cortex Microcontroller Software Interface Standard)
   * Component: CORE Version: 5.4.0

Package Vendor: Keil
                http://www.keil.com/pack/Keil.STM32F1xx_DFP.2.3.0.pack
                Keil.STM32F1xx_DFP.2.3.0
                STMicroelectronics STM32F1 Series Device Support, Drivers and Examples

<h2>Collection of Component include folders:</h2>
  .\RTE\_f103_receiver
  C:\Users\mikha\AppData\Local\Arm\Packs\ARM\CMSIS\5.7.0\CMSIS\Core\Include
  C:\Users\mikha\AppData\Local\Arm\Packs\Keil\STM32F1xx_DFP\2.3.0\Device\Include

<h2>Collection of Component Files used:</h2>

   * Component: ARM::CMSIS:CORE:5.4.0
Build Time Elapsed:  00:00:12
</pre>
</body>
</html>
