<!doctype html public "-//w3c//dtd html 4.0 transitional//en">
<html><head>
<title>Static Call Graph - [tranc-check_radio-display-with-termsmall\tranc-check_radio-display-with-termsmall.axf]</title></head>
<body><HR>
<H1>Static Call Graph for image tranc-check_radio-display-with-termsmall\tranc-check_radio-display-with-termsmall.axf</H1><HR>
<BR><P>#&#060CALLGRAPH&#062# ARM Linker, 5060750: Last Updated: Fri Jul 09 21:13:33 2021
<BR><P>
<H3>Maximum Stack Usage =        200 bytes + Unknown(Cycles, Untraceable Function Pointers)</H3><H3>
Call chain for Maximum Stack Depth:</H3>
main &rArr; SystemClock_Config &rArr; HAL_RCC_ClockConfig &rArr; HAL_RCC_GetSysClockFreq &rArr; __aeabi_uldivmod
<P>
<H3>
Mutually Recursive functions
</H3> <LI><a href="#[1c]">ADC1_2_IRQHandler</a>&nbsp;&nbsp;&nbsp;&rArr;&nbsp;&nbsp;&nbsp;<a href="#[1c]">ADC1_2_IRQHandler</a><BR>
 <LI><a href="#[4]">BusFault_Handler</a>&nbsp;&nbsp;&nbsp;&rArr;&nbsp;&nbsp;&nbsp;<a href="#[4]">BusFault_Handler</a><BR>
 <LI><a href="#[2]">HardFault_Handler</a>&nbsp;&nbsp;&nbsp;&rArr;&nbsp;&nbsp;&nbsp;<a href="#[2]">HardFault_Handler</a><BR>
 <LI><a href="#[3]">MemManage_Handler</a>&nbsp;&nbsp;&nbsp;&rArr;&nbsp;&nbsp;&nbsp;<a href="#[3]">MemManage_Handler</a><BR>
 <LI><a href="#[5]">UsageFault_Handler</a>&nbsp;&nbsp;&nbsp;&rArr;&nbsp;&nbsp;&nbsp;<a href="#[5]">UsageFault_Handler</a><BR>
</UL>
<P>
<H3>
Function Pointers
</H3><UL>
 <LI><a href="#[1c]">ADC1_2_IRQHandler</a> from startup_stm32f303x8.o(.text) referenced from startup_stm32f303x8.o(RESET)
 <LI><a href="#[4]">BusFault_Handler</a> from stm32f3xx_it.o(i.BusFault_Handler) referenced from startup_stm32f303x8.o(RESET)
 <LI><a href="#[1e]">CAN_RX0_IRQHandler</a> from startup_stm32f303x8.o(.text) referenced from startup_stm32f303x8.o(RESET)
 <LI><a href="#[1f]">CAN_RX1_IRQHandler</a> from startup_stm32f303x8.o(.text) referenced from startup_stm32f303x8.o(RESET)
 <LI><a href="#[20]">CAN_SCE_IRQHandler</a> from startup_stm32f303x8.o(.text) referenced from startup_stm32f303x8.o(RESET)
 <LI><a href="#[1d]">CAN_TX_IRQHandler</a> from startup_stm32f303x8.o(.text) referenced from startup_stm32f303x8.o(RESET)
 <LI><a href="#[32]">COMP2_IRQHandler</a> from startup_stm32f303x8.o(.text) referenced from startup_stm32f303x8.o(RESET)
 <LI><a href="#[33]">COMP4_6_IRQHandler</a> from startup_stm32f303x8.o(.text) referenced from startup_stm32f303x8.o(RESET)
 <LI><a href="#[15]">DMA1_Channel1_IRQHandler</a> from startup_stm32f303x8.o(.text) referenced from startup_stm32f303x8.o(RESET)
 <LI><a href="#[16]">DMA1_Channel2_IRQHandler</a> from startup_stm32f303x8.o(.text) referenced from startup_stm32f303x8.o(RESET)
 <LI><a href="#[17]">DMA1_Channel3_IRQHandler</a> from startup_stm32f303x8.o(.text) referenced from startup_stm32f303x8.o(RESET)
 <LI><a href="#[18]">DMA1_Channel4_IRQHandler</a> from startup_stm32f303x8.o(.text) referenced from startup_stm32f303x8.o(RESET)
 <LI><a href="#[19]">DMA1_Channel5_IRQHandler</a> from startup_stm32f303x8.o(.text) referenced from startup_stm32f303x8.o(RESET)
 <LI><a href="#[1a]">DMA1_Channel6_IRQHandler</a> from startup_stm32f303x8.o(.text) referenced from startup_stm32f303x8.o(RESET)
 <LI><a href="#[1b]">DMA1_Channel7_IRQHandler</a> from startup_stm32f303x8.o(.text) referenced from startup_stm32f303x8.o(RESET)
 <LI><a href="#[7]">DebugMon_Handler</a> from stm32f3xx_it.o(i.DebugMon_Handler) referenced from startup_stm32f303x8.o(RESET)
 <LI><a href="#[10]">EXTI0_IRQHandler</a> from startup_stm32f303x8.o(.text) referenced from startup_stm32f303x8.o(RESET)
 <LI><a href="#[2e]">EXTI15_10_IRQHandler</a> from startup_stm32f303x8.o(.text) referenced from startup_stm32f303x8.o(RESET)
 <LI><a href="#[11]">EXTI1_IRQHandler</a> from startup_stm32f303x8.o(.text) referenced from startup_stm32f303x8.o(RESET)
 <LI><a href="#[12]">EXTI2_TSC_IRQHandler</a> from startup_stm32f303x8.o(.text) referenced from startup_stm32f303x8.o(RESET)
 <LI><a href="#[13]">EXTI3_IRQHandler</a> from startup_stm32f303x8.o(.text) referenced from startup_stm32f303x8.o(RESET)
 <LI><a href="#[14]">EXTI4_IRQHandler</a> from startup_stm32f303x8.o(.text) referenced from startup_stm32f303x8.o(RESET)
 <LI><a href="#[21]">EXTI9_5_IRQHandler</a> from startup_stm32f303x8.o(.text) referenced from startup_stm32f303x8.o(RESET)
 <LI><a href="#[e]">FLASH_IRQHandler</a> from startup_stm32f303x8.o(.text) referenced from startup_stm32f303x8.o(RESET)
 <LI><a href="#[34]">FPU_IRQHandler</a> from startup_stm32f303x8.o(.text) referenced from startup_stm32f303x8.o(RESET)
 <LI><a href="#[2]">HardFault_Handler</a> from stm32f3xx_it.o(i.HardFault_Handler) referenced from startup_stm32f303x8.o(RESET)
 <LI><a href="#[29]">I2C1_ER_IRQHandler</a> from startup_stm32f303x8.o(.text) referenced from startup_stm32f303x8.o(RESET)
 <LI><a href="#[28]">I2C1_EV_IRQHandler</a> from startup_stm32f303x8.o(.text) referenced from startup_stm32f303x8.o(RESET)
 <LI><a href="#[3]">MemManage_Handler</a> from stm32f3xx_it.o(i.MemManage_Handler) referenced from startup_stm32f303x8.o(RESET)
 <LI><a href="#[1]">NMI_Handler</a> from stm32f3xx_it.o(i.NMI_Handler) referenced from startup_stm32f303x8.o(RESET)
 <LI><a href="#[b]">PVD_IRQHandler</a> from startup_stm32f303x8.o(.text) referenced from startup_stm32f303x8.o(RESET)
 <LI><a href="#[8]">PendSV_Handler</a> from stm32f3xx_it.o(i.PendSV_Handler) referenced from startup_stm32f303x8.o(RESET)
 <LI><a href="#[f]">RCC_IRQHandler</a> from startup_stm32f303x8.o(.text) referenced from startup_stm32f303x8.o(RESET)
 <LI><a href="#[2f]">RTC_Alarm_IRQHandler</a> from startup_stm32f303x8.o(.text) referenced from startup_stm32f303x8.o(RESET)
 <LI><a href="#[d]">RTC_WKUP_IRQHandler</a> from startup_stm32f303x8.o(.text) referenced from startup_stm32f303x8.o(RESET)
 <LI><a href="#[0]">Reset_Handler</a> from startup_stm32f303x8.o(.text) referenced from startup_stm32f303x8.o(RESET)
 <LI><a href="#[2a]">SPI1_IRQHandler</a> from startup_stm32f303x8.o(.text) referenced from startup_stm32f303x8.o(RESET)
 <LI><a href="#[6]">SVC_Handler</a> from stm32f3xx_it.o(i.SVC_Handler) referenced from startup_stm32f303x8.o(RESET)
 <LI><a href="#[9]">SysTick_Handler</a> from stm32f3xx_it.o(i.SysTick_Handler) referenced from startup_stm32f303x8.o(RESET)
 <LI><a href="#[36]">SystemInit</a> from system_stm32f3xx.o(i.SystemInit) referenced from startup_stm32f303x8.o(.text)
 <LI><a href="#[c]">TAMP_STAMP_IRQHandler</a> from startup_stm32f303x8.o(.text) referenced from startup_stm32f303x8.o(RESET)
 <LI><a href="#[22]">TIM1_BRK_TIM15_IRQHandler</a> from startup_stm32f303x8.o(.text) referenced from startup_stm32f303x8.o(RESET)
 <LI><a href="#[25]">TIM1_CC_IRQHandler</a> from startup_stm32f303x8.o(.text) referenced from startup_stm32f303x8.o(RESET)
 <LI><a href="#[24]">TIM1_TRG_COM_TIM17_IRQHandler</a> from startup_stm32f303x8.o(.text) referenced from startup_stm32f303x8.o(RESET)
 <LI><a href="#[23]">TIM1_UP_TIM16_IRQHandler</a> from startup_stm32f303x8.o(.text) referenced from startup_stm32f303x8.o(RESET)
 <LI><a href="#[26]">TIM2_IRQHandler</a> from startup_stm32f303x8.o(.text) referenced from startup_stm32f303x8.o(RESET)
 <LI><a href="#[27]">TIM3_IRQHandler</a> from startup_stm32f303x8.o(.text) referenced from startup_stm32f303x8.o(RESET)
 <LI><a href="#[30]">TIM6_DAC1_IRQHandler</a> from startup_stm32f303x8.o(.text) referenced from startup_stm32f303x8.o(RESET)
 <LI><a href="#[31]">TIM7_DAC2_IRQHandler</a> from startup_stm32f303x8.o(.text) referenced from startup_stm32f303x8.o(RESET)
 <LI><a href="#[2b]">USART1_IRQHandler</a> from startup_stm32f303x8.o(.text) referenced from startup_stm32f303x8.o(RESET)
 <LI><a href="#[2c]">USART2_IRQHandler</a> from startup_stm32f303x8.o(.text) referenced from startup_stm32f303x8.o(RESET)
 <LI><a href="#[2d]">USART3_IRQHandler</a> from startup_stm32f303x8.o(.text) referenced from startup_stm32f303x8.o(RESET)
 <LI><a href="#[5]">UsageFault_Handler</a> from stm32f3xx_it.o(i.UsageFault_Handler) referenced from startup_stm32f303x8.o(RESET)
 <LI><a href="#[a]">WWDG_IRQHandler</a> from startup_stm32f303x8.o(.text) referenced from startup_stm32f303x8.o(RESET)
 <LI><a href="#[37]">__main</a> from entry.o(.ARM.Collect$$$$00000000) referenced from startup_stm32f303x8.o(.text)
 <LI><a href="#[35]">main</a> from main.o(i.main) referenced from entry9a.o(.ARM.Collect$$$$0000000B)
</UL>
<P>
<H3>
Global Symbols
</H3>
<P><STRONG><a name="[37]"></a>__main</STRONG> (Thumb, 0 bytes, Stack size unknown bytes, entry.o(.ARM.Collect$$$$00000000))
<BR>[Address Reference Count : 1]<UL><LI> startup_stm32f303x8.o(.text)
</UL>
<P><STRONG><a name="[74]"></a>_main_stk</STRONG> (Thumb, 0 bytes, Stack size unknown bytes, entry2.o(.ARM.Collect$$$$00000001))

<P><STRONG><a name="[38]"></a>_main_scatterload</STRONG> (Thumb, 0 bytes, Stack size unknown bytes, entry5.o(.ARM.Collect$$$$00000004))
<BR><BR>[Calls]<UL><LI><a href="#[39]">&gt;&gt;</a>&nbsp;&nbsp;&nbsp;__scatterload
</UL>

<P><STRONG><a name="[40]"></a>__main_after_scatterload</STRONG> (Thumb, 0 bytes, Stack size unknown bytes, entry5.o(.ARM.Collect$$$$00000004))
<BR><BR>[Called By]<UL><LI><a href="#[39]">&gt;&gt;</a>&nbsp;&nbsp;&nbsp;__scatterload
</UL>

<P><STRONG><a name="[75]"></a>_main_clock</STRONG> (Thumb, 0 bytes, Stack size unknown bytes, entry7b.o(.ARM.Collect$$$$00000008))

<P><STRONG><a name="[76]"></a>_main_cpp_init</STRONG> (Thumb, 0 bytes, Stack size unknown bytes, entry8b.o(.ARM.Collect$$$$0000000A))

<P><STRONG><a name="[77]"></a>_main_init</STRONG> (Thumb, 0 bytes, Stack size unknown bytes, entry9a.o(.ARM.Collect$$$$0000000B))

<P><STRONG><a name="[78]"></a>__rt_final_cpp</STRONG> (Thumb, 0 bytes, Stack size unknown bytes, entry10a.o(.ARM.Collect$$$$0000000D))

<P><STRONG><a name="[79]"></a>__rt_final_exit</STRONG> (Thumb, 0 bytes, Stack size unknown bytes, entry11a.o(.ARM.Collect$$$$0000000F))

<P><STRONG><a name="[0]"></a>Reset_Handler</STRONG> (Thumb, 8 bytes, Stack size 0 bytes, startup_stm32f303x8.o(.text))
<BR>[Address Reference Count : 1]<UL><LI> startup_stm32f303x8.o(RESET)
</UL>
<P><STRONG><a name="[1c]"></a>ADC1_2_IRQHandler</STRONG> (Thumb, 0 bytes, Stack size 0 bytes, startup_stm32f303x8.o(.text))
<BR><BR>[Calls]<UL><LI><a href="#[1c]">&gt;&gt;</a>&nbsp;&nbsp;&nbsp;ADC1_2_IRQHandler
</UL>
<BR>[Called By]<UL><LI><a href="#[1c]">&gt;&gt;</a>&nbsp;&nbsp;&nbsp;ADC1_2_IRQHandler
</UL>
<BR>[Address Reference Count : 1]<UL><LI> startup_stm32f303x8.o(RESET)
</UL>
<P><STRONG><a name="[1e]"></a>CAN_RX0_IRQHandler</STRONG> (Thumb, 0 bytes, Stack size 0 bytes, startup_stm32f303x8.o(.text))
<BR>[Address Reference Count : 1]<UL><LI> startup_stm32f303x8.o(RESET)
</UL>
<P><STRONG><a name="[1f]"></a>CAN_RX1_IRQHandler</STRONG> (Thumb, 0 bytes, Stack size 0 bytes, startup_stm32f303x8.o(.text))
<BR>[Address Reference Count : 1]<UL><LI> startup_stm32f303x8.o(RESET)
</UL>
<P><STRONG><a name="[20]"></a>CAN_SCE_IRQHandler</STRONG> (Thumb, 0 bytes, Stack size 0 bytes, startup_stm32f303x8.o(.text))
<BR>[Address Reference Count : 1]<UL><LI> startup_stm32f303x8.o(RESET)
</UL>
<P><STRONG><a name="[1d]"></a>CAN_TX_IRQHandler</STRONG> (Thumb, 0 bytes, Stack size 0 bytes, startup_stm32f303x8.o(.text))
<BR>[Address Reference Count : 1]<UL><LI> startup_stm32f303x8.o(RESET)
</UL>
<P><STRONG><a name="[32]"></a>COMP2_IRQHandler</STRONG> (Thumb, 0 bytes, Stack size 0 bytes, startup_stm32f303x8.o(.text))
<BR>[Address Reference Count : 1]<UL><LI> startup_stm32f303x8.o(RESET)
</UL>
<P><STRONG><a name="[33]"></a>COMP4_6_IRQHandler</STRONG> (Thumb, 0 bytes, Stack size 0 bytes, startup_stm32f303x8.o(.text))
<BR>[Address Reference Count : 1]<UL><LI> startup_stm32f303x8.o(RESET)
</UL>
<P><STRONG><a name="[15]"></a>DMA1_Channel1_IRQHandler</STRONG> (Thumb, 0 bytes, Stack size 0 bytes, startup_stm32f303x8.o(.text))
<BR>[Address Reference Count : 1]<UL><LI> startup_stm32f303x8.o(RESET)
</UL>
<P><STRONG><a name="[16]"></a>DMA1_Channel2_IRQHandler</STRONG> (Thumb, 0 bytes, Stack size 0 bytes, startup_stm32f303x8.o(.text))
<BR>[Address Reference Count : 1]<UL><LI> startup_stm32f303x8.o(RESET)
</UL>
<P><STRONG><a name="[17]"></a>DMA1_Channel3_IRQHandler</STRONG> (Thumb, 0 bytes, Stack size 0 bytes, startup_stm32f303x8.o(.text))
<BR>[Address Reference Count : 1]<UL><LI> startup_stm32f303x8.o(RESET)
</UL>
<P><STRONG><a name="[18]"></a>DMA1_Channel4_IRQHandler</STRONG> (Thumb, 0 bytes, Stack size 0 bytes, startup_stm32f303x8.o(.text))
<BR>[Address Reference Count : 1]<UL><LI> startup_stm32f303x8.o(RESET)
</UL>
<P><STRONG><a name="[19]"></a>DMA1_Channel5_IRQHandler</STRONG> (Thumb, 0 bytes, Stack size 0 bytes, startup_stm32f303x8.o(.text))
<BR>[Address Reference Count : 1]<UL><LI> startup_stm32f303x8.o(RESET)
</UL>
<P><STRONG><a name="[1a]"></a>DMA1_Channel6_IRQHandler</STRONG> (Thumb, 0 bytes, Stack size 0 bytes, startup_stm32f303x8.o(.text))
<BR>[Address Reference Count : 1]<UL><LI> startup_stm32f303x8.o(RESET)
</UL>
<P><STRONG><a name="[1b]"></a>DMA1_Channel7_IRQHandler</STRONG> (Thumb, 0 bytes, Stack size 0 bytes, startup_stm32f303x8.o(.text))
<BR>[Address Reference Count : 1]<UL><LI> startup_stm32f303x8.o(RESET)
</UL>
<P><STRONG><a name="[10]"></a>EXTI0_IRQHandler</STRONG> (Thumb, 0 bytes, Stack size 0 bytes, startup_stm32f303x8.o(.text))
<BR>[Address Reference Count : 1]<UL><LI> startup_stm32f303x8.o(RESET)
</UL>
<P><STRONG><a name="[2e]"></a>EXTI15_10_IRQHandler</STRONG> (Thumb, 0 bytes, Stack size 0 bytes, startup_stm32f303x8.o(.text))
<BR>[Address Reference Count : 1]<UL><LI> startup_stm32f303x8.o(RESET)
</UL>
<P><STRONG><a name="[11]"></a>EXTI1_IRQHandler</STRONG> (Thumb, 0 bytes, Stack size 0 bytes, startup_stm32f303x8.o(.text))
<BR>[Address Reference Count : 1]<UL><LI> startup_stm32f303x8.o(RESET)
</UL>
<P><STRONG><a name="[12]"></a>EXTI2_TSC_IRQHandler</STRONG> (Thumb, 0 bytes, Stack size 0 bytes, startup_stm32f303x8.o(.text))
<BR>[Address Reference Count : 1]<UL><LI> startup_stm32f303x8.o(RESET)
</UL>
<P><STRONG><a name="[13]"></a>EXTI3_IRQHandler</STRONG> (Thumb, 0 bytes, Stack size 0 bytes, startup_stm32f303x8.o(.text))
<BR>[Address Reference Count : 1]<UL><LI> startup_stm32f303x8.o(RESET)
</UL>
<P><STRONG><a name="[14]"></a>EXTI4_IRQHandler</STRONG> (Thumb, 0 bytes, Stack size 0 bytes, startup_stm32f303x8.o(.text))
<BR>[Address Reference Count : 1]<UL><LI> startup_stm32f303x8.o(RESET)
</UL>
<P><STRONG><a name="[21]"></a>EXTI9_5_IRQHandler</STRONG> (Thumb, 0 bytes, Stack size 0 bytes, startup_stm32f303x8.o(.text))
<BR>[Address Reference Count : 1]<UL><LI> startup_stm32f303x8.o(RESET)
</UL>
<P><STRONG><a name="[e]"></a>FLASH_IRQHandler</STRONG> (Thumb, 0 bytes, Stack size 0 bytes, startup_stm32f303x8.o(.text))
<BR>[Address Reference Count : 1]<UL><LI> startup_stm32f303x8.o(RESET)
</UL>
<P><STRONG><a name="[34]"></a>FPU_IRQHandler</STRONG> (Thumb, 0 bytes, Stack size 0 bytes, startup_stm32f303x8.o(.text))
<BR>[Address Reference Count : 1]<UL><LI> startup_stm32f303x8.o(RESET)
</UL>
<P><STRONG><a name="[29]"></a>I2C1_ER_IRQHandler</STRONG> (Thumb, 0 bytes, Stack size 0 bytes, startup_stm32f303x8.o(.text))
<BR>[Address Reference Count : 1]<UL><LI> startup_stm32f303x8.o(RESET)
</UL>
<P><STRONG><a name="[28]"></a>I2C1_EV_IRQHandler</STRONG> (Thumb, 0 bytes, Stack size 0 bytes, startup_stm32f303x8.o(.text))
<BR>[Address Reference Count : 1]<UL><LI> startup_stm32f303x8.o(RESET)
</UL>
<P><STRONG><a name="[b]"></a>PVD_IRQHandler</STRONG> (Thumb, 0 bytes, Stack size 0 bytes, startup_stm32f303x8.o(.text))
<BR>[Address Reference Count : 1]<UL><LI> startup_stm32f303x8.o(RESET)
</UL>
<P><STRONG><a name="[f]"></a>RCC_IRQHandler</STRONG> (Thumb, 0 bytes, Stack size 0 bytes, startup_stm32f303x8.o(.text))
<BR>[Address Reference Count : 1]<UL><LI> startup_stm32f303x8.o(RESET)
</UL>
<P><STRONG><a name="[2f]"></a>RTC_Alarm_IRQHandler</STRONG> (Thumb, 0 bytes, Stack size 0 bytes, startup_stm32f303x8.o(.text))
<BR>[Address Reference Count : 1]<UL><LI> startup_stm32f303x8.o(RESET)
</UL>
<P><STRONG><a name="[d]"></a>RTC_WKUP_IRQHandler</STRONG> (Thumb, 0 bytes, Stack size 0 bytes, startup_stm32f303x8.o(.text))
<BR>[Address Reference Count : 1]<UL><LI> startup_stm32f303x8.o(RESET)
</UL>
<P><STRONG><a name="[2a]"></a>SPI1_IRQHandler</STRONG> (Thumb, 0 bytes, Stack size 0 bytes, startup_stm32f303x8.o(.text))
<BR>[Address Reference Count : 1]<UL><LI> startup_stm32f303x8.o(RESET)
</UL>
<P><STRONG><a name="[c]"></a>TAMP_STAMP_IRQHandler</STRONG> (Thumb, 0 bytes, Stack size 0 bytes, startup_stm32f303x8.o(.text))
<BR>[Address Reference Count : 1]<UL><LI> startup_stm32f303x8.o(RESET)
</UL>
<P><STRONG><a name="[22]"></a>TIM1_BRK_TIM15_IRQHandler</STRONG> (Thumb, 0 bytes, Stack size 0 bytes, startup_stm32f303x8.o(.text))
<BR>[Address Reference Count : 1]<UL><LI> startup_stm32f303x8.o(RESET)
</UL>
<P><STRONG><a name="[25]"></a>TIM1_CC_IRQHandler</STRONG> (Thumb, 0 bytes, Stack size 0 bytes, startup_stm32f303x8.o(.text))
<BR>[Address Reference Count : 1]<UL><LI> startup_stm32f303x8.o(RESET)
</UL>
<P><STRONG><a name="[24]"></a>TIM1_TRG_COM_TIM17_IRQHandler</STRONG> (Thumb, 0 bytes, Stack size 0 bytes, startup_stm32f303x8.o(.text))
<BR>[Address Reference Count : 1]<UL><LI> startup_stm32f303x8.o(RESET)
</UL>
<P><STRONG><a name="[23]"></a>TIM1_UP_TIM16_IRQHandler</STRONG> (Thumb, 0 bytes, Stack size 0 bytes, startup_stm32f303x8.o(.text))
<BR>[Address Reference Count : 1]<UL><LI> startup_stm32f303x8.o(RESET)
</UL>
<P><STRONG><a name="[26]"></a>TIM2_IRQHandler</STRONG> (Thumb, 0 bytes, Stack size 0 bytes, startup_stm32f303x8.o(.text))
<BR>[Address Reference Count : 1]<UL><LI> startup_stm32f303x8.o(RESET)
</UL>
<P><STRONG><a name="[27]"></a>TIM3_IRQHandler</STRONG> (Thumb, 0 bytes, Stack size 0 bytes, startup_stm32f303x8.o(.text))
<BR>[Address Reference Count : 1]<UL><LI> startup_stm32f303x8.o(RESET)
</UL>
<P><STRONG><a name="[30]"></a>TIM6_DAC1_IRQHandler</STRONG> (Thumb, 0 bytes, Stack size 0 bytes, startup_stm32f303x8.o(.text))
<BR>[Address Reference Count : 1]<UL><LI> startup_stm32f303x8.o(RESET)
</UL>
<P><STRONG><a name="[31]"></a>TIM7_DAC2_IRQHandler</STRONG> (Thumb, 0 bytes, Stack size 0 bytes, startup_stm32f303x8.o(.text))
<BR>[Address Reference Count : 1]<UL><LI> startup_stm32f303x8.o(RESET)
</UL>
<P><STRONG><a name="[2b]"></a>USART1_IRQHandler</STRONG> (Thumb, 0 bytes, Stack size 0 bytes, startup_stm32f303x8.o(.text))
<BR>[Address Reference Count : 1]<UL><LI> startup_stm32f303x8.o(RESET)
</UL>
<P><STRONG><a name="[2c]"></a>USART2_IRQHandler</STRONG> (Thumb, 0 bytes, Stack size 0 bytes, startup_stm32f303x8.o(.text))
<BR>[Address Reference Count : 1]<UL><LI> startup_stm32f303x8.o(RESET)
</UL>
<P><STRONG><a name="[2d]"></a>USART3_IRQHandler</STRONG> (Thumb, 0 bytes, Stack size 0 bytes, startup_stm32f303x8.o(.text))
<BR>[Address Reference Count : 1]<UL><LI> startup_stm32f303x8.o(RESET)
</UL>
<P><STRONG><a name="[a]"></a>WWDG_IRQHandler</STRONG> (Thumb, 0 bytes, Stack size 0 bytes, startup_stm32f303x8.o(.text))
<BR>[Address Reference Count : 1]<UL><LI> startup_stm32f303x8.o(RESET)
</UL>
<P><STRONG><a name="[3a]"></a>__aeabi_uldivmod</STRONG> (Thumb, 98 bytes, Stack size 40 bytes, uldiv.o(.text))
<BR><BR>[Stack]<UL><LI>Max Depth = 40<LI>Call Chain = __aeabi_uldivmod
</UL>
<BR>[Calls]<UL><LI><a href="#[3b]">&gt;&gt;</a>&nbsp;&nbsp;&nbsp;__aeabi_llsr
<LI><a href="#[3c]">&gt;&gt;</a>&nbsp;&nbsp;&nbsp;__aeabi_llsl
</UL>
<BR>[Called By]<UL><LI><a href="#[4c]">&gt;&gt;</a>&nbsp;&nbsp;&nbsp;HAL_RCC_GetSysClockFreq
</UL>

<P><STRONG><a name="[3b]"></a>__aeabi_llsr</STRONG> (Thumb, 32 bytes, Stack size 0 bytes, llushr.o(.text))
<BR><BR>[Called By]<UL><LI><a href="#[3a]">&gt;&gt;</a>&nbsp;&nbsp;&nbsp;__aeabi_uldivmod
</UL>

<P><STRONG><a name="[7a]"></a>_ll_ushift_r</STRONG> (Thumb, 0 bytes, Stack size 0 bytes, llushr.o(.text), UNUSED)

<P><STRONG><a name="[3e]"></a>__aeabi_memset</STRONG> (Thumb, 14 bytes, Stack size 0 bytes, memseta.o(.text), UNUSED)
<BR><BR>[Called By]<UL><LI><a href="#[3f]">&gt;&gt;</a>&nbsp;&nbsp;&nbsp;_memset$wrapper
<LI><a href="#[3d]">&gt;&gt;</a>&nbsp;&nbsp;&nbsp;__aeabi_memclr
</UL>

<P><STRONG><a name="[7b]"></a>__aeabi_memset4</STRONG> (Thumb, 0 bytes, Stack size 0 bytes, memseta.o(.text), UNUSED)

<P><STRONG><a name="[7c]"></a>__aeabi_memset8</STRONG> (Thumb, 0 bytes, Stack size 0 bytes, memseta.o(.text), UNUSED)

<P><STRONG><a name="[3d]"></a>__aeabi_memclr</STRONG> (Thumb, 4 bytes, Stack size 0 bytes, memseta.o(.text), UNUSED)
<BR><BR>[Calls]<UL><LI><a href="#[3e]">&gt;&gt;</a>&nbsp;&nbsp;&nbsp;__aeabi_memset
</UL>

<P><STRONG><a name="[53]"></a>__aeabi_memclr4</STRONG> (Thumb, 0 bytes, Stack size 0 bytes, memseta.o(.text))
<BR><BR>[Called By]<UL><LI><a href="#[59]">&gt;&gt;</a>&nbsp;&nbsp;&nbsp;HAL_UART_MspInit
<LI><a href="#[52]">&gt;&gt;</a>&nbsp;&nbsp;&nbsp;HAL_SPI_MspInit
<LI><a href="#[71]">&gt;&gt;</a>&nbsp;&nbsp;&nbsp;SystemClock_Config
<LI><a href="#[5d]">&gt;&gt;</a>&nbsp;&nbsp;&nbsp;MX_GPIO_Init
</UL>

<P><STRONG><a name="[7d]"></a>__aeabi_memclr8</STRONG> (Thumb, 0 bytes, Stack size 0 bytes, memseta.o(.text), UNUSED)

<P><STRONG><a name="[3f]"></a>_memset$wrapper</STRONG> (Thumb, 18 bytes, Stack size 8 bytes, memseta.o(.text), UNUSED)
<BR><BR>[Calls]<UL><LI><a href="#[3e]">&gt;&gt;</a>&nbsp;&nbsp;&nbsp;__aeabi_memset
</UL>

<P><STRONG><a name="[3c]"></a>__aeabi_llsl</STRONG> (Thumb, 30 bytes, Stack size 0 bytes, llshl.o(.text))
<BR><BR>[Called By]<UL><LI><a href="#[3a]">&gt;&gt;</a>&nbsp;&nbsp;&nbsp;__aeabi_uldivmod
</UL>

<P><STRONG><a name="[7e]"></a>_ll_shift_l</STRONG> (Thumb, 0 bytes, Stack size 0 bytes, llshl.o(.text), UNUSED)

<P><STRONG><a name="[39]"></a>__scatterload</STRONG> (Thumb, 28 bytes, Stack size 0 bytes, init.o(.text))
<BR><BR>[Calls]<UL><LI><a href="#[40]">&gt;&gt;</a>&nbsp;&nbsp;&nbsp;__main_after_scatterload
</UL>
<BR>[Called By]<UL><LI><a href="#[38]">&gt;&gt;</a>&nbsp;&nbsp;&nbsp;_main_scatterload
</UL>

<P><STRONG><a name="[7f]"></a>__scatterload_rt2</STRONG> (Thumb, 0 bytes, Stack size 0 bytes, init.o(.text), UNUSED)

<P><STRONG><a name="[4]"></a>BusFault_Handler</STRONG> (Thumb, 2 bytes, Stack size 0 bytes, stm32f3xx_it.o(i.BusFault_Handler))
<BR><BR>[Calls]<UL><LI><a href="#[4]">&gt;&gt;</a>&nbsp;&nbsp;&nbsp;BusFault_Handler
</UL>
<BR>[Called By]<UL><LI><a href="#[4]">&gt;&gt;</a>&nbsp;&nbsp;&nbsp;BusFault_Handler
</UL>
<BR>[Address Reference Count : 1]<UL><LI> startup_stm32f303x8.o(RESET)
</UL>
<P><STRONG><a name="[7]"></a>DebugMon_Handler</STRONG> (Thumb, 2 bytes, Stack size 0 bytes, stm32f3xx_it.o(i.DebugMon_Handler))
<BR>[Address Reference Count : 1]<UL><LI> startup_stm32f303x8.o(RESET)
</UL>
<P><STRONG><a name="[60]"></a>Error_Handler</STRONG> (Thumb, 2 bytes, Stack size 0 bytes, main.o(i.Error_Handler))
<BR><BR>[Called By]<UL><LI><a href="#[71]">&gt;&gt;</a>&nbsp;&nbsp;&nbsp;SystemClock_Config
<LI><a href="#[61]">&gt;&gt;</a>&nbsp;&nbsp;&nbsp;MX_USART1_UART_Init
<LI><a href="#[5f]">&gt;&gt;</a>&nbsp;&nbsp;&nbsp;MX_SPI1_Init
</UL>

<P><STRONG><a name="[41]"></a>HAL_Delay</STRONG> (Thumb, 32 bytes, Stack size 16 bytes, stm32f3xx_hal.o(i.HAL_Delay))
<BR><BR>[Stack]<UL><LI>Max Depth = 16<LI>Call Chain = HAL_Delay
</UL>
<BR>[Calls]<UL><LI><a href="#[42]">&gt;&gt;</a>&nbsp;&nbsp;&nbsp;HAL_GetTick
</UL>
<BR>[Called By]<UL><LI><a href="#[35]">&gt;&gt;</a>&nbsp;&nbsp;&nbsp;main
</UL>

<P><STRONG><a name="[54]"></a>HAL_GPIO_Init</STRONG> (Thumb, 352 bytes, Stack size 40 bytes, stm32f3xx_hal_gpio.o(i.HAL_GPIO_Init))
<BR><BR>[Stack]<UL><LI>Max Depth = 40<LI>Call Chain = HAL_GPIO_Init
</UL>
<BR>[Called By]<UL><LI><a href="#[59]">&gt;&gt;</a>&nbsp;&nbsp;&nbsp;HAL_UART_MspInit
<LI><a href="#[52]">&gt;&gt;</a>&nbsp;&nbsp;&nbsp;HAL_SPI_MspInit
<LI><a href="#[5d]">&gt;&gt;</a>&nbsp;&nbsp;&nbsp;MX_GPIO_Init
</UL>

<P><STRONG><a name="[73]"></a>HAL_GPIO_ReadPin</STRONG> (Thumb, 14 bytes, Stack size 0 bytes, stm32f3xx_hal_gpio.o(i.HAL_GPIO_ReadPin))
<BR><BR>[Called By]<UL><LI><a href="#[35]">&gt;&gt;</a>&nbsp;&nbsp;&nbsp;main
</UL>

<P><STRONG><a name="[5e]"></a>HAL_GPIO_WritePin</STRONG> (Thumb, 12 bytes, Stack size 0 bytes, stm32f3xx_hal_gpio.o(i.HAL_GPIO_WritePin))
<BR><BR>[Called By]<UL><LI><a href="#[5d]">&gt;&gt;</a>&nbsp;&nbsp;&nbsp;MX_GPIO_Init
<LI><a href="#[6d]">&gt;&gt;</a>&nbsp;&nbsp;&nbsp;NRF24_ini
<LI><a href="#[6b]">&gt;&gt;</a>&nbsp;&nbsp;&nbsp;NRF24_Write_Buf
<LI><a href="#[64]">&gt;&gt;</a>&nbsp;&nbsp;&nbsp;NRF24_WriteReg
<LI><a href="#[6a]">&gt;&gt;</a>&nbsp;&nbsp;&nbsp;NRF24_Transmit
<LI><a href="#[6c]">&gt;&gt;</a>&nbsp;&nbsp;&nbsp;NRF24_ToggleFeatures
<LI><a href="#[63]">&gt;&gt;</a>&nbsp;&nbsp;&nbsp;NRF24_ReadReg
<LI><a href="#[67]">&gt;&gt;</a>&nbsp;&nbsp;&nbsp;NRF24_FlushTX
<LI><a href="#[66]">&gt;&gt;</a>&nbsp;&nbsp;&nbsp;NRF24_FlushRX
<LI><a href="#[69]">&gt;&gt;</a>&nbsp;&nbsp;&nbsp;NRF24L01_TX_Mode
<LI><a href="#[68]">&gt;&gt;</a>&nbsp;&nbsp;&nbsp;NRF24L01_Send
<LI><a href="#[62]">&gt;&gt;</a>&nbsp;&nbsp;&nbsp;NRF24L01_RX_Mode
</UL>

<P><STRONG><a name="[42]"></a>HAL_GetTick</STRONG> (Thumb, 6 bytes, Stack size 0 bytes, stm32f3xx_hal.o(i.HAL_GetTick))
<BR><BR>[Called By]<UL><LI><a href="#[6f]">&gt;&gt;</a>&nbsp;&nbsp;&nbsp;SPI_WaitFlagStateUntilTimeout
<LI><a href="#[6e]">&gt;&gt;</a>&nbsp;&nbsp;&nbsp;SPI_WaitFifoStateUntilTimeout
<LI><a href="#[50]">&gt;&gt;</a>&nbsp;&nbsp;&nbsp;HAL_RCC_OscConfig
<LI><a href="#[4b]">&gt;&gt;</a>&nbsp;&nbsp;&nbsp;HAL_RCC_ClockConfig
<LI><a href="#[4a]">&gt;&gt;</a>&nbsp;&nbsp;&nbsp;HAL_RCCEx_PeriphCLKConfig
<LI><a href="#[41]">&gt;&gt;</a>&nbsp;&nbsp;&nbsp;HAL_Delay
<LI><a href="#[57]">&gt;&gt;</a>&nbsp;&nbsp;&nbsp;HAL_SPI_TransmitReceive
<LI><a href="#[55]">&gt;&gt;</a>&nbsp;&nbsp;&nbsp;HAL_SPI_Transmit
<LI><a href="#[72]">&gt;&gt;</a>&nbsp;&nbsp;&nbsp;UART_WaitOnFlagUntilTimeout
<LI><a href="#[5c]">&gt;&gt;</a>&nbsp;&nbsp;&nbsp;UART_CheckIdleState
</UL>

<P><STRONG><a name="[70]"></a>HAL_IncTick</STRONG> (Thumb, 12 bytes, Stack size 0 bytes, stm32f3xx_hal.o(i.HAL_IncTick))
<BR><BR>[Called By]<UL><LI><a href="#[9]">&gt;&gt;</a>&nbsp;&nbsp;&nbsp;SysTick_Handler
</UL>

<P><STRONG><a name="[43]"></a>HAL_Init</STRONG> (Thumb, 32 bytes, Stack size 8 bytes, stm32f3xx_hal.o(i.HAL_Init))
<BR><BR>[Stack]<UL><LI>Max Depth = 40<LI>Call Chain = HAL_Init &rArr; HAL_InitTick &rArr; HAL_NVIC_SetPriority
</UL>
<BR>[Calls]<UL><LI><a href="#[46]">&gt;&gt;</a>&nbsp;&nbsp;&nbsp;HAL_MspInit
<LI><a href="#[45]">&gt;&gt;</a>&nbsp;&nbsp;&nbsp;HAL_InitTick
<LI><a href="#[44]">&gt;&gt;</a>&nbsp;&nbsp;&nbsp;HAL_NVIC_SetPriorityGrouping
</UL>
<BR>[Called By]<UL><LI><a href="#[35]">&gt;&gt;</a>&nbsp;&nbsp;&nbsp;main
</UL>

<P><STRONG><a name="[45]"></a>HAL_InitTick</STRONG> (Thumb, 58 bytes, Stack size 16 bytes, stm32f3xx_hal.o(i.HAL_InitTick))
<BR><BR>[Stack]<UL><LI>Max Depth = 32<LI>Call Chain = HAL_InitTick &rArr; HAL_NVIC_SetPriority
</UL>
<BR>[Calls]<UL><LI><a href="#[47]">&gt;&gt;</a>&nbsp;&nbsp;&nbsp;HAL_SYSTICK_Config
<LI><a href="#[48]">&gt;&gt;</a>&nbsp;&nbsp;&nbsp;HAL_NVIC_SetPriority
</UL>
<BR>[Called By]<UL><LI><a href="#[4b]">&gt;&gt;</a>&nbsp;&nbsp;&nbsp;HAL_RCC_ClockConfig
<LI><a href="#[43]">&gt;&gt;</a>&nbsp;&nbsp;&nbsp;HAL_Init
</UL>

<P><STRONG><a name="[46]"></a>HAL_MspInit</STRONG> (Thumb, 38 bytes, Stack size 8 bytes, stm32f3xx_hal_msp.o(i.HAL_MspInit))
<BR><BR>[Stack]<UL><LI>Max Depth = 8<LI>Call Chain = HAL_MspInit
</UL>
<BR>[Called By]<UL><LI><a href="#[43]">&gt;&gt;</a>&nbsp;&nbsp;&nbsp;HAL_Init
</UL>

<P><STRONG><a name="[48]"></a>HAL_NVIC_SetPriority</STRONG> (Thumb, 60 bytes, Stack size 16 bytes, stm32f3xx_hal_cortex.o(i.HAL_NVIC_SetPriority))
<BR><BR>[Stack]<UL><LI>Max Depth = 16<LI>Call Chain = HAL_NVIC_SetPriority
</UL>
<BR>[Calls]<UL><LI><a href="#[49]">&gt;&gt;</a>&nbsp;&nbsp;&nbsp;__NVIC_SetPriority
</UL>
<BR>[Called By]<UL><LI><a href="#[45]">&gt;&gt;</a>&nbsp;&nbsp;&nbsp;HAL_InitTick
</UL>

<P><STRONG><a name="[44]"></a>HAL_NVIC_SetPriorityGrouping</STRONG> (Thumb, 26 bytes, Stack size 0 bytes, stm32f3xx_hal_cortex.o(i.HAL_NVIC_SetPriorityGrouping))
<BR><BR>[Called By]<UL><LI><a href="#[43]">&gt;&gt;</a>&nbsp;&nbsp;&nbsp;HAL_Init
</UL>

<P><STRONG><a name="[4a]"></a>HAL_RCCEx_PeriphCLKConfig</STRONG> (Thumb, 362 bytes, Stack size 40 bytes, stm32f3xx_hal_rcc_ex.o(i.HAL_RCCEx_PeriphCLKConfig))
<BR><BR>[Stack]<UL><LI>Max Depth = 40<LI>Call Chain = HAL_RCCEx_PeriphCLKConfig
</UL>
<BR>[Calls]<UL><LI><a href="#[42]">&gt;&gt;</a>&nbsp;&nbsp;&nbsp;HAL_GetTick
</UL>
<BR>[Called By]<UL><LI><a href="#[71]">&gt;&gt;</a>&nbsp;&nbsp;&nbsp;SystemClock_Config
</UL>

<P><STRONG><a name="[4b]"></a>HAL_RCC_ClockConfig</STRONG> (Thumb, 418 bytes, Stack size 32 bytes, stm32f3xx_hal_rcc.o(i.HAL_RCC_ClockConfig))
<BR><BR>[Stack]<UL><LI>Max Depth = 80<LI>Call Chain = HAL_RCC_ClockConfig &rArr; HAL_RCC_GetSysClockFreq &rArr; __aeabi_uldivmod
</UL>
<BR>[Calls]<UL><LI><a href="#[42]">&gt;&gt;</a>&nbsp;&nbsp;&nbsp;HAL_GetTick
<LI><a href="#[4c]">&gt;&gt;</a>&nbsp;&nbsp;&nbsp;HAL_RCC_GetSysClockFreq
<LI><a href="#[45]">&gt;&gt;</a>&nbsp;&nbsp;&nbsp;HAL_InitTick
</UL>
<BR>[Called By]<UL><LI><a href="#[71]">&gt;&gt;</a>&nbsp;&nbsp;&nbsp;SystemClock_Config
</UL>

<P><STRONG><a name="[4e]"></a>HAL_RCC_GetHCLKFreq</STRONG> (Thumb, 6 bytes, Stack size 0 bytes, stm32f3xx_hal_rcc.o(i.HAL_RCC_GetHCLKFreq))
<BR><BR>[Called By]<UL><LI><a href="#[4f]">&gt;&gt;</a>&nbsp;&nbsp;&nbsp;HAL_RCC_GetPCLK2Freq
<LI><a href="#[4d]">&gt;&gt;</a>&nbsp;&nbsp;&nbsp;HAL_RCC_GetPCLK1Freq
</UL>

<P><STRONG><a name="[4d]"></a>HAL_RCC_GetPCLK1Freq</STRONG> (Thumb, 36 bytes, Stack size 4 bytes, stm32f3xx_hal_rcc.o(i.HAL_RCC_GetPCLK1Freq))
<BR><BR>[Stack]<UL><LI>Max Depth = 4<LI>Call Chain = HAL_RCC_GetPCLK1Freq
</UL>
<BR>[Calls]<UL><LI><a href="#[4e]">&gt;&gt;</a>&nbsp;&nbsp;&nbsp;HAL_RCC_GetHCLKFreq
</UL>
<BR>[Called By]<UL><LI><a href="#[5a]">&gt;&gt;</a>&nbsp;&nbsp;&nbsp;UART_SetConfig
</UL>

<P><STRONG><a name="[4f]"></a>HAL_RCC_GetPCLK2Freq</STRONG> (Thumb, 36 bytes, Stack size 4 bytes, stm32f3xx_hal_rcc.o(i.HAL_RCC_GetPCLK2Freq))
<BR><BR>[Stack]<UL><LI>Max Depth = 4<LI>Call Chain = HAL_RCC_GetPCLK2Freq
</UL>
<BR>[Calls]<UL><LI><a href="#[4e]">&gt;&gt;</a>&nbsp;&nbsp;&nbsp;HAL_RCC_GetHCLKFreq
</UL>
<BR>[Called By]<UL><LI><a href="#[5a]">&gt;&gt;</a>&nbsp;&nbsp;&nbsp;UART_SetConfig
</UL>

<P><STRONG><a name="[4c]"></a>HAL_RCC_GetSysClockFreq</STRONG> (Thumb, 92 bytes, Stack size 8 bytes, stm32f3xx_hal_rcc.o(i.HAL_RCC_GetSysClockFreq))
<BR><BR>[Stack]<UL><LI>Max Depth = 48<LI>Call Chain = HAL_RCC_GetSysClockFreq &rArr; __aeabi_uldivmod
</UL>
<BR>[Calls]<UL><LI><a href="#[3a]">&gt;&gt;</a>&nbsp;&nbsp;&nbsp;__aeabi_uldivmod
</UL>
<BR>[Called By]<UL><LI><a href="#[4b]">&gt;&gt;</a>&nbsp;&nbsp;&nbsp;HAL_RCC_ClockConfig
<LI><a href="#[5a]">&gt;&gt;</a>&nbsp;&nbsp;&nbsp;UART_SetConfig
</UL>

<P><STRONG><a name="[50]"></a>HAL_RCC_OscConfig</STRONG> (Thumb, 1574 bytes, Stack size 40 bytes, stm32f3xx_hal_rcc.o(i.HAL_RCC_OscConfig))
<BR><BR>[Stack]<UL><LI>Max Depth = 40<LI>Call Chain = HAL_RCC_OscConfig
</UL>
<BR>[Calls]<UL><LI><a href="#[42]">&gt;&gt;</a>&nbsp;&nbsp;&nbsp;HAL_GetTick
</UL>
<BR>[Called By]<UL><LI><a href="#[71]">&gt;&gt;</a>&nbsp;&nbsp;&nbsp;SystemClock_Config
</UL>

<P><STRONG><a name="[51]"></a>HAL_SPI_Init</STRONG> (Thumb, 226 bytes, Stack size 16 bytes, stm32f3xx_hal_spi.o(i.HAL_SPI_Init))
<BR><BR>[Stack]<UL><LI>Max Depth = 88<LI>Call Chain = HAL_SPI_Init &rArr; HAL_SPI_MspInit &rArr; HAL_GPIO_Init
</UL>
<BR>[Calls]<UL><LI><a href="#[52]">&gt;&gt;</a>&nbsp;&nbsp;&nbsp;HAL_SPI_MspInit
</UL>
<BR>[Called By]<UL><LI><a href="#[5f]">&gt;&gt;</a>&nbsp;&nbsp;&nbsp;MX_SPI1_Init
</UL>

<P><STRONG><a name="[52]"></a>HAL_SPI_MspInit</STRONG> (Thumb, 90 bytes, Stack size 32 bytes, stm32f3xx_hal_msp.o(i.HAL_SPI_MspInit))
<BR><BR>[Stack]<UL><LI>Max Depth = 72<LI>Call Chain = HAL_SPI_MspInit &rArr; HAL_GPIO_Init
</UL>
<BR>[Calls]<UL><LI><a href="#[54]">&gt;&gt;</a>&nbsp;&nbsp;&nbsp;HAL_GPIO_Init
<LI><a href="#[53]">&gt;&gt;</a>&nbsp;&nbsp;&nbsp;__aeabi_memclr4
</UL>
<BR>[Called By]<UL><LI><a href="#[51]">&gt;&gt;</a>&nbsp;&nbsp;&nbsp;HAL_SPI_Init
</UL>

<P><STRONG><a name="[55]"></a>HAL_SPI_Transmit</STRONG> (Thumb, 444 bytes, Stack size 40 bytes, stm32f3xx_hal_spi.o(i.HAL_SPI_Transmit))
<BR><BR>[Stack]<UL><LI>Max Depth = 104<LI>Call Chain = HAL_SPI_Transmit &rArr; SPI_EndRxTxTransaction &rArr; SPI_WaitFifoStateUntilTimeout
</UL>
<BR>[Calls]<UL><LI><a href="#[42]">&gt;&gt;</a>&nbsp;&nbsp;&nbsp;HAL_GetTick
<LI><a href="#[56]">&gt;&gt;</a>&nbsp;&nbsp;&nbsp;SPI_EndRxTxTransaction
</UL>
<BR>[Called By]<UL><LI><a href="#[6b]">&gt;&gt;</a>&nbsp;&nbsp;&nbsp;NRF24_Write_Buf
<LI><a href="#[64]">&gt;&gt;</a>&nbsp;&nbsp;&nbsp;NRF24_WriteReg
<LI><a href="#[6a]">&gt;&gt;</a>&nbsp;&nbsp;&nbsp;NRF24_Transmit
<LI><a href="#[6c]">&gt;&gt;</a>&nbsp;&nbsp;&nbsp;NRF24_ToggleFeatures
<LI><a href="#[67]">&gt;&gt;</a>&nbsp;&nbsp;&nbsp;NRF24_FlushTX
<LI><a href="#[66]">&gt;&gt;</a>&nbsp;&nbsp;&nbsp;NRF24_FlushRX
</UL>

<P><STRONG><a name="[57]"></a>HAL_SPI_TransmitReceive</STRONG> (Thumb, 620 bytes, Stack size 40 bytes, stm32f3xx_hal_spi.o(i.HAL_SPI_TransmitReceive))
<BR><BR>[Stack]<UL><LI>Max Depth = 104<LI>Call Chain = HAL_SPI_TransmitReceive &rArr; SPI_EndRxTxTransaction &rArr; SPI_WaitFifoStateUntilTimeout
</UL>
<BR>[Calls]<UL><LI><a href="#[42]">&gt;&gt;</a>&nbsp;&nbsp;&nbsp;HAL_GetTick
<LI><a href="#[56]">&gt;&gt;</a>&nbsp;&nbsp;&nbsp;SPI_EndRxTxTransaction
</UL>
<BR>[Called By]<UL><LI><a href="#[63]">&gt;&gt;</a>&nbsp;&nbsp;&nbsp;NRF24_ReadReg
</UL>

<P><STRONG><a name="[47]"></a>HAL_SYSTICK_Config</STRONG> (Thumb, 40 bytes, Stack size 8 bytes, stm32f3xx_hal_cortex.o(i.HAL_SYSTICK_Config))
<BR><BR>[Stack]<UL><LI>Max Depth = 8<LI>Call Chain = HAL_SYSTICK_Config
</UL>
<BR>[Calls]<UL><LI><a href="#[49]">&gt;&gt;</a>&nbsp;&nbsp;&nbsp;__NVIC_SetPriority
</UL>
<BR>[Called By]<UL><LI><a href="#[45]">&gt;&gt;</a>&nbsp;&nbsp;&nbsp;HAL_InitTick
</UL>

<P><STRONG><a name="[58]"></a>HAL_UART_Init</STRONG> (Thumb, 108 bytes, Stack size 8 bytes, stm32f3xx_hal_uart.o(i.HAL_UART_Init))
<BR><BR>[Stack]<UL><LI>Max Depth = 80<LI>Call Chain = HAL_UART_Init &rArr; HAL_UART_MspInit &rArr; HAL_GPIO_Init
</UL>
<BR>[Calls]<UL><LI><a href="#[59]">&gt;&gt;</a>&nbsp;&nbsp;&nbsp;HAL_UART_MspInit
<LI><a href="#[5a]">&gt;&gt;</a>&nbsp;&nbsp;&nbsp;UART_SetConfig
<LI><a href="#[5c]">&gt;&gt;</a>&nbsp;&nbsp;&nbsp;UART_CheckIdleState
<LI><a href="#[5b]">&gt;&gt;</a>&nbsp;&nbsp;&nbsp;UART_AdvFeatureConfig
</UL>
<BR>[Called By]<UL><LI><a href="#[61]">&gt;&gt;</a>&nbsp;&nbsp;&nbsp;MX_USART1_UART_Init
</UL>

<P><STRONG><a name="[59]"></a>HAL_UART_MspInit</STRONG> (Thumb, 92 bytes, Stack size 32 bytes, stm32f3xx_hal_msp.o(i.HAL_UART_MspInit))
<BR><BR>[Stack]<UL><LI>Max Depth = 72<LI>Call Chain = HAL_UART_MspInit &rArr; HAL_GPIO_Init
</UL>
<BR>[Calls]<UL><LI><a href="#[54]">&gt;&gt;</a>&nbsp;&nbsp;&nbsp;HAL_GPIO_Init
<LI><a href="#[53]">&gt;&gt;</a>&nbsp;&nbsp;&nbsp;__aeabi_memclr4
</UL>
<BR>[Called By]<UL><LI><a href="#[58]">&gt;&gt;</a>&nbsp;&nbsp;&nbsp;HAL_UART_Init
</UL>

<P><STRONG><a name="[2]"></a>HardFault_Handler</STRONG> (Thumb, 2 bytes, Stack size 0 bytes, stm32f3xx_it.o(i.HardFault_Handler))
<BR><BR>[Calls]<UL><LI><a href="#[2]">&gt;&gt;</a>&nbsp;&nbsp;&nbsp;HardFault_Handler
</UL>
<BR>[Called By]<UL><LI><a href="#[2]">&gt;&gt;</a>&nbsp;&nbsp;&nbsp;HardFault_Handler
</UL>
<BR>[Address Reference Count : 1]<UL><LI> startup_stm32f303x8.o(RESET)
</UL>
<P><STRONG><a name="[3]"></a>MemManage_Handler</STRONG> (Thumb, 2 bytes, Stack size 0 bytes, stm32f3xx_it.o(i.MemManage_Handler))
<BR><BR>[Calls]<UL><LI><a href="#[3]">&gt;&gt;</a>&nbsp;&nbsp;&nbsp;MemManage_Handler
</UL>
<BR>[Called By]<UL><LI><a href="#[3]">&gt;&gt;</a>&nbsp;&nbsp;&nbsp;MemManage_Handler
</UL>
<BR>[Address Reference Count : 1]<UL><LI> startup_stm32f303x8.o(RESET)
</UL>
<P><STRONG><a name="[1]"></a>NMI_Handler</STRONG> (Thumb, 2 bytes, Stack size 0 bytes, stm32f3xx_it.o(i.NMI_Handler))
<BR>[Address Reference Count : 1]<UL><LI> startup_stm32f303x8.o(RESET)
</UL>
<P><STRONG><a name="[62]"></a>NRF24L01_RX_Mode</STRONG> (Thumb, 48 bytes, Stack size 8 bytes, nrf24.o(i.NRF24L01_RX_Mode))
<BR><BR>[Stack]<UL><LI>Max Depth = 144<LI>Call Chain = NRF24L01_RX_Mode &rArr; NRF24_ReadReg &rArr; HAL_SPI_TransmitReceive &rArr; SPI_EndRxTxTransaction &rArr; SPI_WaitFifoStateUntilTimeout
</UL>
<BR>[Calls]<UL><LI><a href="#[5e]">&gt;&gt;</a>&nbsp;&nbsp;&nbsp;HAL_GPIO_WritePin
<LI><a href="#[64]">&gt;&gt;</a>&nbsp;&nbsp;&nbsp;NRF24_WriteReg
<LI><a href="#[63]">&gt;&gt;</a>&nbsp;&nbsp;&nbsp;NRF24_ReadReg
<LI><a href="#[67]">&gt;&gt;</a>&nbsp;&nbsp;&nbsp;NRF24_FlushTX
<LI><a href="#[66]">&gt;&gt;</a>&nbsp;&nbsp;&nbsp;NRF24_FlushRX
<LI><a href="#[65]">&gt;&gt;</a>&nbsp;&nbsp;&nbsp;DelayMicro
</UL>
<BR>[Called By]<UL><LI><a href="#[6d]">&gt;&gt;</a>&nbsp;&nbsp;&nbsp;NRF24_ini
<LI><a href="#[68]">&gt;&gt;</a>&nbsp;&nbsp;&nbsp;NRF24L01_Send
</UL>

<P><STRONG><a name="[68]"></a>NRF24L01_Send</STRONG> (Thumb, 128 bytes, Stack size 8 bytes, nrf24.o(i.NRF24L01_Send))
<BR><BR>[Stack]<UL><LI>Max Depth = 152<LI>Call Chain = NRF24L01_Send &rArr; NRF24L01_TX_Mode &rArr; NRF24_Write_Buf &rArr; HAL_SPI_Transmit &rArr; SPI_EndRxTxTransaction &rArr; SPI_WaitFifoStateUntilTimeout
</UL>
<BR>[Calls]<UL><LI><a href="#[5e]">&gt;&gt;</a>&nbsp;&nbsp;&nbsp;HAL_GPIO_WritePin
<LI><a href="#[64]">&gt;&gt;</a>&nbsp;&nbsp;&nbsp;NRF24_WriteReg
<LI><a href="#[6a]">&gt;&gt;</a>&nbsp;&nbsp;&nbsp;NRF24_Transmit
<LI><a href="#[63]">&gt;&gt;</a>&nbsp;&nbsp;&nbsp;NRF24_ReadReg
<LI><a href="#[67]">&gt;&gt;</a>&nbsp;&nbsp;&nbsp;NRF24_FlushTX
<LI><a href="#[69]">&gt;&gt;</a>&nbsp;&nbsp;&nbsp;NRF24L01_TX_Mode
<LI><a href="#[62]">&gt;&gt;</a>&nbsp;&nbsp;&nbsp;NRF24L01_RX_Mode
<LI><a href="#[65]">&gt;&gt;</a>&nbsp;&nbsp;&nbsp;DelayMicro
</UL>
<BR>[Called By]<UL><LI><a href="#[35]">&gt;&gt;</a>&nbsp;&nbsp;&nbsp;main
</UL>

<P><STRONG><a name="[69]"></a>NRF24L01_TX_Mode</STRONG> (Thumb, 36 bytes, Stack size 8 bytes, nrf24.o(i.NRF24L01_TX_Mode))
<BR><BR>[Stack]<UL><LI>Max Depth = 144<LI>Call Chain = NRF24L01_TX_Mode &rArr; NRF24_Write_Buf &rArr; HAL_SPI_Transmit &rArr; SPI_EndRxTxTransaction &rArr; SPI_WaitFifoStateUntilTimeout
</UL>
<BR>[Calls]<UL><LI><a href="#[5e]">&gt;&gt;</a>&nbsp;&nbsp;&nbsp;HAL_GPIO_WritePin
<LI><a href="#[6b]">&gt;&gt;</a>&nbsp;&nbsp;&nbsp;NRF24_Write_Buf
<LI><a href="#[67]">&gt;&gt;</a>&nbsp;&nbsp;&nbsp;NRF24_FlushTX
<LI><a href="#[66]">&gt;&gt;</a>&nbsp;&nbsp;&nbsp;NRF24_FlushRX
</UL>
<BR>[Called By]<UL><LI><a href="#[68]">&gt;&gt;</a>&nbsp;&nbsp;&nbsp;NRF24L01_Send
</UL>

<P><STRONG><a name="[66]"></a>NRF24_FlushRX</STRONG> (Thumb, 54 bytes, Stack size 16 bytes, nrf24.o(i.NRF24_FlushRX))
<BR><BR>[Stack]<UL><LI>Max Depth = 120<LI>Call Chain = NRF24_FlushRX &rArr; HAL_SPI_Transmit &rArr; SPI_EndRxTxTransaction &rArr; SPI_WaitFifoStateUntilTimeout
</UL>
<BR>[Calls]<UL><LI><a href="#[55]">&gt;&gt;</a>&nbsp;&nbsp;&nbsp;HAL_SPI_Transmit
<LI><a href="#[5e]">&gt;&gt;</a>&nbsp;&nbsp;&nbsp;HAL_GPIO_WritePin
<LI><a href="#[65]">&gt;&gt;</a>&nbsp;&nbsp;&nbsp;DelayMicro
</UL>
<BR>[Called By]<UL><LI><a href="#[69]">&gt;&gt;</a>&nbsp;&nbsp;&nbsp;NRF24L01_TX_Mode
<LI><a href="#[62]">&gt;&gt;</a>&nbsp;&nbsp;&nbsp;NRF24L01_RX_Mode
</UL>

<P><STRONG><a name="[67]"></a>NRF24_FlushTX</STRONG> (Thumb, 54 bytes, Stack size 16 bytes, nrf24.o(i.NRF24_FlushTX))
<BR><BR>[Stack]<UL><LI>Max Depth = 120<LI>Call Chain = NRF24_FlushTX &rArr; HAL_SPI_Transmit &rArr; SPI_EndRxTxTransaction &rArr; SPI_WaitFifoStateUntilTimeout
</UL>
<BR>[Calls]<UL><LI><a href="#[55]">&gt;&gt;</a>&nbsp;&nbsp;&nbsp;HAL_SPI_Transmit
<LI><a href="#[5e]">&gt;&gt;</a>&nbsp;&nbsp;&nbsp;HAL_GPIO_WritePin
<LI><a href="#[65]">&gt;&gt;</a>&nbsp;&nbsp;&nbsp;DelayMicro
</UL>
<BR>[Called By]<UL><LI><a href="#[69]">&gt;&gt;</a>&nbsp;&nbsp;&nbsp;NRF24L01_TX_Mode
<LI><a href="#[68]">&gt;&gt;</a>&nbsp;&nbsp;&nbsp;NRF24L01_Send
<LI><a href="#[62]">&gt;&gt;</a>&nbsp;&nbsp;&nbsp;NRF24L01_RX_Mode
</UL>

<P><STRONG><a name="[63]"></a>NRF24_ReadReg</STRONG> (Thumb, 84 bytes, Stack size 32 bytes, nrf24.o(i.NRF24_ReadReg))
<BR><BR>[Stack]<UL><LI>Max Depth = 136<LI>Call Chain = NRF24_ReadReg &rArr; HAL_SPI_TransmitReceive &rArr; SPI_EndRxTxTransaction &rArr; SPI_WaitFifoStateUntilTimeout
</UL>
<BR>[Calls]<UL><LI><a href="#[57]">&gt;&gt;</a>&nbsp;&nbsp;&nbsp;HAL_SPI_TransmitReceive
<LI><a href="#[5e]">&gt;&gt;</a>&nbsp;&nbsp;&nbsp;HAL_GPIO_WritePin
</UL>
<BR>[Called By]<UL><LI><a href="#[68]">&gt;&gt;</a>&nbsp;&nbsp;&nbsp;NRF24L01_Send
<LI><a href="#[62]">&gt;&gt;</a>&nbsp;&nbsp;&nbsp;NRF24L01_RX_Mode
</UL>

<P><STRONG><a name="[6c]"></a>NRF24_ToggleFeatures</STRONG> (Thumb, 72 bytes, Stack size 16 bytes, nrf24.o(i.NRF24_ToggleFeatures))
<BR><BR>[Stack]<UL><LI>Max Depth = 120<LI>Call Chain = NRF24_ToggleFeatures &rArr; HAL_SPI_Transmit &rArr; SPI_EndRxTxTransaction &rArr; SPI_WaitFifoStateUntilTimeout
</UL>
<BR>[Calls]<UL><LI><a href="#[55]">&gt;&gt;</a>&nbsp;&nbsp;&nbsp;HAL_SPI_Transmit
<LI><a href="#[5e]">&gt;&gt;</a>&nbsp;&nbsp;&nbsp;HAL_GPIO_WritePin
<LI><a href="#[65]">&gt;&gt;</a>&nbsp;&nbsp;&nbsp;DelayMicro
</UL>
<BR>[Called By]<UL><LI><a href="#[6d]">&gt;&gt;</a>&nbsp;&nbsp;&nbsp;NRF24_ini
</UL>

<P><STRONG><a name="[6a]"></a>NRF24_Transmit</STRONG> (Thumb, 86 bytes, Stack size 32 bytes, nrf24.o(i.NRF24_Transmit))
<BR><BR>[Stack]<UL><LI>Max Depth = 136<LI>Call Chain = NRF24_Transmit &rArr; HAL_SPI_Transmit &rArr; SPI_EndRxTxTransaction &rArr; SPI_WaitFifoStateUntilTimeout
</UL>
<BR>[Calls]<UL><LI><a href="#[55]">&gt;&gt;</a>&nbsp;&nbsp;&nbsp;HAL_SPI_Transmit
<LI><a href="#[5e]">&gt;&gt;</a>&nbsp;&nbsp;&nbsp;HAL_GPIO_WritePin
<LI><a href="#[65]">&gt;&gt;</a>&nbsp;&nbsp;&nbsp;DelayMicro
</UL>
<BR>[Called By]<UL><LI><a href="#[68]">&gt;&gt;</a>&nbsp;&nbsp;&nbsp;NRF24L01_Send
</UL>

<P><STRONG><a name="[64]"></a>NRF24_WriteReg</STRONG> (Thumb, 66 bytes, Stack size 24 bytes, nrf24.o(i.NRF24_WriteReg))
<BR><BR>[Stack]<UL><LI>Max Depth = 128<LI>Call Chain = NRF24_WriteReg &rArr; HAL_SPI_Transmit &rArr; SPI_EndRxTxTransaction &rArr; SPI_WaitFifoStateUntilTimeout
</UL>
<BR>[Calls]<UL><LI><a href="#[55]">&gt;&gt;</a>&nbsp;&nbsp;&nbsp;HAL_SPI_Transmit
<LI><a href="#[5e]">&gt;&gt;</a>&nbsp;&nbsp;&nbsp;HAL_GPIO_WritePin
</UL>
<BR>[Called By]<UL><LI><a href="#[6d]">&gt;&gt;</a>&nbsp;&nbsp;&nbsp;NRF24_ini
<LI><a href="#[68]">&gt;&gt;</a>&nbsp;&nbsp;&nbsp;NRF24L01_Send
<LI><a href="#[62]">&gt;&gt;</a>&nbsp;&nbsp;&nbsp;NRF24L01_RX_Mode
</UL>

<P><STRONG><a name="[6b]"></a>NRF24_Write_Buf</STRONG> (Thumb, 76 bytes, Stack size 32 bytes, nrf24.o(i.NRF24_Write_Buf))
<BR><BR>[Stack]<UL><LI>Max Depth = 136<LI>Call Chain = NRF24_Write_Buf &rArr; HAL_SPI_Transmit &rArr; SPI_EndRxTxTransaction &rArr; SPI_WaitFifoStateUntilTimeout
</UL>
<BR>[Calls]<UL><LI><a href="#[55]">&gt;&gt;</a>&nbsp;&nbsp;&nbsp;HAL_SPI_Transmit
<LI><a href="#[5e]">&gt;&gt;</a>&nbsp;&nbsp;&nbsp;HAL_GPIO_WritePin
<LI><a href="#[65]">&gt;&gt;</a>&nbsp;&nbsp;&nbsp;DelayMicro
</UL>
<BR>[Called By]<UL><LI><a href="#[6d]">&gt;&gt;</a>&nbsp;&nbsp;&nbsp;NRF24_ini
<LI><a href="#[69]">&gt;&gt;</a>&nbsp;&nbsp;&nbsp;NRF24L01_TX_Mode
</UL>

<P><STRONG><a name="[6d]"></a>NRF24_ini</STRONG> (Thumb, 150 bytes, Stack size 8 bytes, nrf24.o(i.NRF24_ini))
<BR><BR>[Stack]<UL><LI>Max Depth = 152<LI>Call Chain = NRF24_ini &rArr; NRF24L01_RX_Mode &rArr; NRF24_ReadReg &rArr; HAL_SPI_TransmitReceive &rArr; SPI_EndRxTxTransaction &rArr; SPI_WaitFifoStateUntilTimeout
</UL>
<BR>[Calls]<UL><LI><a href="#[5e]">&gt;&gt;</a>&nbsp;&nbsp;&nbsp;HAL_GPIO_WritePin
<LI><a href="#[6b]">&gt;&gt;</a>&nbsp;&nbsp;&nbsp;NRF24_Write_Buf
<LI><a href="#[64]">&gt;&gt;</a>&nbsp;&nbsp;&nbsp;NRF24_WriteReg
<LI><a href="#[6c]">&gt;&gt;</a>&nbsp;&nbsp;&nbsp;NRF24_ToggleFeatures
<LI><a href="#[62]">&gt;&gt;</a>&nbsp;&nbsp;&nbsp;NRF24L01_RX_Mode
<LI><a href="#[65]">&gt;&gt;</a>&nbsp;&nbsp;&nbsp;DelayMicro
</UL>
<BR>[Called By]<UL><LI><a href="#[35]">&gt;&gt;</a>&nbsp;&nbsp;&nbsp;main
</UL>

<P><STRONG><a name="[8]"></a>PendSV_Handler</STRONG> (Thumb, 2 bytes, Stack size 0 bytes, stm32f3xx_it.o(i.PendSV_Handler))
<BR>[Address Reference Count : 1]<UL><LI> startup_stm32f303x8.o(RESET)
</UL>
<P><STRONG><a name="[6]"></a>SVC_Handler</STRONG> (Thumb, 2 bytes, Stack size 0 bytes, stm32f3xx_it.o(i.SVC_Handler))
<BR>[Address Reference Count : 1]<UL><LI> startup_stm32f303x8.o(RESET)
</UL>
<P><STRONG><a name="[9]"></a>SysTick_Handler</STRONG> (Thumb, 4 bytes, Stack size 0 bytes, stm32f3xx_it.o(i.SysTick_Handler))
<BR><BR>[Calls]<UL><LI><a href="#[70]">&gt;&gt;</a>&nbsp;&nbsp;&nbsp;HAL_IncTick
</UL>
<BR>[Address Reference Count : 1]<UL><LI> startup_stm32f303x8.o(RESET)
</UL>
<P><STRONG><a name="[71]"></a>SystemClock_Config</STRONG> (Thumb, 118 bytes, Stack size 104 bytes, main.o(i.SystemClock_Config))
<BR><BR>[Stack]<UL><LI>Max Depth = 184<LI>Call Chain = SystemClock_Config &rArr; HAL_RCC_ClockConfig &rArr; HAL_RCC_GetSysClockFreq &rArr; __aeabi_uldivmod
</UL>
<BR>[Calls]<UL><LI><a href="#[50]">&gt;&gt;</a>&nbsp;&nbsp;&nbsp;HAL_RCC_OscConfig
<LI><a href="#[4b]">&gt;&gt;</a>&nbsp;&nbsp;&nbsp;HAL_RCC_ClockConfig
<LI><a href="#[4a]">&gt;&gt;</a>&nbsp;&nbsp;&nbsp;HAL_RCCEx_PeriphCLKConfig
<LI><a href="#[60]">&gt;&gt;</a>&nbsp;&nbsp;&nbsp;Error_Handler
<LI><a href="#[53]">&gt;&gt;</a>&nbsp;&nbsp;&nbsp;__aeabi_memclr4
</UL>
<BR>[Called By]<UL><LI><a href="#[35]">&gt;&gt;</a>&nbsp;&nbsp;&nbsp;main
</UL>

<P><STRONG><a name="[36]"></a>SystemInit</STRONG> (Thumb, 12 bytes, Stack size 0 bytes, system_stm32f3xx.o(i.SystemInit))
<BR>[Address Reference Count : 1]<UL><LI> startup_stm32f303x8.o(.text)
</UL>
<P><STRONG><a name="[5b]"></a>UART_AdvFeatureConfig</STRONG> (Thumb, 200 bytes, Stack size 0 bytes, stm32f3xx_hal_uart.o(i.UART_AdvFeatureConfig))
<BR><BR>[Called By]<UL><LI><a href="#[58]">&gt;&gt;</a>&nbsp;&nbsp;&nbsp;HAL_UART_Init
</UL>

<P><STRONG><a name="[5c]"></a>UART_CheckIdleState</STRONG> (Thumb, 96 bytes, Stack size 24 bytes, stm32f3xx_hal_uart.o(i.UART_CheckIdleState))
<BR><BR>[Stack]<UL><LI>Max Depth = 56<LI>Call Chain = UART_CheckIdleState &rArr; UART_WaitOnFlagUntilTimeout
</UL>
<BR>[Calls]<UL><LI><a href="#[42]">&gt;&gt;</a>&nbsp;&nbsp;&nbsp;HAL_GetTick
<LI><a href="#[72]">&gt;&gt;</a>&nbsp;&nbsp;&nbsp;UART_WaitOnFlagUntilTimeout
</UL>
<BR>[Called By]<UL><LI><a href="#[58]">&gt;&gt;</a>&nbsp;&nbsp;&nbsp;HAL_UART_Init
</UL>

<P><STRONG><a name="[5a]"></a>UART_SetConfig</STRONG> (Thumb, 338 bytes, Stack size 16 bytes, stm32f3xx_hal_uart.o(i.UART_SetConfig))
<BR><BR>[Stack]<UL><LI>Max Depth = 64<LI>Call Chain = UART_SetConfig &rArr; HAL_RCC_GetSysClockFreq &rArr; __aeabi_uldivmod
</UL>
<BR>[Calls]<UL><LI><a href="#[4c]">&gt;&gt;</a>&nbsp;&nbsp;&nbsp;HAL_RCC_GetSysClockFreq
<LI><a href="#[4f]">&gt;&gt;</a>&nbsp;&nbsp;&nbsp;HAL_RCC_GetPCLK2Freq
<LI><a href="#[4d]">&gt;&gt;</a>&nbsp;&nbsp;&nbsp;HAL_RCC_GetPCLK1Freq
</UL>
<BR>[Called By]<UL><LI><a href="#[58]">&gt;&gt;</a>&nbsp;&nbsp;&nbsp;HAL_UART_Init
</UL>

<P><STRONG><a name="[72]"></a>UART_WaitOnFlagUntilTimeout</STRONG> (Thumb, 168 bytes, Stack size 32 bytes, stm32f3xx_hal_uart.o(i.UART_WaitOnFlagUntilTimeout))
<BR><BR>[Stack]<UL><LI>Max Depth = 32<LI>Call Chain = UART_WaitOnFlagUntilTimeout
</UL>
<BR>[Calls]<UL><LI><a href="#[42]">&gt;&gt;</a>&nbsp;&nbsp;&nbsp;HAL_GetTick
</UL>
<BR>[Called By]<UL><LI><a href="#[5c]">&gt;&gt;</a>&nbsp;&nbsp;&nbsp;UART_CheckIdleState
</UL>

<P><STRONG><a name="[5]"></a>UsageFault_Handler</STRONG> (Thumb, 2 bytes, Stack size 0 bytes, stm32f3xx_it.o(i.UsageFault_Handler))
<BR><BR>[Calls]<UL><LI><a href="#[5]">&gt;&gt;</a>&nbsp;&nbsp;&nbsp;UsageFault_Handler
</UL>
<BR>[Called By]<UL><LI><a href="#[5]">&gt;&gt;</a>&nbsp;&nbsp;&nbsp;UsageFault_Handler
</UL>
<BR>[Address Reference Count : 1]<UL><LI> startup_stm32f303x8.o(RESET)
</UL>
<P><STRONG><a name="[80]"></a>__scatterload_copy</STRONG> (Thumb, 14 bytes, Stack size unknown bytes, handlers.o(i.__scatterload_copy), UNUSED)

<P><STRONG><a name="[81]"></a>__scatterload_null</STRONG> (Thumb, 2 bytes, Stack size unknown bytes, handlers.o(i.__scatterload_null), UNUSED)

<P><STRONG><a name="[82]"></a>__scatterload_zeroinit</STRONG> (Thumb, 14 bytes, Stack size unknown bytes, handlers.o(i.__scatterload_zeroinit), UNUSED)

<P><STRONG><a name="[35]"></a>main</STRONG> (Thumb, 92 bytes, Stack size 16 bytes, main.o(i.main))
<BR><BR>[Stack]<UL><LI>Max Depth = 200<LI>Call Chain = main &rArr; SystemClock_Config &rArr; HAL_RCC_ClockConfig &rArr; HAL_RCC_GetSysClockFreq &rArr; __aeabi_uldivmod
</UL>
<BR>[Calls]<UL><LI><a href="#[43]">&gt;&gt;</a>&nbsp;&nbsp;&nbsp;HAL_Init
<LI><a href="#[73]">&gt;&gt;</a>&nbsp;&nbsp;&nbsp;HAL_GPIO_ReadPin
<LI><a href="#[41]">&gt;&gt;</a>&nbsp;&nbsp;&nbsp;HAL_Delay
<LI><a href="#[71]">&gt;&gt;</a>&nbsp;&nbsp;&nbsp;SystemClock_Config
<LI><a href="#[61]">&gt;&gt;</a>&nbsp;&nbsp;&nbsp;MX_USART1_UART_Init
<LI><a href="#[5f]">&gt;&gt;</a>&nbsp;&nbsp;&nbsp;MX_SPI1_Init
<LI><a href="#[5d]">&gt;&gt;</a>&nbsp;&nbsp;&nbsp;MX_GPIO_Init
<LI><a href="#[6d]">&gt;&gt;</a>&nbsp;&nbsp;&nbsp;NRF24_ini
<LI><a href="#[68]">&gt;&gt;</a>&nbsp;&nbsp;&nbsp;NRF24L01_Send
</UL>
<BR>[Address Reference Count : 1]<UL><LI> entry9a.o(.ARM.Collect$$$$0000000B)
</UL><P>
<H3>
Local Symbols
</H3>
<P><STRONG><a name="[65]"></a>DelayMicro</STRONG> (Thumb, 28 bytes, Stack size 8 bytes, nrf24.o(i.DelayMicro))
<BR><BR>[Stack]<UL><LI>Max Depth = 8<LI>Call Chain = DelayMicro
</UL>
<BR>[Called By]<UL><LI><a href="#[6d]">&gt;&gt;</a>&nbsp;&nbsp;&nbsp;NRF24_ini
<LI><a href="#[6b]">&gt;&gt;</a>&nbsp;&nbsp;&nbsp;NRF24_Write_Buf
<LI><a href="#[6a]">&gt;&gt;</a>&nbsp;&nbsp;&nbsp;NRF24_Transmit
<LI><a href="#[6c]">&gt;&gt;</a>&nbsp;&nbsp;&nbsp;NRF24_ToggleFeatures
<LI><a href="#[67]">&gt;&gt;</a>&nbsp;&nbsp;&nbsp;NRF24_FlushTX
<LI><a href="#[66]">&gt;&gt;</a>&nbsp;&nbsp;&nbsp;NRF24_FlushRX
<LI><a href="#[68]">&gt;&gt;</a>&nbsp;&nbsp;&nbsp;NRF24L01_Send
<LI><a href="#[62]">&gt;&gt;</a>&nbsp;&nbsp;&nbsp;NRF24L01_RX_Mode
</UL>

<P><STRONG><a name="[5d]"></a>MX_GPIO_Init</STRONG> (Thumb, 134 bytes, Stack size 40 bytes, main.o(i.MX_GPIO_Init))
<BR><BR>[Stack]<UL><LI>Max Depth = 80<LI>Call Chain = MX_GPIO_Init &rArr; HAL_GPIO_Init
</UL>
<BR>[Calls]<UL><LI><a href="#[54]">&gt;&gt;</a>&nbsp;&nbsp;&nbsp;HAL_GPIO_Init
<LI><a href="#[5e]">&gt;&gt;</a>&nbsp;&nbsp;&nbsp;HAL_GPIO_WritePin
<LI><a href="#[53]">&gt;&gt;</a>&nbsp;&nbsp;&nbsp;__aeabi_memclr4
</UL>
<BR>[Called By]<UL><LI><a href="#[35]">&gt;&gt;</a>&nbsp;&nbsp;&nbsp;main
</UL>

<P><STRONG><a name="[5f]"></a>MX_SPI1_Init</STRONG> (Thumb, 72 bytes, Stack size 8 bytes, main.o(i.MX_SPI1_Init))
<BR><BR>[Stack]<UL><LI>Max Depth = 96<LI>Call Chain = MX_SPI1_Init &rArr; HAL_SPI_Init &rArr; HAL_SPI_MspInit &rArr; HAL_GPIO_Init
</UL>
<BR>[Calls]<UL><LI><a href="#[51]">&gt;&gt;</a>&nbsp;&nbsp;&nbsp;HAL_SPI_Init
<LI><a href="#[60]">&gt;&gt;</a>&nbsp;&nbsp;&nbsp;Error_Handler
</UL>
<BR>[Called By]<UL><LI><a href="#[35]">&gt;&gt;</a>&nbsp;&nbsp;&nbsp;main
</UL>

<P><STRONG><a name="[61]"></a>MX_USART1_UART_Init</STRONG> (Thumb, 52 bytes, Stack size 8 bytes, main.o(i.MX_USART1_UART_Init))
<BR><BR>[Stack]<UL><LI>Max Depth = 88<LI>Call Chain = MX_USART1_UART_Init &rArr; HAL_UART_Init &rArr; HAL_UART_MspInit &rArr; HAL_GPIO_Init
</UL>
<BR>[Calls]<UL><LI><a href="#[58]">&gt;&gt;</a>&nbsp;&nbsp;&nbsp;HAL_UART_Init
<LI><a href="#[60]">&gt;&gt;</a>&nbsp;&nbsp;&nbsp;Error_Handler
</UL>
<BR>[Called By]<UL><LI><a href="#[35]">&gt;&gt;</a>&nbsp;&nbsp;&nbsp;main
</UL>

<P><STRONG><a name="[56]"></a>SPI_EndRxTxTransaction</STRONG> (Thumb, 100 bytes, Stack size 24 bytes, stm32f3xx_hal_spi.o(i.SPI_EndRxTxTransaction))
<BR><BR>[Stack]<UL><LI>Max Depth = 64<LI>Call Chain = SPI_EndRxTxTransaction &rArr; SPI_WaitFifoStateUntilTimeout
</UL>
<BR>[Calls]<UL><LI><a href="#[6f]">&gt;&gt;</a>&nbsp;&nbsp;&nbsp;SPI_WaitFlagStateUntilTimeout
<LI><a href="#[6e]">&gt;&gt;</a>&nbsp;&nbsp;&nbsp;SPI_WaitFifoStateUntilTimeout
</UL>
<BR>[Called By]<UL><LI><a href="#[57]">&gt;&gt;</a>&nbsp;&nbsp;&nbsp;HAL_SPI_TransmitReceive
<LI><a href="#[55]">&gt;&gt;</a>&nbsp;&nbsp;&nbsp;HAL_SPI_Transmit
</UL>

<P><STRONG><a name="[6e]"></a>SPI_WaitFifoStateUntilTimeout</STRONG> (Thumb, 196 bytes, Stack size 40 bytes, stm32f3xx_hal_spi.o(i.SPI_WaitFifoStateUntilTimeout))
<BR><BR>[Stack]<UL><LI>Max Depth = 40<LI>Call Chain = SPI_WaitFifoStateUntilTimeout
</UL>
<BR>[Calls]<UL><LI><a href="#[42]">&gt;&gt;</a>&nbsp;&nbsp;&nbsp;HAL_GetTick
</UL>
<BR>[Called By]<UL><LI><a href="#[56]">&gt;&gt;</a>&nbsp;&nbsp;&nbsp;SPI_EndRxTxTransaction
</UL>

<P><STRONG><a name="[6f]"></a>SPI_WaitFlagStateUntilTimeout</STRONG> (Thumb, 184 bytes, Stack size 32 bytes, stm32f3xx_hal_spi.o(i.SPI_WaitFlagStateUntilTimeout))
<BR><BR>[Stack]<UL><LI>Max Depth = 32<LI>Call Chain = SPI_WaitFlagStateUntilTimeout
</UL>
<BR>[Calls]<UL><LI><a href="#[42]">&gt;&gt;</a>&nbsp;&nbsp;&nbsp;HAL_GetTick
</UL>
<BR>[Called By]<UL><LI><a href="#[56]">&gt;&gt;</a>&nbsp;&nbsp;&nbsp;SPI_EndRxTxTransaction
</UL>

<P><STRONG><a name="[49]"></a>__NVIC_SetPriority</STRONG> (Thumb, 32 bytes, Stack size 0 bytes, stm32f3xx_hal_cortex.o(i.__NVIC_SetPriority))
<BR><BR>[Called By]<UL><LI><a href="#[47]">&gt;&gt;</a>&nbsp;&nbsp;&nbsp;HAL_SYSTICK_Config
<LI><a href="#[48]">&gt;&gt;</a>&nbsp;&nbsp;&nbsp;HAL_NVIC_SetPriority
</UL>
<P>
<H3>
Undefined Global Symbols
</H3><HR></body></html>
