<html>
<body>
<pre>
<h1>µVision Build Log</h1>
<h2>Tool Versions:</h2>
IDE-Version: µVision V5.31.0.0
Copyright (C) 2020 ARM Ltd and ARM Germany GmbH. All rights reserved.
License Information: Aleksandr Mikhalev, BMSTU, LIC=----
 
Tool Versions:
Toolchain:       MDK-Lite  Version: 5.31.0.0
Toolchain Path:  F:\fs\keil\ARM\ARMCC\Bin
C Compiler:      Armcc.exe V5.06 update 6 (build 750)
Assembler:       Armasm.exe V5.06 update 6 (build 750)
Linker/Locator:  ArmLink.exe V5.06 update 6 (build 750)
Library Manager: ArmAr.exe V5.06 update 6 (build 750)
Hex Converter:   FromElf.exe V5.06 update 6 (build 750)
CPU DLL:         SARMCM3.DLL V5.31.0.0
Dialog DLL:      DCM.DLL V1.17.3.0
Target DLL:      STLink\ST-LINKIII-KEIL_SWO.dll V3.0.7.0
Dialog DLL:      TCM.DLL V1.46.0.0
 
<h2>Project:</h2>
F:\fs_work\radiocheck\check_radio-display-with-term\MDK-ARM\check_radio-display-with-term.uvprojx
Project File Date:  08/27/2021

<h2>Output:</h2>
*** Using Compiler 'V5.06 update 6 (build 750)', folder: 'F:\fs\keil\ARM\ARMCC\Bin'
Build target 'check_radio-display-with-term'
compiling stm32f3xx_it.c...
compiling NRF24.c...
../Inc/NRF24.h(130): warning:  #1295-D: Deprecated declaration NRF24L01_Receive - give arg types
  uint8_t NRF24L01_Receive();
../Inc/NRF24.h(142): warning:  #1-D: last line of file ends without a newline
  #endif /* NRF24_H_ */
..\Src\NRF24.c(273): warning:  #550-D: variable "receive"  was set but never used
  	uint8_t receive=0x01;
..\Src\NRF24.c(502): warning:  #1-D: last line of file ends without a newline
  */
..\Src\NRF24.c: 4 warnings, 0 errors
compiling main.c...
../Inc/NRF24.h(130): warning:  #1295-D: Deprecated declaration NRF24L01_Receive - give arg types
  uint8_t NRF24L01_Receive();
../Inc/NRF24.h(142): warning:  #1-D: last line of file ends without a newline
  #endif /* NRF24_H_ */
../Src/main.c(171): warning:  #223-D: function "sprintf" declared implicitly
    sprintf(str1,"CONFIG: 0x%02Xrn",dt_reg);
../Src/main.c(85): warning:  #177-D: variable "retr_cnt"  was declared but never referenced
  	uint8_t retr_cnt, dt;
../Src/main.c(85): warning:  #177-D: variable "dt"  was declared but never referenced
  	uint8_t retr_cnt, dt;
../Src/main.c: 5 warnings, 0 errors
compiling stm32f3xx_hal_msp.c...
compiling stm32f3xx_ll_usb.c...
compiling stm32f3xx_hal_spi.c...
compiling stm32f3xx_hal_spi_ex.c...
compiling stm32f3xx_hal.c...
compiling stm32f3xx_hal_rcc.c...
compiling stm32f3xx_hal_gpio.c...
compiling stm32f3xx_hal_rcc_ex.c...
compiling stm32f3xx_hal_dma.c...
compiling stm32f3xx_hal_cortex.c...
compiling stm32f3xx_hal_pwr_ex.c...
compiling stm32f3xx_hal_pwr.c...
compiling stm32f3xx_hal_flash.c...
compiling stm32f3xx_hal_flash_ex.c...
compiling stm32f3xx_hal_i2c.c...
compiling stm32f3xx_hal_i2c_ex.c...
compiling stm32f3xx_hal_exti.c...
compiling stm32f3xx_hal_tim.c...
compiling stm32f3xx_hal_tim_ex.c...
compiling stm32f3xx_hal_uart_ex.c...
compiling stm32f3xx_hal_uart.c...
compiling stm32f3xx_hal_pcd_ex.c...
compiling system_stm32f3xx.c...
compiling stm32f3xx_hal_pcd.c...
linking...
Program Size: Code=10952 RO-data=480 RW-data=24 ZI-data=2256  
FromELF: creating hex file...
"check_radio-display-with-term\check_radio-display-with-term.axf" - 0 Error(s), 9 Warning(s).

<h2>Software Packages used:</h2>

Package Vendor: ARM
                http://www.keil.com/pack/ARM.CMSIS.5.7.0.pack
                ARM.CMSIS.5.7.0
                CMSIS (Cortex Microcontroller Software Interface Standard)
   * Component: CORE Version: 5.4.0

Package Vendor: Keil
                http://www.keil.com/pack/Keil.STM32F3xx_DFP.2.1.0.pack
                Keil.STM32F3xx_DFP.2.1.0
                STMicroelectronics STM32F3 Series Device Support and Examples

<h2>Collection of Component include folders:</h2>
  .\RTE\_check_radio-display-with-term
  C:\Users\mikha\AppData\Local\Arm\Packs\ARM\CMSIS\5.7.0\CMSIS\Core\Include
  C:\Users\mikha\AppData\Local\Arm\Packs\Keil\STM32F3xx_DFP\2.1.0\Drivers\CMSIS\Device\ST\STM32F3xx\Include

<h2>Collection of Component Files used:</h2>

   * Component: ARM::CMSIS:CORE:5.4.0
Build Time Elapsed:  00:01:03
</pre>
</body>
</html>
